Component: ARM Compiler 5.06 update 7 (build 960) Tool: armlink [4d3601]

==============================================================================

Section Cross References

    startup_stm32f407xx.o(STACK) refers (Special) to heapauxi.o(.text) for __use_two_region_memory
    startup_stm32f407xx.o(HEAP) refers (Special) to heapauxi.o(.text) for __use_two_region_memory
    startup_stm32f407xx.o(RESET) refers (Special) to heapauxi.o(.text) for __use_two_region_memory
    startup_stm32f407xx.o(RESET) refers to startup_stm32f407xx.o(STACK) for __initial_sp
    startup_stm32f407xx.o(RESET) refers to startup_stm32f407xx.o(.text) for Reset_Handler
    startup_stm32f407xx.o(RESET) refers to stm32f4xx_it.o(i.NMI_Handler) for NMI_Handler
    startup_stm32f407xx.o(RESET) refers to stm32f4xx_it.o(i.HardFault_Handler) for HardFault_Handler
    startup_stm32f407xx.o(RESET) refers to stm32f4xx_it.o(i.MemManage_Handler) for MemManage_Handler
    startup_stm32f407xx.o(RESET) refers to stm32f4xx_it.o(i.BusFault_Handler) for BusFault_Handler
    startup_stm32f407xx.o(RESET) refers to stm32f4xx_it.o(i.UsageFault_Handler) for UsageFault_Handler
    startup_stm32f407xx.o(RESET) refers to port.o(.emb_text) for SVC_Handler
    startup_stm32f407xx.o(RESET) refers to stm32f4xx_it.o(i.DebugMon_Handler) for DebugMon_Handler
    startup_stm32f407xx.o(RESET) refers to delay.o(i.SysTick_Handler) for SysTick_Handler
    startup_stm32f407xx.o(RESET) refers to usmart_port.o(i.TIM4_IRQHandler) for TIM4_IRQHandler
    startup_stm32f407xx.o(RESET) refers to usart.o(i.USART1_IRQHandler) for USART1_IRQHandler
    startup_stm32f407xx.o(RESET) refers to ethernet.o(i.ETH_IRQHandler) for ETH_IRQHandler
    startup_stm32f407xx.o(.text) refers (Special) to heapauxi.o(.text) for __use_two_region_memory
    startup_stm32f407xx.o(.text) refers to system_stm32f4xx.o(i.SystemInit) for SystemInit
    startup_stm32f407xx.o(.text) refers to __main.o(!!!main) for __main
    startup_stm32f407xx.o(.text) refers to startup_stm32f407xx.o(HEAP) for Heap_Mem
    startup_stm32f407xx.o(.text) refers to startup_stm32f407xx.o(STACK) for Stack_Mem
    main.o(i.main) refers to stm32f4xx_hal.o(i.HAL_Init) for HAL_Init
    main.o(i.main) refers to sys.o(i.sys_stm32_clock_init) for sys_stm32_clock_init
    main.o(i.main) refers to delay.o(i.delay_init) for delay_init
    main.o(i.main) refers to usart.o(i.usart_init) for usart_init
    main.o(i.main) refers to led.o(i.led_init) for led_init
    main.o(i.main) refers to lcd.o(i.lcd_init) for lcd_init
    main.o(i.main) refers to key.o(i.key_init) for key_init
    main.o(i.main) refers to malloc.o(i.my_mem_init) for my_mem_init
    main.o(i.main) refers to freertos_demo.o(i.freertos_demo) for freertos_demo
    main.o(i.main) refers to usmart_config.o(.data) for usmart_dev
    system_stm32f4xx.o(i.SystemCoreClockUpdate) refers to system_stm32f4xx.o(.data) for SystemCoreClock
    system_stm32f4xx.o(i.SystemCoreClockUpdate) refers to system_stm32f4xx.o(.constdata) for AHBPrescTable
    freertos_demo.o(i.freertos_demo) refers to tasks.o(i.xTaskCreate) for xTaskCreate
    freertos_demo.o(i.freertos_demo) refers to tasks.o(i.vTaskStartScheduler) for vTaskStartScheduler
    freertos_demo.o(i.freertos_demo) refers to freertos_demo.o(.data) for StartTask_Handler
    freertos_demo.o(i.freertos_demo) refers to freertos_demo.o(i.start_task) for start_task
    freertos_demo.o(i.led_task) refers to stm32f4xx_hal_gpio.o(i.HAL_GPIO_TogglePin) for HAL_GPIO_TogglePin
    freertos_demo.o(i.led_task) refers to tasks.o(i.vTaskDelay) for vTaskDelay
    freertos_demo.o(i.lwip_demo_task) refers to lwip_demo.o(i.lwip_demo) for lwip_demo
    freertos_demo.o(i.lwip_demo_task) refers to tasks.o(i.vTaskDelay) for vTaskDelay
    freertos_demo.o(i.lwip_test_ui) refers to _printf_percent.o(.ARM.Collect$$_printf_percent$$00000000) for _printf_percent
    freertos_demo.o(i.lwip_test_ui) refers to _printf_d.o(.ARM.Collect$$_printf_percent$$00000009) for _printf_d
    freertos_demo.o(i.lwip_test_ui) refers to _printf_dec.o(.text) for _printf_int_dec
    freertos_demo.o(i.lwip_test_ui) refers to lcd.o(i.lcd_show_string) for lcd_show_string
    freertos_demo.o(i.lwip_test_ui) refers to noretval__2sprintf.o(.text) for __2sprintf
    freertos_demo.o(i.lwip_test_ui) refers to ethernet.o(i.ethernet_chip_get_speed) for ethernet_chip_get_speed
    freertos_demo.o(i.lwip_test_ui) refers to lcd.o(.bss) for lcddev
    freertos_demo.o(i.lwip_test_ui) refers to lwip_comm.o(.bss) for g_lwipdev
    freertos_demo.o(i.start_task) refers to freertos_demo.o(i.lwip_test_ui) for lwip_test_ui
    freertos_demo.o(i.start_task) refers to noretval__2printf.o(.text) for __2printf
    freertos_demo.o(i.start_task) refers to delay.o(i.delay_ms) for delay_ms
    freertos_demo.o(i.start_task) refers to stm32f4xx_hal_gpio.o(i.HAL_GPIO_TogglePin) for HAL_GPIO_TogglePin
    freertos_demo.o(i.start_task) refers to lwip_comm.o(i.lwip_comm_init) for lwip_comm_init
[...]
    _random_number_data                      0x2001d870   Data         228  rand.o(.bss)
    __libspace_start                         0x2001d954   Data          96  libspace.o(.bss)
    __temporary_stack_top$libspace           0x2001d9b4   Data           0  libspace.o(.bss)



==============================================================================

Memory Map of the image

  Image Entry point : 0x08000189

  Load Region LR_IROM1 (Base: 0x08000000, Size: 0x0001e888, Max: 0x00100000, ABSOLUTE, COMPRESSED[0x0001e5c8])

    Execution Region ER_IROM1 (Exec base: 0x08000000, Load base: 0x08000000, Size: 0x0001e524, Max: 0x00100000, ABSOLUTE)

    Exec Addr    Load Addr    Size         Type   Attr      Idx    E Section Name        Object

    0x08000000   0x08000000   0x00000188   Data   RO            3    RESET               startup_stm32f407xx.o
    0x08000188   0x08000188   0x00000008   Code   RO        10370  * !!!main             c_w.l(__main.o)
    0x08000190   0x08000190   0x00000034   Code   RO        10643    !!!scatter          c_w.l(__scatter.o)
    0x080001c4   0x080001c4   0x0000005a   Code   RO        10641    !!dczerorl2         c_w.l(__dczerorl2.o)
    0x0800021e   0x0800021e   0x00000002   PAD
    0x08000220   0x08000220   0x0000001c   Code   RO        10645    !!handler_zi        c_w.l(__scatter_zi.o)
    0x0800023c   0x0800023c   0x00000000   Code   RO        10340    .ARM.Collect$$_printf_percent$$00000000  c_w.l(_printf_percent.o)
    0x0800023c   0x0800023c   0x00000006   Code   RO        10338    .ARM.Collect$$_printf_percent$$00000009  c_w.l(_printf_d.o)
    0x08000242   0x08000242   0x00000006   Code   RO        10339    .ARM.Collect$$_printf_percent$$0000000A  c_w.l(_printf_u.o)
    0x08000248   0x08000248   0x00000006   Code   RO        10337    .ARM.Collect$$_printf_percent$$0000000C  c_w.l(_printf_x.o)
    0x0800024e   0x0800024e   0x00000006   Code   RO        10335    .ARM.Collect$$_printf_percent$$00000013  c_w.l(_printf_c.o)
    0x08000254   0x08000254   0x00000006   Code   RO        10336    .ARM.Collect$$_printf_percent$$00000014  c_w.l(_printf_s.o)
    0x0800025a   0x0800025a   0x00000004   Code   RO        10444    .ARM.Collect$$_printf_percent$$00000017  c_w.l(_printf_percent_end.o)
    0x0800025e   0x0800025e   0x00000002   Code   RO        10582    .ARM.Collect$$libinit$$00000000  c_w.l(libinit.o)
    0x08000260   0x08000260   0x00000004   Code   RO        10456    .ARM.Collect$$libinit$$00000001  c_w.l(libinit2.o)
    0x08000264   0x08000264   0x00000000   Code   RO        10459    .ARM.Collect$$libinit$$00000004  c_w.l(libinit2.o)
    0x08000264   0x08000264   0x00000008   Code   RO        10460    .ARM.Collect$$libinit$$00000005  c_w.l(libinit2.o)
    0x0800026c   0x0800026c   0x00000000   Code   RO        10462    .ARM.Collect$$libinit$$0000000A  c_w.l(libinit2.o)
    0x0800026c   0x0800026c   0x00000000   Code   RO        10464    .ARM.Collect$$libinit$$0000000C  c_w.l(libinit2.o)
    0x0800026c   0x0800026c   0x00000004   Code   RO        10465    .ARM.Collect$$libinit$$0000000D  c_w.l(libinit2.o)
    0x08000270   0x08000270   0x00000000   Code   RO        10466    .ARM.Collect$$libinit$$0000000E  c_w.l(libinit2.o)
    0x08000270   0x08000270   0x00000006   Code   RO        10467    .ARM.Collect$$libinit$$0000000F  c_w.l(libinit2.o)
    0x08000276   0x08000276   0x00000000   Code   RO        10469    .ARM.Collect$$libinit$$00000011  c_w.l(libinit2.o)
    0x08000276   0x08000276   0x0000000c   Code   RO        10470    .ARM.Collect$$libinit$$00000012  c_w.l(libinit2.o)
    0x08000282   0x08000282   0x00000000   Code   RO        10471    .ARM.Collect$$libinit$$00000013  c_w.l(libinit2.o)
    0x08000282   0x08000282   0x00000000   Code   RO        10473    .ARM.Collect$$libinit$$00000015  c_w.l(libinit2.o)
    0x08000282   0x08000282   0x00000000   Code   RO        10475    .ARM.Collect$$libinit$$00000017  c_w.l(libinit2.o)
    0x08000282   0x08000282   0x00000000   Code   RO        10477    .ARM.Collect$$libinit$$00000019  c_w.l(libinit2.o)
    0x08000282   0x08000282   0x00000000   Code   RO        10479    .ARM.Collect$$libinit$$0000001B  c_w.l(libinit2.o)
    0x08000282   0x08000282   0x00000000   Code   RO        10481    .ARM.Collect$$libinit$$0000001D  c_w.l(libinit2.o)
    0x08000282   0x08000282   0x00000000   Code   RO        10483    .ARM.Collect$$libinit$$0000001F  c_w.l(libinit2.o)
    0x08000282   0x08000282   0x00000000   Code   RO        10485    .ARM.Collect$$libinit$$00000021  c_w.l(libinit2.o)
    0x08000282   0x08000282   0x00000000   Code   RO        10487    .ARM.Collect$$libinit$$00000023  c_w.l(libinit2.o)
    0x08000282   0x08000282   0x00000000   Code   RO        10489    .ARM.Collect$$libinit$$00000025  c_w.l(libinit2.o)
    0x08000282   0x08000282   0x00000000   Code   RO        10493    .ARM.Collect$$libinit$$0000002C  c_w.l(libinit2.o)
    0x08000282   0x08000282   0x00000000   Code   RO        10495    .ARM.Collect$$libinit$$0000002E  c_w.l(libinit2.o)
    0x08000282   0x08000282   0x00000000   Code   RO        10497    .ARM.Collect$$libinit$$00000030  c_w.l(libinit2.o)
    0x08000282   0x08000282   0x00000000   Code   RO        10499    .ARM.Collect$$libinit$$00000032  c_w.l(libinit2.o)
    0x08000282   0x08000282   0x00000002   Code   RO        10500    .ARM.Collect$$libinit$$00000033  c_w.l(libinit2.o)
    0x08000284   0x08000284   0x00000002   Code   RO        10638    .ARM.Collect$$libshutdown$$00000000  c_w.l(libshutdown.o)
    0x08000286   0x08000286   0x00000000   Code   RO        10596    .ARM.Collect$$libshutdown$$00000002  c_w.l(libshutdown2.o)
    0x08000286   0x08000286   0x00000000   Code   RO        10598    .ARM.Collect$$libshutdown$$00000004  c_w.l(libshutdown2.o)
    0x08000286   0x08000286   0x00000000   Code   RO        10600    .ARM.Collect$$libshutdown$$00000006  c_w.l(libshutdown2.o)
    0x08000286   0x08000286   0x00000000   Code   RO        10603    .ARM.Collect$$libshutdown$$00000009  c_w.l(libshutdown2.o)
    0x08000286   0x08000286   0x00000000   Code   RO        10606    .ARM.Collect$$libshutdown$$0000000C  c_w.l(libshutdown2.o)
    0x08000286   0x08000286   0x00000000   Code   RO        10608    .ARM.Collect$$libshutdown$$0000000E  c_w.l(libshutdown2.o)
    0x08000286   0x08000286   0x00000000   Code   RO        10611    .ARM.Collect$$libshutdown$$00000011  c_w.l(libshutdown2.o)
    0x08000286   0x08000286   0x00000002   Code   RO        10612    .ARM.Collect$$libshutdown$$00000012  c_w.l(libshutdown2.o)
    0x08000288   0x08000288   0x00000000   Code   RO        10388    .ARM.Collect$$rtentry$$00000000  c_w.l(__rtentry.o)
    0x08000288   0x08000288   0x00000000   Code   RO        10510    .ARM.Collect$$rtentry$$00000002  c_w.l(__rtentry2.o)
    0x08000288   0x08000288   0x00000006   Code   RO        10522    .ARM.Collect$$rtentry$$00000004  c_w.l(__rtentry4.o)
    0x0800028e   0x0800028e   0x00000000   Code   RO        10512    .ARM.Collect$$rtentry$$00000009  c_w.l(__rtentry2.o)
    0x0800028e   0x0800028e   0x00000004   Code   RO        10513    .ARM.Collect$$rtentry$$0000000A  c_w.l(__rtentry2.o)
    0x08000292   0x08000292   0x00000000   Code   RO        10515    .ARM.Collect$$rtentry$$0000000C  c_w.l(__rtentry2.o)
    0x08000292   0x08000292   0x00000008   Code   RO        10516    .ARM.Collect$$rtentry$$0000000D  c_w.l(__rtentry2.o)
    0x0800029a   0x0800029a   0x00000002   Code   RO        10583    .ARM.Collect$$rtexit$$00000000  c_w.l(rtexit.o)
    0x0800029c   0x0800029c   0x00000000   Code   RO        10614    .ARM.Collect$$rtexit$$00000002  c_w.l(rtexit2.o)
    0x0800029c   0x0800029c   0x00000004   Code   RO        10615    .ARM.Collect$$rtexit$$00000003  c_w.l(rtexit2.o)
    0x080002a0   0x080002a0   0x00000006   Code   RO        10616    .ARM.Collect$$rtexit$$00000004  c_w.l(rtexit2.o)
    0x080002a6   0x080002a6   0x00000002   PAD
    0x080002a8   0x080002a8   0x000000be   Code   RO        10128    .emb_text           port.o
    0x08000366   0x08000366   0x00000002   PAD
    0x08000368   0x08000368   0x00000034   Code   RO        10343    .emb_text           c_w.l(rand.o)
    0x0800039c   0x0800039c   0x00000000   Code   RO        10528    .emb_text           c_w.l(maybetermalloc1.o)
    0x0800039c   0x0800039c   0x0000004c   Code   RO            4    .text               startup_stm32f407xx.o
    0x080003e8   0x080003e8   0x00000002   Code   RO        10216    .text               c_w.l(use_no_semi_2.o)
    0x080003ea   0x080003ea   0x00000002   PAD
    0x080003ec   0x080003ec   0x00000010   Code   RO        10218    .text               c_w.l(rt_ctype_table.o)
    0x080003fc   0x080003fc   0x0000005e   Code   RO        10222    .text               c_w.l(h1_alloc.o)
    0x0800045a   0x0800045a   0x000000ee   Code   RO        10276    .text               c_w.l(lludivv7m.o)
    0x08000548   0x08000548   0x00000018   Code   RO        10282    .text               c_w.l(noretval__2printf.o)
    0x08000560   0x08000560   0x00000028   Code   RO        10284    .text               c_w.l(noretval__2sprintf.o)
    0x08000588   0x08000588   0x0000004e   Code   RO        10288    .text               c_w.l(_printf_pad.o)
    0x080005d6   0x080005d6   0x00000052   Code   RO        10290    .text               c_w.l(_printf_str.o)
    0x08000628   0x08000628   0x00000078   Code   RO        10292    .text               c_w.l(_printf_dec.o)
    0x080006a0   0x080006a0   0x00000058   Code   RO        10297    .text               c_w.l(_printf_hex_int.o)
    0x080006f8   0x080006f8   0x00000188   Code   RO        10332    .text               c_w.l(__printf_flags_ss_wp.o)
    0x08000880   0x08000880   0x0000001a   Code   RO        10341    .text               c_w.l(atoi.o)
    0x0800089a   0x0800089a   0x00000002   PAD
    0x0800089c   0x0800089c   0x0000003c   Code   RO        10344    .text               c_w.l(rand.o)
    0x080008d8   0x080008d8   0x00000058   Code   RO        10348    .text               c_w.l(memcmp.o)
    0x08000930   0x08000930   0x0000008a   Code   RO        10356    .text               c_w.l(rt_memcpy_v6.o)
    0x080009ba   0x080009ba   0x00000010   Code   RO        10362    .text               c_w.l(aeabi_memset.o)
    0x080009ca   0x080009ca   0x00000044   Code   RO        10364    .text               c_w.l(rt_memclr.o)
    0x08000a0e   0x08000a0e   0x0000004e   Code   RO        10366    .text               c_w.l(rt_memclr_w.o)
    0x08000a5c   0x08000a5c   0x00000006   Code   RO        10368    .text               c_w.l(heapauxi.o)
    0x08000a62   0x08000a62   0x00000002   Code   RO        10384    .text               c_w.l(use_no_semi.o)
    0x08000a64   0x08000a64   0x00000008   Code   RO        10396    .text               c_w.l(rt_heap_descriptor_intlibspace.o)
    0x08000a6c   0x08000a6c   0x00000008   Code   RO        10401    .text               c_w.l(rt_locale_intlibspace.o)
    0x08000a74   0x08000a74   0x00000008   Code   RO        10406    .text               c_w.l(rt_errno_addr_intlibspace.o)
    0x08000a7c   0x08000a7c   0x00000004   Code   RO        10408    .text               c_w.l(hguard.o)
    0x08000a80   0x08000a80   0x0000008a   Code   RO        10410    .text               c_w.l(init_alloc.o)
    0x08000b0a   0x08000b0a   0x0000000e   Code   RO        10416    .text               c_w.l(h1_init.o)
    0x08000b18   0x08000b18   0x0000004e   Code   RO        10418    .text               c_w.l(h1_free.o)
    0x08000b66   0x08000b66   0x000000b2   Code   RO        10434    .text               c_w.l(_printf_intcommon.o)
    0x08000c18   0x08000c18   0x00000030   Code   RO        10436    .text               c_w.l(_printf_char_common.o)
    0x08000c48   0x08000c48   0x0000000a   Code   RO        10438    .text               c_w.l(_sputc.o)
    0x08000c52   0x08000c52   0x0000002c   Code   RO        10440    .text               c_w.l(_printf_char.o)
    0x08000c7e   0x08000c7e   0x00000002   PAD
    0x08000c80   0x08000c80   0x00000024   Code   RO        10442    .text               c_w.l(_printf_char_file.o)
    0x08000ca4   0x08000ca4   0x00000070   Code   RO        10445    .text               c_w.l(strtol.o)
    0x08000d14   0x08000d14   0x00000064   Code   RO        10450    .text               c_w.l(rt_memcpy_w.o)
    0x08000d78   0x08000d78   0x00000008   Code   RO        10506    .text               c_w.l(libspace.o)
    0x08000d80   0x08000d80   0x00000034   Code   RO        10530    .text               c_w.l(h1_extend.o)
    0x08000db4   0x08000db4   0x0000009e   Code   RO        10536    .text               c_w.l(_strtoul.o)
    0x08000e52   0x08000e52   0x00000008   Code   RO        10538    .text               c_w.l(ferror.o)
    0x08000e5a   0x08000e5a   0x0000000e   Code   RO        10542    .text               c_w.l(defsig_rtmem_outer.o)
    0x08000e68   0x08000e68   0x00000080   Code   RO        10546    .text               c_w.l(strcmpv7m.o)
    0x08000ee8   0x08000ee8   0x0000004a   Code   RO        10555    .text               c_w.l(sys_stackheap_outer.o)
    0x08000f32   0x08000f32   0x0000001c   Code   RO        10561    .text               c_w.l(_chval.o)
    0x08000f4e   0x08000f4e   0x00000012   Code   RO        10563    .text               c_w.l(exit.o)
    0x08000f60   0x08000f60   0x0000000a   Code   RO        10565    .text               c_w.l(defsig_exit.o)
    0x08000f6a   0x08000f6a   0x00000002   PAD
    0x08000f6c   0x08000f6c   0x00000050   Code   RO        10571    .text               c_w.l(defsig_rtmem_inner.o)
    0x08000fbc   0x08000fbc   0x00000032   Code   RO        10591    .text               c_w.l(defsig_general.o)
    0x08000fee   0x08000fee   0x00000062   Code   RO         8692    i.ArrayToHexString  lwip_demo.o
    0x08001050   0x08001050   0x00000004   Code   RO          283    i.BusFault_Handler  stm32f4xx_it.o
    0x08001054   0x08001054   0x00000002   Code   RO          284    i.DebugMon_Handler  stm32f4xx_it.o
    0x08001056   0x08001056   0x00000016   Code   RO         4259    i.ETH_DMAReceptionDisable  stm32f4xx_hal_eth.o
    0x0800106c   0x0800106c   0x00000016   Code   RO         4260    i.ETH_DMAReceptionEnable  stm32f4xx_hal_eth.o
    0x08001082   0x08001082   0x00000016   Code   RO         4261    i.ETH_DMATransmissionDisable  stm32f4xx_hal_eth.o
    0x08001098   0x08001098   0x00000016   Code   RO         4262    i.ETH_DMATransmissionEnable  stm32f4xx_hal_eth.o
    0x080010ae   0x080010ae   0x00000002   PAD
    0x080010b0   0x080010b0   0x00000028   Code   RO         4263    i.ETH_Delay         stm32f4xx_hal_eth.o
    0x080010d8   0x080010d8   0x00000038   Code   RO         4264    i.ETH_FlushTransmitFIFO  stm32f4xx_hal_eth.o
    0x08001110   0x08001110   0x00000030   Code   RO         4773    i.ETH_IRQHandler    ethernet.o
    0x08001140   0x08001140   0x00000034   Code   RO         4265    i.ETH_MACAddressConfig  stm32f4xx_hal_eth.o
    0x08001174   0x08001174   0x0000024c   Code   RO         4266    i.ETH_MACDMAConfig  stm32f4xx_hal_eth.o
    0x080013c0   0x080013c0   0x00000028   Code   RO         4267    i.ETH_MACReceptionDisable  stm32f4xx_hal_eth.o
    0x080013e8   0x080013e8   0x00000028   Code   RO         4268    i.ETH_MACReceptionEnable  stm32f4xx_hal_eth.o
    0x08001410   0x08001410   0x00000028   Code   RO         4269    i.ETH_MACTransmissionDisable  stm32f4xx_hal_eth.o
    0x08001438   0x08001438   0x00000028   Code   RO         4270    i.ETH_MACTransmissionEnable  stm32f4xx_hal_eth.o
    0x08001460   0x08001460   0x00000048   Code   RO         2700    i.FSMC_NORSRAM_Extended_Timing_Init  stm32f4xx_ll_fsmc.o
    0x080014a8   0x080014a8   0x0000005c   Code   RO         2701    i.FSMC_NORSRAM_Init  stm32f4xx_ll_fsmc.o
    0x08001504   0x08001504   0x00000044   Code   RO         2702    i.FSMC_NORSRAM_Timing_Init  stm32f4xx_ll_fsmc.o
    0x08001548   0x08001548   0x000000aa   Code   RO         1399    i.HAL_DMA_Abort     stm32f4xx_hal_dma.o
    0x080015f2   0x080015f2   0x00000028   Code   RO         1400    i.HAL_DMA_Abort_IT  stm32f4xx_hal_dma.o
    0x0800161a   0x0800161a   0x00000002   PAD
    0x0800161c   0x0800161c   0x00000028   Code   RO         1077    i.HAL_Delay         stm32f4xx_hal.o
    0x08001644   0x08001644   0x0000008c   Code   RO         4273    i.HAL_ETH_DMARxDescListInit  stm32f4xx_hal_eth.o
    0x080016d0   0x080016d0   0x00000084   Code   RO         4274    i.HAL_ETH_DMATxDescListInit  stm32f4xx_hal_eth.o
    0x08001754   0x08001754   0x000000b2   Code   RO         4277    i.HAL_ETH_GetReceivedFrame  stm32f4xx_hal_eth.o
    0x08001806   0x08001806   0x00000002   PAD
    0x08001808   0x08001808   0x000002a4   Code   RO         4281    i.HAL_ETH_Init      stm32f4xx_hal_eth.o
    0x08001aac   0x08001aac   0x000002a0   Code   RO         4774    i.HAL_ETH_MspInit   ethernet.o
    0x08001d4c   0x08001d4c   0x00000092   Code   RO         4284    i.HAL_ETH_ReadPHYRegister  stm32f4xx_hal_eth.o
    0x08001dde   0x08001dde   0x00000052   Code   RO         4286    i.HAL_ETH_Start     stm32f4xx_hal_eth.o
    0x08001e30   0x08001e30   0x00000052   Code   RO         4287    i.HAL_ETH_Stop      stm32f4xx_hal_eth.o
    0x08001e82   0x08001e82   0x0000013e   Code   RO         4288    i.HAL_ETH_TransmitFrame  stm32f4xx_hal_eth.o
    0x08001fc0   0x08001fc0   0x00000090   Code   RO         4290    i.HAL_ETH_WritePHYRegister  stm32f4xx_hal_eth.o
    0x08002050   0x08002050   0x00000204   Code   RO         1505    i.HAL_GPIO_Init     stm32f4xx_hal_gpio.o
    0x08002254   0x08002254   0x00000014   Code   RO         1508    i.HAL_GPIO_TogglePin  stm32f4xx_hal_gpio.o
    0x08002268   0x08002268   0x0000000c   Code   RO         1509    i.HAL_GPIO_WritePin  stm32f4xx_hal_gpio.o
    0x08002274   0x08002274   0x0000000c   Code   RO         1082    i.HAL_GetREVID      stm32f4xx_hal.o
    0x08002280   0x08002280   0x0000000c   Code   RO         1083    i.HAL_GetTick       stm32f4xx_hal.o
    0x0800228c   0x0800228c   0x00000018   Code   RO         1089    i.HAL_IncTick       stm32f4xx_hal.o
    0x080022a4   0x080022a4   0x00000030   Code   RO         1090    i.HAL_Init          stm32f4xx_hal.o
    0x080022d4   0x080022d4   0x0000004c   Code   RO         1091    i.HAL_InitTick      stm32f4xx_hal.o
    0x08002320   0x08002320   0x00000002   Code   RO         1093    i.HAL_MspInit       stm32f4xx_hal.o
    0x08002322   0x08002322   0x00000020   Code   RO         1261    i.HAL_NVIC_EnableIRQ  stm32f4xx_hal_cortex.o
    0x08002342   0x08002342   0x0000007c   Code   RO         1267    i.HAL_NVIC_SetPriority  stm32f4xx_hal_cortex.o
    0x080023be   0x080023be   0x00000002   PAD
    0x080023c0   0x080023c0   0x00000028   Code   RO         1268    i.HAL_NVIC_SetPriorityGrouping  stm32f4xx_hal_cortex.o
    0x080023e8   0x080023e8   0x00000184   Code   RO         1569    i.HAL_RCC_ClockConfig  stm32f4xx_hal_rcc.o
    0x0800256c   0x0800256c   0x0000000c   Code   RO         1574    i.HAL_RCC_GetHCLKFreq  stm32f4xx_hal_rcc.o
    0x08002578   0x08002578   0x00000020   Code   RO         1576    i.HAL_RCC_GetPCLK1Freq  stm32f4xx_hal_rcc.o
    0x08002598   0x08002598   0x00000020   Code   RO         1577    i.HAL_RCC_GetPCLK2Freq  stm32f4xx_hal_rcc.o
    0x080025b8   0x080025b8   0x000000b0   Code   RO         1578    i.HAL_RCC_GetSysClockFreq  stm32f4xx_hal_rcc.o
    0x08002668   0x08002668   0x0000049c   Code   RO         1581    i.HAL_RCC_OscConfig  stm32f4xx_hal_rcc.o
    0x08002b04   0x08002b04   0x00000058   Code   RO         2576    i.HAL_SRAM_Init     stm32f4xx_hal_sram.o
    0x08002b5c   0x08002b5c   0x000000a4   Code   RO         4481    i.HAL_SRAM_MspInit  lcd.o
    0x08002c00   0x08002c00   0x00000028   Code   RO         1270    i.HAL_SYSTICK_CLKSourceConfig  stm32f4xx_hal_cortex.o
    0x08002c28   0x08002c28   0x00000034   Code   RO         1272    i.HAL_SYSTICK_Config  stm32f4xx_hal_cortex.o
    0x08002c5c   0x08002c5c   0x00000066   Code   RO         3087    i.HAL_TIM_Base_Init  stm32f4xx_hal_tim.o
    0x08002cc2   0x08002cc2   0x00000002   Code   RO         3089    i.HAL_TIM_Base_MspInit  stm32f4xx_hal_tim.o
    0x08002cc4   0x08002cc4   0x000000a8   Code   RO         3092    i.HAL_TIM_Base_Start_IT  stm32f4xx_hal_tim.o
    0x08002d6c   0x08002d6c   0x00000002   Code   RO         2175    i.HAL_UARTEx_RxEventCallback  stm32f4xx_hal_uart.o
    0x08002d6e   0x08002d6e   0x00000002   Code   RO         2189    i.HAL_UART_ErrorCallback  stm32f4xx_hal_uart.o
    0x08002d70   0x08002d70   0x00000250   Code   RO         2192    i.HAL_UART_IRQHandler  stm32f4xx_hal_uart.o
    0x08002fc0   0x08002fc0   0x00000072   Code   RO         2193    i.HAL_UART_Init     stm32f4xx_hal_uart.o
    0x08003032   0x08003032   0x00000002   PAD
    0x08003034   0x08003034   0x000000c8   Code   RO          993    i.HAL_UART_MspInit  usart.o
    0x080030fc   0x080030fc   0x00000042   Code   RO         2198    i.HAL_UART_Receive_IT  stm32f4xx_hal_uart.o
    0x0800313e   0x0800313e   0x00000002   PAD
    0x08003140   0x08003140   0x0000009c   Code   RO          994    i.HAL_UART_RxCpltCallback  usart.o
    0x080031dc   0x080031dc   0x00000002   Code   RO         2204    i.HAL_UART_TxCpltCallback  stm32f4xx_hal_uart.o
    0x080031de   0x080031de   0x00000004   Code   RO          285    i.HardFault_Handler  stm32f4xx_it.o
    0x080031e2   0x080031e2   0x00000004   Code   RO          286    i.MemManage_Handler  stm32f4xx_it.o
    0x080031e6   0x080031e6   0x00000002   Code   RO          287    i.NMI_Handler       stm32f4xx_it.o
    0x080031e8   0x080031e8   0x00000014   Code   RO          849    i.SysTick_Handler   delay.o
    0x080031fc   0x080031fc   0x00000014   Code   RO          493    i.SystemInit        system_stm32f4xx.o
    0x08003210   0x08003210   0x00000044   Code   RO         4923    i.TIM4_IRQHandler   usmart_port.o
    0x08003254   0x08003254   0x000000d8   Code   RO         3180    i.TIM_Base_SetConfig  stm32f4xx_hal_tim.o
    0x0800332c   0x0800332c   0x00000014   Code   RO         2206    i.UART_DMAAbortOnError  stm32f4xx_hal_uart.o
    0x08003340   0x08003340   0x00000036   Code   RO         2216    i.UART_EndRxTransfer  stm32f4xx_hal_uart.o
    0x08003376   0x08003376   0x00000020   Code   RO         2217    i.UART_EndTransmit_IT  stm32f4xx_hal_uart.o
    0x08003396   0x08003396   0x000000be   Code   RO         2219    i.UART_Receive_IT   stm32f4xx_hal_uart.o
    0x08003454   0x08003454   0x0000022c   Code   RO         2220    i.UART_SetConfig    stm32f4xx_hal_uart.o
    0x08003680   0x08003680   0x00000046   Code   RO         2222    i.UART_Start_Receive_IT  stm32f4xx_hal_uart.o
    0x080036c6   0x080036c6   0x00000060   Code   RO         2223    i.UART_Transmit_IT  stm32f4xx_hal_uart.o
    0x08003726   0x08003726   0x00000002   PAD
    0x08003728   0x08003728   0x00000010   Code   RO          995    i.USART1_IRQHandler  usart.o
    0x08003738   0x08003738   0x00000004   Code   RO          288    i.UsageFault_Handler  stm32f4xx_it.o
    0x0800373c   0x0800373c   0x00000010   Code   RO         1274    i.__NVIC_GetPriorityGrouping  stm32f4xx_hal_cortex.o
    0x0800374c   0x0800374c   0x00000028   Code   RO         1275    i.__NVIC_SetPriority  stm32f4xx_hal_cortex.o
    0x08003774   0x08003774   0x0000000e   Code   RO        10325    i._is_digit         c_w.l(__printf_wp.o)
    0x08003782   0x08003782   0x00000004   Code   RO          997    i._sys_exit         usart.o
    0x08003786   0x08003786   0x00000004   Code   RO          998    i._ttywrch          usart.o
    0x0800378a   0x0800378a   0x00000002   PAD
    0x0800378c   0x0800378c   0x0000011c   Code   RO         5862    i.alloc_socket      sockets.o
    0x080038a8   0x080038a8   0x00000038   Code   RO          850    i.delay_init        delay.o
    0x080038e0   0x080038e0   0x00000018   Code   RO          851    i.delay_ms          delay.o
    0x080038f8   0x080038f8   0x00000048   Code   RO          852    i.delay_us          delay.o
    0x08003940   0x08003940   0x000000b4   Code   RO         6630    i.do_memp_free_pool  memp.o
    0x080039f4   0x080039f4   0x000000c4   Code   RO         6631    i.do_memp_malloc_pool  memp.o
    0x08003ab8   0x08003ab8   0x00000200   Code   RO         5487    i.err_tcp           api_msg.o
    0x08003cb8   0x08003cb8   0x00000020   Code   RO         5701    i.err_to_errno      err.o
    0x08003cd8   0x08003cd8   0x00000038   Code   RO         7877    i.etharp_cleanup_netif  etharp.o
    0x08003d10   0x08003d10   0x00000310   Code   RO         7879    i.etharp_find_entry  etharp.o
    0x08004020   0x08004020   0x00000078   Code   RO         7880    i.etharp_free_entry  etharp.o
    0x08004098   0x08004098   0x000000ec   Code   RO         7882    i.etharp_input      etharp.o
    0x08004184   0x08004184   0x00000218   Code   RO         7883    i.etharp_output     etharp.o
    0x0800439c   0x0800439c   0x00000160   Code   RO         7884    i.etharp_output_to_arp_index  etharp.o
    0x080044fc   0x080044fc   0x000002e0   Code   RO         7885    i.etharp_query      etharp.o
    0x080047dc   0x080047dc   0x00000188   Code   RO         7886    i.etharp_raw        etharp.o
    0x08004964   0x08004964   0x0000001c   Code   RO         7887    i.etharp_request    etharp.o
    0x08004980   0x08004980   0x0000002c   Code   RO         7888    i.etharp_request_dst  etharp.o
    0x080049ac   0x080049ac   0x000000e4   Code   RO         7889    i.etharp_tmr        etharp.o
    0x08004a90   0x08004a90   0x00000160   Code   RO         7890    i.etharp_update_arp_entry  etharp.o
    0x08004bf0   0x08004bf0   0x00000010   Code   RO         4775    i.ethernet_chip_get_speed  ethernet.o
    0x08004c00   0x08004c00   0x00000024   Code   RO         4776    i.ethernet_get_eth_rx_size  ethernet.o
    0x08004c24   0x08004c24   0x00000078   Code   RO         4777    i.ethernet_init     ethernet.o
    0x08004c9c   0x08004c9c   0x000000d8   Code   RO         8308    i.ethernet_input    ethernet_1.o
    0x08004d74   0x08004d74   0x00000054   Code   RO         4779    i.ethernet_mem_malloc  ethernet.o
    0x08004dc8   0x08004dc8   0x00000100   Code   RO         8309    i.ethernet_output   ethernet_1.o
    0x08004ec8   0x08004ec8   0x00000018   Code   RO         4780    i.ethernet_read_phy  ethernet.o
    0x08004ee0   0x08004ee0   0x000000c4   Code   RO         8335    i.ethernetif_init   ethernetif.o
    0x08004fa4   0x08004fa4   0x00000064   Code   RO         8336    i.ethernetif_input  ethernetif.o
    0x08005008   0x08005008   0x0000016c   Code   RO         5863    i.event_callback    sockets.o
    0x08005174   0x08005174   0x0000001c   Code   RO          999    i.fputc             usart.o
    0x08005190   0x08005190   0x00000030   Code   RO          529    i.freertos_demo     freertos_demo.o
    0x080051c0   0x080051c0   0x00000030   Code   RO         5867    i.get_socket        sockets.o
    0x080051f0   0x080051f0   0x00000012   Code   RO         7974    i.icmp_dest_unreach  icmp.o
    0x08005202   0x08005202   0x00000002   PAD
    0x08005204   0x08005204   0x000002bc   Code   RO         7975    i.icmp_input        icmp.o
    0x080054c0   0x080054c0   0x0000013c   Code   RO         7976    i.icmp_send_response  icmp.o
    0x080055fc   0x080055fc   0x00000012   Code   RO         7977    i.icmp_time_exceeded  icmp.o
    0x0800560e   0x0800560e   0x0000002a   Code   RO         8006    i.igmp_delaying_member  igmp.o
    0x08005638   0x08005638   0x00000024   Code   RO         8007    i.igmp_init         igmp.o
    0x0800565c   0x0800565c   0x0000011c   Code   RO         8008    i.igmp_input        igmp.o
    0x08005778   0x08005778   0x0000003c   Code   RO         8009    i.igmp_ip_output_if  igmp.o
    0x080057b4   0x080057b4   0x000000f4   Code   RO         8010    i.igmp_joingroup    igmp.o
    0x080058a8   0x080058a8   0x0000017c   Code   RO         8011    i.igmp_joingroup_netif  igmp.o
    0x08005a24   0x08005a24   0x000000f8   Code   RO         8012    i.igmp_leavegroup   igmp.o
    0x08005b1c   0x08005b1c   0x0000018c   Code   RO         8013    i.igmp_leavegroup_netif  igmp.o
    0x08005ca8   0x08005ca8   0x00000020   Code   RO         8014    i.igmp_lookfor_group  igmp.o
    0x08005cc8   0x08005cc8   0x00000140   Code   RO         8015    i.igmp_lookup_group  igmp.o
    0x08005e08   0x08005e08   0x00000028   Code   RO         8016    i.igmp_remove_group  igmp.o
    0x08005e30   0x08005e30   0x00000020   Code   RO         8017    i.igmp_report_groups  igmp.o
    0x08005e50   0x08005e50   0x00000138   Code   RO         8018    i.igmp_send         igmp.o
    0x08005f88   0x08005f88   0x00000048   Code   RO         8019    i.igmp_start        igmp.o
    0x08005fd0   0x08005fd0   0x00000026   Code   RO         8020    i.igmp_start_timer  igmp.o
    0x08005ff6   0x08005ff6   0x00000002   PAD
    0x08005ff8   0x08005ff8   0x00000038   Code   RO         8022    i.igmp_timeout      igmp.o
    0x08006030   0x08006030   0x00000038   Code   RO         8023    i.igmp_tmr          igmp.o
    0x08006068   0x08006068   0x00000014   Code   RO         6415    i.inet_chksum       inet_chksum.o
    0x0800607c   0x0800607c   0x00000056   Code   RO         6416    i.inet_chksum_pbuf  inet_chksum.o
    0x080060d2   0x080060d2   0x0000004e   Code   RO         8183    i.ip4_addr_isbroadcast_u32  ip4_addr.o
    0x08006120   0x08006120   0x000002b8   Code   RO         8239    i.ip4_frag          ip4_frag.o
    0x080063d8   0x080063d8   0x00000218   Code   RO         8122    i.ip4_input         ip4.o
    0x080065f0   0x080065f0   0x0000003c   Code   RO         8123    i.ip4_input_accept  ip4.o
    0x0800662c   0x0800662c   0x00000034   Code   RO         8125    i.ip4_output_if     ip4.o
    0x08006660   0x08006660   0x00000044   Code   RO         8126    i.ip4_output_if_opt  ip4.o
    0x080066a4   0x080066a4   0x00000200   Code   RO         8127    i.ip4_output_if_opt_src  ip4.o
    0x080068a4   0x080068a4   0x00000034   Code   RO         8128    i.ip4_output_if_src  ip4.o
    0x080068d8   0x080068d8   0x00000308   Code   RO         8240    i.ip4_reass         ip4_frag.o
    0x08006be0   0x08006be0   0x000000b4   Code   RO         8129    i.ip4_route         ip4.o
    0x08006c94   0x08006c94   0x00000210   Code   RO         8185    i.ip4addr_aton      ip4_addr.o
    0x08006ea4   0x08006ea4   0x00000014   Code   RO         8186    i.ip4addr_ntoa      ip4_addr.o
    0x08006eb8   0x08006eb8   0x000000a8   Code   RO         8187    i.ip4addr_ntoa_r    ip4_addr.o
    0x08006f60   0x08006f60   0x0000000a   Code   RO         8241    i.ip_frag_alloc_pbuf_custom_ref  ip4_frag.o
    0x08006f6a   0x08006f6a   0x00000002   PAD
    0x08006f6c   0x08006f6c   0x0000008c   Code   RO         8242    i.ip_frag_free_pbuf_custom_ref  ip4_frag.o
    0x08006ff8   0x08006ff8   0x000002f4   Code   RO         8243    i.ip_reass_chain_frag_into_datagram_and_validate  ip4_frag.o
    0x080072ec   0x080072ec   0x000000b8   Code   RO         8244    i.ip_reass_dequeue_datagram  ip4_frag.o
    0x080073a4   0x080073a4   0x00000058   Code   RO         8245    i.ip_reass_enqueue_new_datagram  ip4_frag.o
    0x080073fc   0x080073fc   0x000001d4   Code   RO         8246    i.ip_reass_free_complete_datagram  ip4_frag.o
    0x080075d0   0x080075d0   0x00000088   Code   RO         8247    i.ip_reass_remove_oldest_datagram  ip4_frag.o
    0x08007658   0x08007658   0x0000003c   Code   RO         8248    i.ip_reass_tmr      ip4_frag.o
    0x08007694   0x08007694   0x00000018   Code   RO         8188    i.ipaddr_addr       ip4_addr.o
    0x080076ac   0x080076ac   0x000000bc   Code   RO         8249    i.ipfrag_free_pbuf_custom  ip4_frag.o
    0x08007768   0x08007768   0x000000c0   Code   RO         4742    i.key_init          key.o
    0x08007828   0x08007828   0x00000034   Code   RO         4482    i.lcd_clear         lcd.o
    0x0800785c   0x0800785c   0x0000016c   Code   RO         4484    i.lcd_display_dir   lcd.o
    0x080079c8   0x080079c8   0x0000022c   Code   RO         4492    i.lcd_ex_ili9341_reginit  lcd.o
    0x08007bf4   0x08007bf4   0x00000340   Code   RO         4493    i.lcd_ex_ili9806_reginit  lcd.o
    0x08007f34   0x08007f34   0x00000ef2   Code   RO         4494    i.lcd_ex_nt35310_reginit  lcd.o
    0x08008e26   0x08008e26   0x00000efc   Code   RO         4495    i.lcd_ex_nt35510_reginit  lcd.o
    0x08009d22   0x08009d22   0x0000016e   Code   RO         4496    i.lcd_ex_ssd1963_reginit  lcd.o
    0x08009e90   0x08009e90   0x000001a8   Code   RO         4497    i.lcd_ex_st7789_reginit  lcd.o
    0x0800a038   0x0800a038   0x000001c6   Code   RO         4498    i.lcd_ex_st7796_reginit  lcd.o
    0x0800a1fe   0x0800a1fe   0x00000002   PAD
    0x0800a200   0x0800a200   0x0000050c   Code   RO         4501    i.lcd_init          lcd.o
    0x0800a70c   0x0800a70c   0x0000000c   Code   RO         4502    i.lcd_opt_delay     lcd.o
    0x0800a718   0x0800a718   0x00000018   Code   RO         4504    i.lcd_rd_data       lcd.o
    0x0800a730   0x0800a730   0x0000023c   Code   RO         4506    i.lcd_scan_dir      lcd.o
    0x0800a96c   0x0800a96c   0x00000120   Code   RO         4507    i.lcd_set_cursor    lcd.o
    0x0800aa8c   0x0800aa8c   0x00000038   Code   RO         4511    i.lcd_show_string   lcd.o
    0x0800aac4   0x0800aac4   0x00000060   Code   RO         4513    i.lcd_ssd_backlight_set  lcd.o
    0x0800ab24   0x0800ab24   0x00000018   Code   RO         4514    i.lcd_wr_data       lcd.o
    0x0800ab3c   0x0800ab3c   0x00000018   Code   RO         4515    i.lcd_wr_regno      lcd.o
    0x0800ab54   0x0800ab54   0x00000014   Code   RO         4516    i.lcd_write_ram_prepare  lcd.o
    0x0800ab68   0x0800ab68   0x00000010   Code   RO         4517    i.lcd_write_reg     lcd.o
    0x0800ab78   0x0800ab78   0x00000094   Code   RO         4457    i.led_init          led.o
    0x0800ac0c   0x0800ac0c   0x0000001c   Code   RO          530    i.led_task          freertos_demo.o
    0x0800ac28   0x0800ac28   0x000000bc   Code   RO         8337    i.low_level_init    ethernetif.o
    0x0800ace4   0x0800ace4   0x000000fc   Code   RO         8338    i.low_level_input   ethernetif.o
    0x0800ade0   0x0800ade0   0x000000e8   Code   RO         8339    i.low_level_output  ethernetif.o
    0x0800aec8   0x0800aec8   0x000000e0   Code   RO         5869    i.lwip_bind         sockets.o
    0x0800afa8   0x0800afa8   0x0000005c   Code   RO         8415    i.lwip_comm_default_ip_set  lwip_comm.o
    0x0800b004   0x0800b004   0x00000540   Code   RO         8416    i.lwip_comm_init    lwip_comm.o
    0x0800b544   0x0800b544   0x00000050   Code   RO         7668    i.lwip_cyclic_timer  timeouts.o
    0x0800b594   0x0800b594   0x000001ec   Code   RO         8693    i.lwip_demo         lwip_demo.o
    0x0800b780   0x0800b780   0x00000010   Code   RO          531    i.lwip_demo_task    freertos_demo.o
    0x0800b790   0x0800b790   0x0000001a   Code   RO         6367    i.lwip_htonl        def.o
    0x0800b7aa   0x0800b7aa   0x0000000c   Code   RO         6368    i.lwip_htons        def.o
    0x0800b7b6   0x0800b7b6   0x00000002   PAD
    0x0800b7b8   0x0800b7b8   0x0000009c   Code   RO         6476    i.lwip_init         init.o
    0x0800b854   0x0800b854   0x0000006c   Code   RO         8417    i.lwip_link_status_updated  lwip_comm.o
    0x0800b8c0   0x0800b8c0   0x00000074   Code   RO         8418    i.lwip_link_thread  lwip_comm.o
    0x0800b934   0x0800b934   0x0000004c   Code   RO         5488    i.lwip_netconn_do_bind  api_msg.o
    0x0800b980   0x0800b980   0x00000154   Code   RO         5490    i.lwip_netconn_do_close  api_msg.o
    0x0800bad4   0x0800bad4   0x00000354   Code   RO         5491    i.lwip_netconn_do_close_internal  api_msg.o
    0x0800be28   0x0800be28   0x00000214   Code   RO         5494    i.lwip_netconn_do_delconn  api_msg.o
    0x0800c03c   0x0800c03c   0x0000012c   Code   RO         5496    i.lwip_netconn_do_getaddr  api_msg.o
    0x0800c168   0x0800c168   0x00000018   Code   RO         5500    i.lwip_netconn_do_newconn  api_msg.o
    0x0800c180   0x0800c180   0x00000048   Code   RO         5501    i.lwip_netconn_do_recv  api_msg.o
    0x0800c1c8   0x0800c1c8   0x00000064   Code   RO         5502    i.lwip_netconn_do_send  api_msg.o
    0x0800c22c   0x0800c22c   0x00000174   Code   RO         5503    i.lwip_netconn_do_write  api_msg.o
    0x0800c3a0   0x0800c3a0   0x00000418   Code   RO         5504    i.lwip_netconn_do_writemore  api_msg.o
    0x0800c7b8   0x0800c7b8   0x000000ac   Code   RO         5505    i.lwip_netconn_err_to_msg  api_msg.o
    0x0800c864   0x0800c864   0x000000b8   Code   RO         5506    i.lwip_netconn_is_err_msg  api_msg.o
    0x0800c91c   0x0800c91c   0x00000030   Code   RO         8419    i.lwip_pkt_handle   lwip_comm.o
    0x0800c94c   0x0800c94c   0x00000048   Code   RO         5884    i.lwip_poll_should_wake  sockets.o
    0x0800c994   0x0800c994   0x00000288   Code   RO         5889    i.lwip_recv_tcp     sockets.o
    0x0800cc1c   0x0800cc1c   0x00000050   Code   RO         5890    i.lwip_recv_tcp_from  sockets.o
    0x0800cc6c   0x0800cc6c   0x00000110   Code   RO         5891    i.lwip_recvfrom     sockets.o
    0x0800cd7c   0x0800cd7c   0x000001cc   Code   RO         5892    i.lwip_recvfrom_udp_raw  sockets.o
    0x0800cf48   0x0800cf48   0x000000a8   Code   RO         5896    i.lwip_send         sockets.o
    0x0800cff0   0x0800cff0   0x00000038   Code   RO         8694    i.lwip_send_thread  lwip_demo.o
    0x0800d028   0x0800d028   0x00000148   Code   RO         5898    i.lwip_sendto       sockets.o
    0x0800d170   0x0800d170   0x00000080   Code   RO         5899    i.lwip_setsockopt   sockets.o
    0x0800d1f0   0x0800d1f0   0x00000508   Code   RO         5900    i.lwip_setsockopt_impl  sockets.o
    0x0800d6f8   0x0800d6f8   0x00000138   Code   RO         5902    i.lwip_sock_make_addr  sockets.o
    0x0800d830   0x0800d830   0x000000c0   Code   RO         5903    i.lwip_socket       sockets.o
    0x0800d8f0   0x0800d8f0   0x00000060   Code   RO         5906    i.lwip_socket_register_membership  sockets.o
    0x0800d950   0x0800d950   0x00000080   Code   RO         5909    i.lwip_socket_unregister_membership  sockets.o
    0x0800d9d0   0x0800d9d0   0x000000a0   Code   RO         5910    i.lwip_sockopt_to_ipopt  sockets.o
    0x0800da70   0x0800da70   0x0000005e   Code   RO         6423    i.lwip_standard_chksum  inet_chksum.o
    0x0800dace   0x0800dace   0x00000002   PAD
    0x0800dad0   0x0800dad0   0x000001bc   Code   RO          532    i.lwip_test_ui      freertos_demo.o
    0x0800dc8c   0x0800dc8c   0x00000050   Code   RO           13    i.main              main.o
    0x0800dcdc   0x0800dcdc   0x0000021c   Code   RO         6558    i.mem_free          mem.o
    0x0800def8   0x0800def8   0x000000ec   Code   RO         6559    i.mem_init          mem.o
    0x0800dfe4   0x0800dfe4   0x00000058   Code   RO         6560    i.mem_link_valid    mem.o
    0x0800e03c   0x0800e03c   0x000002b8   Code   RO         6561    i.mem_malloc        mem.o
    0x0800e2f4   0x0800e2f4   0x00000010   Code   RO         6562    i.mem_to_ptr        mem.o
    0x0800e304   0x0800e304   0x0000024c   Code   RO         6563    i.mem_trim          mem.o
    0x0800e550   0x0800e550   0x00000050   Code   RO         6632    i.memp_free         memp.o
    0x0800e5a0   0x0800e5a0   0x00000020   Code   RO         6634    i.memp_init         memp.o
    0x0800e5c0   0x0800e5c0   0x0000002c   Code   RO         6635    i.memp_init_pool    memp.o
    0x0800e5ec   0x0800e5ec   0x00000050   Code   RO         6636    i.memp_malloc       memp.o
    0x0800e63c   0x0800e63c   0x0000006c   Code   RO         5084    i.my_mem_free       malloc.o
    0x0800e6a8   0x0800e6a8   0x00000030   Code   RO         5085    i.my_mem_init       malloc.o
    0x0800e6d8   0x0800e6d8   0x000000a8   Code   RO         5086    i.my_mem_malloc     malloc.o
    0x0800e780   0x0800e780   0x00000040   Code   RO         5087    i.my_mem_perused    malloc.o
    0x0800e7c0   0x0800e7c0   0x00000014   Code   RO         5088    i.my_mem_set        malloc.o
    0x0800e7d4   0x0800e7d4   0x00000024   Code   RO         5089    i.myfree            malloc.o
    0x0800e7f8   0x0800e7f8   0x00000028   Code   RO         5090    i.mymalloc          malloc.o
    0x0800e820   0x0800e820   0x00000020   Code   RO         5780    i.netbuf_delete     netbuf.o
    0x0800e840   0x0800e840   0x00000048   Code   RO         5782    i.netbuf_free       netbuf.o
    0x0800e888   0x0800e888   0x0000006c   Code   RO         5785    i.netbuf_ref        netbuf.o
    0x0800e8f4   0x0800e8f4   0x00000118   Code   RO         5507    i.netconn_alloc     api_msg.o
    0x0800ea0c   0x0800ea0c   0x00000026   Code   RO         5163    i.netconn_apimsg    api_lib.o
    0x0800ea32   0x0800ea32   0x00000002   PAD
    0x0800ea34   0x0800ea34   0x00000060   Code   RO         5164    i.netconn_bind      api_lib.o
    0x0800ea94   0x0800ea94   0x0000005c   Code   RO         5167    i.netconn_close_shutdown  api_lib.o
    0x0800eaf0   0x0800eaf0   0x0000001e   Code   RO         5169    i.netconn_delete    api_lib.o
    0x0800eb0e   0x0800eb0e   0x000000a2   Code   RO         5508    i.netconn_drain     api_msg.o
    0x0800ebb0   0x0800ebb0   0x00000022   Code   RO         5171    i.netconn_err       api_lib.o
    0x0800ebd2   0x0800ebd2   0x00000002   PAD
    0x0800ebd4   0x0800ebd4   0x0000017c   Code   RO         5509    i.netconn_free      api_msg.o
    0x0800ed50   0x0800ed50   0x000000d0   Code   RO         5172    i.netconn_getaddr   api_lib.o
    0x0800ee20   0x0800ee20   0x000001a0   Code   RO         5176    i.netconn_new_with_proto_and_callback  api_lib.o
    0x0800efc0   0x0800efc0   0x00000030   Code   RO         5177    i.netconn_prepare_delete  api_lib.o
    0x0800eff0   0x0800eff0   0x000001d0   Code   RO         5179    i.netconn_recv_data  api_lib.o
    0x0800f1c0   0x0800f1c0   0x000000c6   Code   RO         5180    i.netconn_recv_data_tcp  api_lib.o
    0x0800f286   0x0800f286   0x00000002   PAD
    0x0800f288   0x0800f288   0x00000058   Code   RO         5182    i.netconn_recv_tcp_pbuf_flags  api_lib.o
    0x0800f2e0   0x0800f2e0   0x00000060   Code   RO         5184    i.netconn_recv_udp_raw_netbuf_flags  api_lib.o
    0x0800f340   0x0800f340   0x00000058   Code   RO         5185    i.netconn_send      api_lib.o
    0x0800f398   0x0800f398   0x00000060   Code   RO         5188    i.netconn_tcp_recvd  api_lib.o
    0x0800f3f8   0x0800f3f8   0x00000060   Code   RO         5189    i.netconn_tcp_recvd_msg  api_lib.o
    0x0800f458   0x0800f458   0x00000028   Code   RO         5190    i.netconn_write_partly  api_lib.o
    0x0800f480   0x0800f480   0x000001c8   Code   RO         5191    i.netconn_write_vectors_partly  api_lib.o
    0x0800f648   0x0800f648   0x00000244   Code   RO         6728    i.netif_add         netif.o
    0x0800f88c   0x0800f88c   0x00000018   Code   RO         6730    i.netif_do_ip_addr_changed  netif.o
    0x0800f8a4   0x0800f8a4   0x0000002a   Code   RO         6731    i.netif_do_set_gw   netif.o
    0x0800f8ce   0x0800f8ce   0x00000002   PAD
    0x0800f8d0   0x0800f8d0   0x000000d8   Code   RO         6732    i.netif_do_set_ipaddr  netif.o
    0x0800f9a8   0x0800f9a8   0x0000002a   Code   RO         6733    i.netif_do_set_netmask  netif.o
    0x0800f9d2   0x0800f9d2   0x00000002   PAD
    0x0800f9d4   0x0800f9d4   0x0000005c   Code   RO         6734    i.netif_find        netif.o
    0x0800fa30   0x0800fa30   0x00000028   Code   RO         6735    i.netif_get_by_index  netif.o
    0x0800fa58   0x0800fa58   0x00000002   Code   RO         6737    i.netif_init        netif.o
    0x0800fa5a   0x0800fa5a   0x00000002   PAD
    0x0800fa5c   0x0800fa5c   0x000000dc   Code   RO         6739    i.netif_issue_reports  netif.o
    0x0800fb38   0x0800fb38   0x00000008   Code   RO         6741    i.netif_null_output_ip4  netif.o
    0x0800fb40   0x0800fb40   0x00000060   Code   RO         6743    i.netif_set_addr    netif.o
    0x0800fba0   0x0800fba0   0x00000010   Code   RO         6744    i.netif_set_default  netif.o
    0x0800fbb0   0x0800fbb0   0x00000064   Code   RO         6745    i.netif_set_down    netif.o
    0x0800fc14   0x0800fc14   0x00000006   Code   RO         6748    i.netif_set_link_callback  netif.o
    0x0800fc1a   0x0800fc1a   0x00000002   PAD
    0x0800fc1c   0x0800fc1c   0x00000068   Code   RO         6749    i.netif_set_link_down  netif.o
    0x0800fc84   0x0800fc84   0x00000070   Code   RO         6750    i.netif_set_link_up  netif.o
    0x0800fcf4   0x0800fcf4   0x00000058   Code   RO         6752    i.netif_set_up      netif.o
    0x0800fd4c   0x0800fd4c   0x00000012   Code   RO         6905    i.pbuf_add_header   pbuf.o
    0x0800fd5e   0x0800fd5e   0x00000002   PAD
    0x0800fd60   0x0800fd60   0x000000e8   Code   RO         6907    i.pbuf_add_header_impl  pbuf.o
    0x0800fe48   0x0800fe48   0x0000029c   Code   RO         6908    i.pbuf_alloc        pbuf.o
    0x080100e4   0x080100e4   0x000000b8   Code   RO         6909    i.pbuf_alloc_reference  pbuf.o
    0x0801019c   0x0801019c   0x0000005a   Code   RO         6910    i.pbuf_alloced_custom  pbuf.o
    0x080101f6   0x080101f6   0x00000002   PAD
    0x080101f8   0x080101f8   0x0000013c   Code   RO         6911    i.pbuf_cat          pbuf.o
    0x08010334   0x08010334   0x0000001a   Code   RO         6912    i.pbuf_chain        pbuf.o
    0x0801034e   0x0801034e   0x00000012   Code   RO         6913    i.pbuf_clen         pbuf.o
    0x08010360   0x08010360   0x000000a8   Code   RO         6914    i.pbuf_clone        pbuf.o
    0x08010408   0x08010408   0x0000004c   Code   RO         6916    i.pbuf_copy         pbuf.o
    0x08010454   0x08010454   0x000000d8   Code   RO         6917    i.pbuf_copy_partial  pbuf.o
    0x0801052c   0x0801052c   0x000002ac   Code   RO         6918    i.pbuf_copy_partial_pbuf  pbuf.o
    0x080107d8   0x080107d8   0x000001ac   Code   RO         6920    i.pbuf_free         pbuf.o
    0x08010984   0x08010984   0x00000040   Code   RO         6921    i.pbuf_free_header  pbuf.o
    0x080109c4   0x080109c4   0x00000012   Code   RO         6925    i.pbuf_header_force  pbuf.o
    0x080109d6   0x080109d6   0x00000022   Code   RO         6926    i.pbuf_header_impl  pbuf.o
    0x080109f8   0x080109f8   0x0000001e   Code   RO         6927    i.pbuf_init_alloced_pbuf  pbuf.o
    0x08010a16   0x08010a16   0x00000002   PAD
    0x08010a18   0x08010a18   0x0000015c   Code   RO         6931    i.pbuf_realloc      pbuf.o
    0x08010b74   0x08010b74   0x000000a0   Code   RO         6932    i.pbuf_ref          pbuf.o
    0x08010c14   0x08010c14   0x000000e8   Code   RO         6933    i.pbuf_remove_header  pbuf.o
    0x08010cfc   0x08010cfc   0x00000108   Code   RO         5510    i.pcb_new           api_msg.o
    0x08010e04   0x08010e04   0x000001d0   Code   RO         6564    i.plug_holes        mem.o
    0x08010fd4   0x08010fd4   0x00000100   Code   RO         5511    i.poll_tcp          api_msg.o
    0x080110d4   0x080110d4   0x000000cc   Code   RO         9462    i.prvAddCurrentTaskToDelayedList  tasks.o
    0x080111a0   0x080111a0   0x000000ec   Code   RO         9463    i.prvAddNewTaskToReadyList  tasks.o
    0x0801128c   0x0801128c   0x00000064   Code   RO         9887    i.prvCheckForValidListAndQueue  timers.o
    0x080112f0   0x080112f0   0x00000048   Code   RO         9464    i.prvCheckTasksWaitingTermination  tasks.o
    0x08011338   0x08011338   0x0000002a   Code   RO         9025    i.prvCopyDataFromQueue  queue.o
    0x08011362   0x08011362   0x0000007e   Code   RO         9026    i.prvCopyDataToQueue  queue.o
    0x080113e0   0x080113e0   0x00000012   Code   RO         9465    i.prvDeleteTCB      tasks.o
    0x080113f2   0x080113f2   0x00000014   Code   RO         9027    i.prvGetDisinheritPriorityAfterTimeout  queue.o
    0x08011406   0x08011406   0x00000002   PAD
    0x08011408   0x08011408   0x00000028   Code   RO         9888    i.prvGetNextExpireTime  timers.o
    0x08011430   0x08011430   0x0000007c   Code   RO        10061    i.prvHeapInit       heap_4.o
    0x080114ac   0x080114ac   0x00000028   Code   RO         9466    i.prvIdleTask       tasks.o
    0x080114d4   0x080114d4   0x0000001e   Code   RO         9028    i.prvInitialiseMutex  queue.o
    0x080114f2   0x080114f2   0x0000002e   Code   RO         9029    i.prvInitialiseNewQueue  queue.o
    0x08011520   0x08011520   0x00000104   Code   RO         9467    i.prvInitialiseNewTask  tasks.o
    0x08011624   0x08011624   0x00000068   Code   RO         9468    i.prvInitialiseTaskLists  tasks.o
    0x0801168c   0x0801168c   0x00000068   Code   RO        10062    i.prvInsertBlockIntoFreeList  heap_4.o
    0x080116f4   0x080116f4   0x00000058   Code   RO         9890    i.prvInsertTimerInActiveList  timers.o
    0x0801174c   0x0801174c   0x0000001a   Code   RO         9030    i.prvIsQueueEmpty   queue.o
    0x08011766   0x08011766   0x0000001e   Code   RO         9031    i.prvIsQueueFull    queue.o
    0x08011784   0x08011784   0x000000c4   Code   RO         9032    i.prvNotifyQueueSetContainer  queue.o
    0x08011848   0x08011848   0x00000044   Code   RO         9891    i.prvProcessExpiredTimer  timers.o
    0x0801188c   0x0801188c   0x0000016c   Code   RO         9892    i.prvProcessReceivedCommands  timers.o
    0x080119f8   0x080119f8   0x00000074   Code   RO         9893    i.prvProcessTimerOrBlockTask  timers.o
    0x08011a6c   0x08011a6c   0x00000028   Code   RO         9894    i.prvReloadTimer    timers.o
    0x08011a94   0x08011a94   0x00000030   Code   RO         9470    i.prvResetNextTaskUnblockTime  tasks.o
    0x08011ac4   0x08011ac4   0x0000002c   Code   RO         9895    i.prvSampleTimeNow  timers.o
    0x08011af0   0x08011af0   0x00000044   Code   RO         9896    i.prvSwitchTimerLists  timers.o
    0x08011b34   0x08011b34   0x00000080   Code   RO        10129    i.prvTaskExitError  port.o
    0x08011bb4   0x08011bb4   0x0000001a   Code   RO         9897    i.prvTimerTask      timers.o
    0x08011bce   0x08011bce   0x00000090   Code   RO         9033    i.prvUnlockQueue    queue.o
    0x08011c5e   0x08011c5e   0x00000002   PAD
    0x08011c60   0x08011c60   0x00000010   Code   RO         6565    i.ptr_to_mem        mem.o
    0x08011c70   0x08011c70   0x00000194   Code   RO        10063    i.pvPortMalloc      heap_4.o
    0x08011e04   0x08011e04   0x00000020   Code   RO         9475    i.pvTaskIncrementMutexHeldCount  tasks.o
    0x08011e24   0x08011e24   0x0000002c   Code   RO        10130    i.pxPortInitialiseStack  port.o
    0x08011e50   0x08011e50   0x00000006   Code   RO         4856    i.read_addr         usmart.o
    0x08011e56   0x08011e56   0x00000002   PAD
    0x08011e58   0x08011e58   0x000001ac   Code   RO         5512    i.recv_tcp          api_msg.o
    0x08012004   0x08012004   0x00000188   Code   RO         5513    i.recv_udp          api_msg.o
    0x0801218c   0x0801218c   0x00000108   Code   RO         5914    i.select_check_waiters  sockets.o
    0x08012294   0x08012294   0x000000e8   Code   RO         5514    i.sent_tcp          api_msg.o
    0x0801237c   0x0801237c   0x00000044   Code   RO         5515    i.setup_tcp         api_msg.o
    0x080123c0   0x080123c0   0x00000138   Code   RO          533    i.start_task        freertos_demo.o
    0x080124f8   0x080124f8   0x0000012c   Code   RO         8536    i.sys_arch_mbox_fetch  sys_arch.o
    0x08012624   0x08012624   0x000000f8   Code   RO         8537    i.sys_arch_mbox_tryfetch  sys_arch.o
    0x0801271c   0x0801271c   0x0000000a   Code   RO         8539    i.sys_arch_protect  sys_arch.o
    0x08012726   0x08012726   0x00000002   PAD
    0x08012728   0x08012728   0x00000120   Code   RO         8540    i.sys_arch_sem_wait  sys_arch.o
    0x08012848   0x08012848   0x0000000a   Code   RO         8541    i.sys_arch_unprotect  sys_arch.o
    0x08012852   0x08012852   0x00000002   PAD
    0x08012854   0x08012854   0x00000054   Code   RO         7669    i.sys_check_timeouts  timeouts.o
    0x080128a8   0x080128a8   0x00000002   Code   RO         8542    i.sys_init          sys_arch.o
    0x080128aa   0x080128aa   0x00000002   PAD
    0x080128ac   0x080128ac   0x000000b4   Code   RO         8544    i.sys_mbox_free     sys_arch.o
    0x08012960   0x08012960   0x000000c0   Code   RO         8545    i.sys_mbox_new      sys_arch.o
    0x08012a20   0x08012a20   0x000000f4   Code   RO         8547    i.sys_mbox_trypost  sys_arch.o
    0x08012b14   0x08012b14   0x000000e8   Code   RO         8550    i.sys_mutex_lock    sys_arch.o
    0x08012bfc   0x08012bfc   0x00000090   Code   RO         8551    i.sys_mutex_new     sys_arch.o
    0x08012c8c   0x08012c8c   0x000000e4   Code   RO         8552    i.sys_mutex_unlock  sys_arch.o
    0x08012d70   0x08012d70   0x00000008   Code   RO         8553    i.sys_now           sys_arch.o
    0x08012d78   0x08012d78   0x000000b4   Code   RO         8554    i.sys_sem_free      sys_arch.o
    0x08012e2c   0x08012e2c   0x00000124   Code   RO         8555    i.sys_sem_new       sys_arch.o
    0x08012f50   0x08012f50   0x000000f8   Code   RO         8556    i.sys_sem_signal    sys_arch.o
    0x08013048   0x08013048   0x000000cc   Code   RO          926    i.sys_stm32_clock_init  sys.o
    0x08013114   0x08013114   0x000000e4   Code   RO         8557    i.sys_thread_new    sys_arch.o
    0x080131f8   0x080131f8   0x000000c8   Code   RO         7671    i.sys_timeout       timeouts.o
    0x080132c0   0x080132c0   0x00000138   Code   RO         7672    i.sys_timeout_abs   timeouts.o
    0x080133f8   0x080133f8   0x00000028   Code   RO         7673    i.sys_timeouts_init  timeouts.o
    0x08013420   0x08013420   0x000000c4   Code   RO         7674    i.sys_timeouts_sleeptime  timeouts.o
    0x080134e4   0x080134e4   0x000001bc   Code   RO         7135    i.tcp_abandon       tcp.o
    0x080136a0   0x080136a0   0x0000000e   Code   RO         7136    i.tcp_abort         tcp.o
    0x080136ae   0x080136ae   0x00000010   Code   RO         7137    i.tcp_accept        tcp.o
    0x080136be   0x080136be   0x00000002   PAD
    0x080136c0   0x080136c0   0x000000d0   Code   RO         7139    i.tcp_alloc         tcp.o
    0x08013790   0x08013790   0x00000006   Code   RO         7140    i.tcp_arg           tcp.o
    0x08013796   0x08013796   0x00000002   PAD
    0x08013798   0x08013798   0x00000108   Code   RO         7141    i.tcp_bind          tcp.o
    0x080138a0   0x080138a0   0x00000012   Code   RO         7142    i.tcp_bind_netif    tcp.o
    0x080138b2   0x080138b2   0x00000002   PAD
    0x080138b4   0x080138b4   0x00000054   Code   RO         7143    i.tcp_close         tcp.o
    0x08013908   0x08013908   0x00000204   Code   RO         7144    i.tcp_close_shutdown  tcp.o
    0x08013b0c   0x08013b0c   0x000000e0   Code   RO         7145    i.tcp_close_shutdown_fin  tcp.o
    0x08013bec   0x08013bec   0x000001d8   Code   RO         7520    i.tcp_create_segment  tcp_out.o
    0x08013dc4   0x08013dc4   0x000000cc   Code   RO         7148    i.tcp_eff_send_mss_netif  tcp.o
    0x08013e90   0x08013e90   0x000002c8   Code   RO         7521    i.tcp_enqueue_flags  tcp_out.o
    0x08014158   0x08014158   0x000000a4   Code   RO         7149    i.tcp_err           tcp.o
    0x080141fc   0x080141fc   0x000000a4   Code   RO         7150    i.tcp_fasttmr       tcp.o
    0x080142a0   0x080142a0   0x0000008c   Code   RO         7151    i.tcp_free          tcp.o
    0x0801432c   0x0801432c   0x00000164   Code   RO         7448    i.tcp_free_acked_segments  tcp_in.o
    0x08014490   0x08014490   0x00000094   Code   RO         7152    i.tcp_free_listen   tcp.o
    0x08014524   0x08014524   0x00000048   Code   RO         7449    i.tcp_get_next_optbyte  tcp_in.o
    0x0801456c   0x0801456c   0x00000038   Code   RO         7153    i.tcp_handle_closepend  tcp.o
    0x080145a4   0x080145a4   0x00000018   Code   RO         7154    i.tcp_init          tcp.o
    0x080145bc   0x080145bc   0x00000830   Code   RO         7450    i.tcp_input         tcp_in.o
    0x08014dec   0x08014dec   0x000000e0   Code   RO         7451    i.tcp_input_delayed_close  tcp_in.o
    0x08014ecc   0x08014ecc   0x000000ec   Code   RO         7522    i.tcp_keepalive     tcp_out.o
    0x08014fb8   0x08014fb8   0x0000006c   Code   RO         7155    i.tcp_kill_prio     tcp.o
    0x08015024   0x08015024   0x000000cc   Code   RO         7156    i.tcp_kill_state    tcp.o
    0x080150f0   0x080150f0   0x00000040   Code   RO         7157    i.tcp_kill_timewait  tcp.o
    0x08015130   0x08015130   0x000000cc   Code   RO         7158    i.tcp_listen_closed  tcp.o
    0x080151fc   0x080151fc   0x000001f8   Code   RO         7452    i.tcp_listen_input  tcp_in.o
    0x080153f4   0x080153f4   0x0000004c   Code   RO         7161    i.tcp_netif_ip_addr_changed  tcp.o
    0x08015440   0x08015440   0x000000cc   Code   RO         7162    i.tcp_netif_ip_addr_changed_pcblist  tcp.o
    0x0801550c   0x0801550c   0x00000010   Code   RO         7164    i.tcp_new_ip_type   tcp.o
    0x0801551c   0x0801551c   0x00000068   Code   RO         7165    i.tcp_new_port      tcp.o
    0x08015584   0x08015584   0x000000a4   Code   RO         7166    i.tcp_next_iss      tcp.o
    0x08015628   0x08015628   0x0000036c   Code   RO         7523    i.tcp_output        tcp_out.o
    0x08015994   0x08015994   0x000000d4   Code   RO         7524    i.tcp_output_alloc_header  tcp_out.o
    0x08015a68   0x08015a68   0x0000011c   Code   RO         7525    i.tcp_output_alloc_header_common  tcp_out.o
    0x08015b84   0x08015b84   0x000000f4   Code   RO         7526    i.tcp_output_control_segment  tcp_out.o
    0x08015c78   0x08015c78   0x0000011c   Code   RO         7527    i.tcp_output_fill_options  tcp_out.o
    0x08015d94   0x08015d94   0x00000250   Code   RO         7528    i.tcp_output_segment  tcp_out.o
    0x08015fe4   0x08015fe4   0x000000ac   Code   RO         7529    i.tcp_output_segment_busy  tcp_out.o
    0x08016090   0x08016090   0x00000140   Code   RO         7453    i.tcp_parseopt      tcp_in.o
    0x080161d0   0x080161d0   0x00000170   Code   RO         7530    i.tcp_pbuf_prealloc  tcp_out.o
    0x08016340   0x08016340   0x00000088   Code   RO         7167    i.tcp_pcb_purge     tcp.o
    0x080163c8   0x080163c8   0x0000019c   Code   RO         7168    i.tcp_pcb_remove    tcp.o
    0x08016564   0x08016564   0x000000c8   Code   RO         7169    i.tcp_poll          tcp.o
    0x0801662c   0x0801662c   0x00000768   Code   RO         7454    i.tcp_process       tcp_in.o
    0x08016d94   0x08016d94   0x000000dc   Code   RO         7170    i.tcp_process_refused_data  tcp.o
    0x08016e70   0x08016e70   0x000007ec   Code   RO         7455    i.tcp_receive       tcp_in.o
    0x0801765c   0x0801765c   0x000000a4   Code   RO         7171    i.tcp_recv          tcp.o
    0x08017700   0x08017700   0x00000060   Code   RO         7172    i.tcp_recv_null     tcp.o
    0x08017760   0x08017760   0x00000114   Code   RO         7173    i.tcp_recved        tcp.o
    0x08017874   0x08017874   0x000000ac   Code   RO         7174    i.tcp_remove_listener  tcp.o
    0x08017920   0x08017920   0x00000100   Code   RO         7531    i.tcp_rexmit        tcp_out.o
    0x08017a20   0x08017a20   0x0000010c   Code   RO         7532    i.tcp_rexmit_fast   tcp_out.o
    0x08017b2c   0x08017b2c   0x000000a0   Code   RO         7533    i.tcp_rexmit_rto    tcp_out.o
    0x08017bcc   0x08017bcc   0x000000b0   Code   RO         7534    i.tcp_rexmit_rto_commit  tcp_out.o
    0x08017c7c   0x08017c7c   0x00000120   Code   RO         7535    i.tcp_rexmit_rto_prepare  tcp_out.o
    0x08017d9c   0x08017d9c   0x0000001e   Code   RO         7536    i.tcp_route         tcp_out.o
    0x08017dba   0x08017dba   0x00000002   PAD
    0x08017dbc   0x08017dbc   0x00000128   Code   RO         7537    i.tcp_rst           tcp_out.o
    0x08017ee4   0x08017ee4   0x0000001a   Code   RO         7175    i.tcp_seg_free      tcp.o
    0x08017efe   0x08017efe   0x00000018   Code   RO         7176    i.tcp_segs_free     tcp.o
    0x08017f16   0x08017f16   0x00000002   PAD
    0x08017f18   0x08017f18   0x00000140   Code   RO         7538    i.tcp_send_empty_ack  tcp_out.o
    0x08018058   0x08018058   0x000000d8   Code   RO         7539    i.tcp_send_fin      tcp_out.o
    0x08018130   0x08018130   0x000000a4   Code   RO         7177    i.tcp_sent          tcp.o
    0x080181d4   0x080181d4   0x00000098   Code   RO         7179    i.tcp_shutdown      tcp.o
    0x0801826c   0x0801826c   0x00000738   Code   RO         7180    i.tcp_slowtmr       tcp.o
    0x080189a4   0x080189a4   0x000002e0   Code   RO         7540    i.tcp_split_unsent_seg  tcp_out.o
    0x08018c84   0x08018c84   0x00000038   Code   RO         7676    i.tcp_timer_needed  timeouts.o
    0x08018cbc   0x08018cbc   0x0000013c   Code   RO         7456    i.tcp_timewait_input  tcp_in.o
    0x08018df8   0x08018df8   0x00000024   Code   RO         7182    i.tcp_tmr           tcp.o
    0x08018e1c   0x08018e1c   0x00000014   Code   RO         7457    i.tcp_trigger_input_pcb_close  tcp_in.o
    0x08018e30   0x08018e30   0x00000110   Code   RO         7184    i.tcp_update_rcv_ann_wnd  tcp.o
    0x08018f40   0x08018f40   0x000008ec   Code   RO         7541    i.tcp_write         tcp_out.o
    0x0801982c   0x0801982c   0x000001b8   Code   RO         7542    i.tcp_write_checks  tcp_out.o
    0x080199e4   0x080199e4   0x00000180   Code   RO         7543    i.tcp_zero_window_probe  tcp_out.o
    0x08019b64   0x08019b64   0x00000124   Code   RO         6215    i.tcpip_init        tcpip.o
    0x08019c88   0x08019c88   0x000000c0   Code   RO         6216    i.tcpip_inpkt       tcpip.o
    0x08019d48   0x08019d48   0x00000030   Code   RO         6217    i.tcpip_input       tcpip.o
    0x08019d78   0x08019d78   0x00000020   Code   RO         6218    i.tcpip_send_msg_wait_sem  tcpip.o
    0x08019d98   0x08019d98   0x00000038   Code   RO         7677    i.tcpip_tcp_timer   timeouts.o
    0x08019dd0   0x08019dd0   0x000000cc   Code   RO         6219    i.tcpip_thread      tcpip.o
    0x08019e9c   0x08019e9c   0x000000dc   Code   RO         6220    i.tcpip_thread_handle_msg  tcpip.o
    0x08019f78   0x08019f78   0x00000060   Code   RO         6221    i.tcpip_timeouts_mbox_fetch  tcpip.o
    0x08019fd8   0x08019fd8   0x0000001a   Code   RO         5915    i.tryget_socket     sockets.o
    0x08019ff2   0x08019ff2   0x00000010   Code   RO         5916    i.tryget_socket_unconn  sockets.o
    0x0801a002   0x0801a002   0x00000002   PAD
    0x0801a004   0x0801a004   0x00000020   Code   RO         5918    i.tryget_socket_unconn_nouse  sockets.o
    0x0801a024   0x0801a024   0x000000e8   Code   RO         7747    i.udp_bind          udp.o
    0x0801a10c   0x0801a10c   0x00000012   Code   RO         7748    i.udp_bind_netif    udp.o
    0x0801a11e   0x0801a11e   0x00000002   PAD
    0x0801a120   0x0801a120   0x00000018   Code   RO         7751    i.udp_init          udp.o
    0x0801a138   0x0801a138   0x00000278   Code   RO         7752    i.udp_input         udp.o
    0x0801a3b0   0x0801a3b0   0x00000130   Code   RO         7753    i.udp_input_local_match  udp.o
    0x0801a4e0   0x0801a4e0   0x00000030   Code   RO         7754    i.udp_netif_ip_addr_changed  udp.o
    0x0801a510   0x0801a510   0x0000001e   Code   RO         7755    i.udp_new           udp.o
    0x0801a52e   0x0801a52e   0x0000000e   Code   RO         7756    i.udp_new_ip_type   udp.o
    0x0801a53c   0x0801a53c   0x00000058   Code   RO         7757    i.udp_new_port      udp.o
    0x0801a594   0x0801a594   0x0000003c   Code   RO         7758    i.udp_recv          udp.o
    0x0801a5d0   0x0801a5d0   0x00000070   Code   RO         7759    i.udp_remove        udp.o
    0x0801a640   0x0801a640   0x00000070   Code   RO         7760    i.udp_send          udp.o
    0x0801a6b0   0x0801a6b0   0x00000118   Code   RO         7761    i.udp_sendto        udp.o
    0x0801a7c8   0x0801a7c8   0x0000011c   Code   RO         7762    i.udp_sendto_if     udp.o
    0x0801a8e4   0x0801a8e4   0x000002c8   Code   RO         7763    i.udp_sendto_if_src  udp.o
    0x0801abac   0x0801abac   0x00000038   Code   RO         1000    i.usart_init        usart.o
    0x0801abe4   0x0801abe4   0x000000b0   Code   RO         4857    i.usmart_cmd_rec    usmart.o
    0x0801ac94   0x0801ac94   0x000002d4   Code   RO         4858    i.usmart_exe        usmart.o
    0x0801af68   0x0801af68   0x000000d4   Code   RO         4999    i.usmart_get_aparm  usmart_str.o
    0x0801b03c   0x0801b03c   0x00000036   Code   RO         5000    i.usmart_get_cmdname  usmart_str.o
    0x0801b072   0x0801b072   0x00000002   PAD
    0x0801b074   0x0801b074   0x000001c0   Code   RO         5001    i.usmart_get_fname  usmart_str.o
    0x0801b234   0x0801b234   0x0000010c   Code   RO         5002    i.usmart_get_fparam  usmart_str.o
    0x0801b340   0x0801b340   0x00000028   Code   RO         4924    i.usmart_get_input_string  usmart_port.o
    0x0801b368   0x0801b368   0x00000020   Code   RO         5003    i.usmart_get_parmpos  usmart_str.o
    0x0801b388   0x0801b388   0x00000028   Code   RO         4859    i.usmart_init       usmart.o
    0x0801b3b0   0x0801b3b0   0x00000016   Code   RO         5004    i.usmart_pow        usmart_str.o
    0x0801b3c6   0x0801b3c6   0x00000002   PAD
    0x0801b3c8   0x0801b3c8   0x000000a8   Code   RO         4860    i.usmart_scan       usmart.o
    0x0801b470   0x0801b470   0x00000016   Code   RO         5005    i.usmart_search_nextc  usmart_str.o
    0x0801b486   0x0801b486   0x00000106   Code   RO         5006    i.usmart_str2num    usmart_str.o
    0x0801b58c   0x0801b58c   0x00000022   Code   RO         5007    i.usmart_strcmp     usmart_str.o
    0x0801b5ae   0x0801b5ae   0x00000016   Code   RO         5008    i.usmart_strcopy    usmart_str.o
    0x0801b5c4   0x0801b5c4   0x00000018   Code   RO         5009    i.usmart_strlen     usmart_str.o
    0x0801b5dc   0x0801b5dc   0x000006f4   Code   RO         4861    i.usmart_sys_cmd_exe  usmart.o
    0x0801bcd0   0x0801bcd0   0x00000044   Code   RO         4925    i.usmart_timx_get_time  usmart_port.o
    0x0801bd14   0x0801bd14   0x00000064   Code   RO         4926    i.usmart_timx_init  usmart_port.o
    0x0801bd78   0x0801bd78   0x00000034   Code   RO         4927    i.usmart_timx_reset_time  usmart_port.o
    0x0801bdac   0x0801bdac   0x00000028   Code   RO         8976    i.uxListRemove      list.o
    0x0801bdd4   0x0801bdd4   0x0000001a   Code   RO         8977    i.vListInitialise   list.o
    0x0801bdee   0x0801bdee   0x00000006   Code   RO         8978    i.vListInitialiseItem  list.o
    0x0801bdf4   0x0801bdf4   0x00000034   Code   RO         8979    i.vListInsert       list.o
    0x0801be28   0x0801be28   0x00000018   Code   RO         8980    i.vListInsertEnd    list.o
    0x0801be40   0x0801be40   0x00000098   Code   RO        10132    i.vPortEnterCritical  port.o
    0x0801bed8   0x0801bed8   0x00000080   Code   RO        10133    i.vPortExitCritical  port.o
    0x0801bf58   0x0801bf58   0x000000d8   Code   RO        10064    i.vPortFree         heap_4.o
    0x0801c030   0x0801c030   0x00000028   Code   RO        10134    i.vPortSetupTimerInterrupt  port.o
    0x0801c058   0x0801c058   0x000000b0   Code   RO        10135    i.vPortValidateInterruptPriority  port.o
    0x0801c108   0x0801c108   0x0000008c   Code   RO         9039    i.vQueueAddToRegistry  queue.o
    0x0801c194   0x0801c194   0x00000058   Code   RO         9040    i.vQueueDelete      queue.o
    0x0801c1ec   0x0801c1ec   0x00000074   Code   RO         9042    i.vQueueUnregisterQueue  queue.o
    0x0801c260   0x0801c260   0x0000004a   Code   RO         9043    i.vQueueWaitForMessageRestricted  queue.o
    0x0801c2aa   0x0801c2aa   0x00000002   PAD
    0x0801c2ac   0x0801c2ac   0x00000084   Code   RO         9485    i.vTaskDelay        tasks.o
    0x0801c330   0x0801c330   0x00000124   Code   RO         9486    i.vTaskDelete       tasks.o
    0x0801c454   0x0801c454   0x00000018   Code   RO         9490    i.vTaskInternalSetTimeOutState  tasks.o
    0x0801c46c   0x0801c46c   0x0000000c   Code   RO         9492    i.vTaskMissedYield  tasks.o
    0x0801c478   0x0801c478   0x00000064   Code   RO         9493    i.vTaskPlaceOnEventList  tasks.o
    0x0801c4dc   0x0801c4dc   0x0000008c   Code   RO         9494    i.vTaskPlaceOnEventListRestricted  tasks.o
    0x0801c568   0x0801c568   0x00000138   Code   RO         9496    i.vTaskPriorityDisinheritAfterTimeout  tasks.o
    0x0801c6a0   0x0801c6a0   0x000000c4   Code   RO         9502    i.vTaskStartScheduler  tasks.o
    0x0801c764   0x0801c764   0x00000010   Code   RO         9504    i.vTaskSuspendAll   tasks.o
    0x0801c774   0x0801c774   0x000000b8   Code   RO         9505    i.vTaskSwitchContext  tasks.o
    0x0801c82c   0x0801c82c   0x00000004   Code   RO         4862    i.write_addr        usmart.o
    0x0801c830   0x0801c830   0x000001ac   Code   RO        10136    i.xPortStartScheduler  port.o
    0x0801c9dc   0x0801c9dc   0x00000034   Code   RO        10137    i.xPortSysTickHandler  port.o
    0x0801ca10   0x0801ca10   0x00000022   Code   RO         9046    i.xQueueCreateMutex  queue.o
    0x0801ca32   0x0801ca32   0x00000002   PAD
    0x0801ca34   0x0801ca34   0x00000090   Code   RO         9048    i.xQueueGenericCreate  queue.o
    0x0801cac4   0x0801cac4   0x000000fc   Code   RO         9049    i.xQueueGenericReset  queue.o
    0x0801cbc0   0x0801cbc0   0x000001e4   Code   RO         9050    i.xQueueGenericSend  queue.o
    0x0801cda4   0x0801cda4   0x00000124   Code   RO         9052    i.xQueueGiveFromISR  queue.o
    0x0801cec8   0x0801cec8   0x00000074   Code   RO         9053    i.xQueueGiveMutexRecursive  queue.o
    0x0801cf3c   0x0801cf3c   0x00000180   Code   RO         9058    i.xQueueReceive     queue.o
    0x0801d0bc   0x0801d0bc   0x000001c4   Code   RO         9063    i.xQueueSemaphoreTake  queue.o
    0x0801d280   0x0801d280   0x00000078   Code   RO         9064    i.xQueueTakeMutexRecursive  queue.o
    0x0801d2f8   0x0801d2f8   0x000000cc   Code   RO         9508    i.xTaskCheckForTimeOut  tasks.o
    0x0801d3c4   0x0801d3c4   0x00000060   Code   RO         9509    i.xTaskCreate       tasks.o
    0x0801d424   0x0801d424   0x0000000c   Code   RO         9515    i.xTaskGetCurrentTaskHandle  tasks.o
    0x0801d430   0x0801d430   0x00000020   Code   RO         9518    i.xTaskGetSchedulerState  tasks.o
    0x0801d450   0x0801d450   0x0000000c   Code   RO         9519    i.xTaskGetTickCount  tasks.o
    0x0801d45c   0x0801d45c   0x000001e8   Code   RO         9521    i.xTaskIncrementTick  tasks.o
    0x0801d644   0x0801d644   0x00000110   Code   RO         9522    i.xTaskPriorityDisinherit  tasks.o
    0x0801d754   0x0801d754   0x000000ec   Code   RO         9523    i.xTaskPriorityInherit  tasks.o
    0x0801d840   0x0801d840   0x0000014c   Code   RO         9524    i.xTaskRemoveFromEventList  tasks.o
    0x0801d98c   0x0801d98c   0x000001a0   Code   RO         9525    i.xTaskResumeAll    tasks.o
    0x0801db2c   0x0801db2c   0x00000080   Code   RO         9905    i.xTimerCreateTimerTask  timers.o
    0x0801dbac   0x0801dbac   0x0000002c   Code   RO        10448    locale$$code        c_w.l(lc_ctype_c.o)
    0x0801dbd8   0x0801dbd8   0x0000005a   Code   RO        10372    x$fpl$dfixu         fz_wm.l(dfixu.o)
    0x0801dc32   0x0801dc32   0x00000026   Code   RO        10376    x$fpl$dfltu         fz_wm.l(dflt_clz.o)
    0x0801dc58   0x0801dc58   0x00000154   Code   RO        10382    x$fpl$dmul          fz_wm.l(dmul.o)
    0x0801ddac   0x0801ddac   0x0000009c   Code   RO        10501    x$fpl$dnaninf       fz_wm.l(dnaninf.o)
    0x0801de48   0x0801de48   0x0000000c   Code   RO        10503    x$fpl$dretinf       fz_wm.l(dretinf.o)
    0x0801de54   0x0801de54   0x0000000a   Code   RO        10553    x$fpl$fpinit        fz_wm.l(fpinit.o)
    0x0801de5e   0x0801de5e   0x00000000   Code   RO        10505    x$fpl$usenofp       fz_wm.l(usenofp.o)
    0x0801de5e   0x0801de5e   0x00000018   Data   RO          494    .constdata          system_stm32f4xx.o
    0x0801de76   0x0801de76   0x00000002   PAD
    0x0801de78   0x0801de78   0x00000018   Data   RO         5095    .constdata          malloc.o
    0x0801de90   0x0801de90   0x00000003   Data   RO         5516    .constdata          api_msg.o
    0x0801de93   0x0801de93   0x00000001   PAD
    0x0801de94   0x0801de94   0x00000044   Data   RO         5703    .constdata          err.o
    0x0801ded8   0x0801ded8   0x00000118   Data   RO         6639    .constdata          memp.o
    0x0801dff0   0x0801dff0   0x00000050   Data   RO         7185    .constdata          tcp.o
    0x0801e040   0x0801e040   0x00000024   Data   RO         7678    .constdata          timeouts.o
    0x0801e064   0x0801e064   0x00000008   Data   RO         8190    .constdata          ip4_addr.o
    0x0801e06c   0x0801e06c   0x0000000c   Data   RO         8310    .constdata          ethernet_1.o
    0x0801e078   0x0801e078   0x00000028   Data   RO        10298    .constdata          c_w.l(_printf_hex_int.o)
    0x0801e0a0   0x0801e0a0   0x00000011   Data   RO        10333    .constdata          c_w.l(__printf_flags_ss_wp.o)
    0x0801e0b1   0x0801e0b1   0x00000003   PAD
    0x0801e0b4   0x0801e0b4   0x00000028   Data   RO         4863    .conststring        usmart.o
    0x0801e0dc   0x0801e0dc   0x000000e0   Data   RO         4974    .conststring        usmart_config.o
    0x0801e1bc   0x0801e1bc   0x00000041   Data   RO         6477    .conststring        init.o
    0x0801e1fd   0x0801e1fd   0x00000003   PAD
    0x0801e200   0x0801e200   0x000000a4   Data   RO         6640    .conststring        memp.o
    0x0801e2a4   0x0801e2a4   0x0000006d   Data   RO         7186    .conststring        tcp.o
    0x0801e311   0x0801e311   0x00000003   PAD
    0x0801e314   0x0801e314   0x00000055   Data   RO         7544    .conststring        tcp_out.o
    0x0801e369   0x0801e369   0x00000003   PAD
    0x0801e36c   0x0801e36c   0x00000041   Data   RO         7892    .conststring        etharp.o
    0x0801e3ad   0x0801e3ad   0x00000003   PAD
    0x0801e3b0   0x0801e3b0   0x00000041   Data   RO         8024    .conststring        igmp.o
    0x0801e3f1   0x0801e3f1   0x00000003   PAD
    0x0801e3f4   0x0801e3f4   0x00000020   Data   RO        10639    Region$$Table       anon$$obj.o
    0x0801e414   0x0801e414   0x00000110   Data   RO        10447    locale$$data        c_w.l(lc_ctype_c.o)


    Execution Region RW_IRAM1 (Exec base: 0x20000000, Load base: 0x0801e524, Size: 0x0001ddb8, Max: 0x00020000, ABSOLUTE, COMPRESSED[0x000000a4])

    Exec Addr    Load Addr    Size         Type   Attr      Idx    E Section Name        Object

    0x20000000   COMPRESSED   0x00000004   Data   RW          495    .data               system_stm32f4xx.o
    0x20000004   COMPRESSED   0x0000000c   Data   RW          534    .data               freertos_demo.o
    0x20000010   COMPRESSED   0x00000004   Data   RW          853    .data               delay.o
    0x20000014   COMPRESSED   0x00000007   Data   RW         1002    .data               usart.o
    0x2000001b   COMPRESSED   0x00000001   PAD
    0x2000001c   COMPRESSED   0x00000009   Data   RW         1097    .data               stm32f4xx_hal.o
    0x20000025   COMPRESSED   0x00000003   PAD
    0x20000028   COMPRESSED   0x00000010   Data   RW         4783    .data               ethernet.o
    0x20000038   COMPRESSED   0x0000001c   Data   RW         4864    .data               usmart.o
    0x20000054   COMPRESSED   0x00000124   Data   RW         4975    .data               usmart_config.o
    0x20000178   COMPRESSED   0x0000001c   Data   RW         5096    .data               malloc.o
    0x20000194   COMPRESSED   0x00000004   Data   RW         5920    .data               sockets.o
    0x20000198   COMPRESSED   0x00000010   Data   RW         6223    .data               tcpip.o
    0x200001a8   COMPRESSED   0x00000010   Data   RW         6567    .data               mem.o
    0x200001b8   COMPRESSED   0x00000038   Data   RW         6641    .data               memp.o
    0x200001f0   COMPRESSED   0x00000009   Data   RW         6753    .data               netif.o
    0x200001f9   COMPRESSED   0x00000003   PAD
    0x200001fc   COMPRESSED   0x00000020   Data   RW         7187    .data               tcp.o
    0x2000021c   COMPRESSED   0x00000028   Data   RW         7459    .data               tcp_in.o
    0x20000244   COMPRESSED   0x0000000c   Data   RW         7679    .data               timeouts.o
    0x20000250   COMPRESSED   0x00000008   Data   RW         7764    .data               udp.o
    0x20000258   COMPRESSED   0x00000001   Data   RW         7893    .data               etharp.o
    0x20000259   COMPRESSED   0x00000003   PAD
    0x2000025c   COMPRESSED   0x00000008   Data   RW         8025    .data               igmp.o
    0x20000264   COMPRESSED   0x00000008   Data   RW         8131    .data               ip4.o
    0x2000026c   COMPRESSED   0x00000006   Data   RW         8250    .data               ip4_frag.o
    0x20000272   COMPRESSED   0x00000002   PAD
    0x20000274   COMPRESSED   0x00000004   Data   RW         8340    .data               ethernetif.o
    0x20000278   COMPRESSED   0x00000004   Data   RW         8558    .data               sys_arch.o
    0x2000027c   COMPRESSED   0x00000068   Data   RW         8696    .data               lwip_demo.o
    0x200002e4   COMPRESSED   0x00000040   Data   RW         9528    .data               tasks.o
    0x20000324   COMPRESSED   0x00000014   Data   RW         9914    .data               timers.o
    0x20000338   COMPRESSED   0x00000020   Data   RW        10070    .data               heap_4.o
    0x20000358   COMPRESSED   0x0000000c   Data   RW        10138    .data               port.o
    0x20000364        -       0x0000010c   Zero   RW         1001    .bss                usart.o
    0x20000470        -       0x0000005e   Zero   RW         4518    .bss                lcd.o
    0x200004ce   COMPRESSED   0x00000002   PAD
    0x200004d0        -       0x00000048   Zero   RW         4782    .bss                ethernet.o
    0x20000518        -       0x00000048   Zero   RW         4928    .bss                usmart_port.o
    0x20000560   COMPRESSED   0x00000020   PAD
    0x20000580        -       0x00007f80   Zero   RW         5094    .bss                malloc.o
    0x20008500        -       0x00000070   Zero   RW         5919    .bss                sockets.o
    0x20008570        -       0x00000018   Zero   RW         6545    .bss                ip.o
    0x20008588        -       0x00004013   Zero   RW         6566    .bss                mem.o
    0x2000c59b        -       0x00008a1a   Zero   RW         6638    .bss                memp.o
    0x20014fb5   COMPRESSED   0x00000003   PAD
    0x20014fb8        -       0x00000014   Zero   RW         7458    .bss                tcp_in.o
    0x20014fcc        -       0x000000f0   Zero   RW         7891    .bss                etharp.o
    0x200150bc        -       0x00000010   Zero   RW         8189    .bss                ip4_addr.o
    0x200150cc        -       0x00000058   Zero   RW         8420    .bss                lwip_comm.o
    0x20015124        -       0x00000400   Zero   RW         8695    .bss                lwip_demo.o
    0x20015524        -       0x00000040   Zero   RW         9065    .bss                queue.o
    0x20015564        -       0x000002e4   Zero   RW         9527    .bss                tasks.o
    0x20015848        -       0x00000028   Zero   RW         9913    .bss                timers.o
    0x20015870        -       0x00008000   Zero   RW        10069    .bss                heap_4.o
    0x2001d870        -       0x000000e4   Zero   RW        10345    .bss                c_w.l(rand.o)
    0x2001d954        -       0x00000060   Zero   RW        10507    .bss                c_w.l(libspace.o)
    0x2001d9b4   COMPRESSED   0x00000004   PAD
    0x2001d9b8        -       0x00000000   Zero   RW            2    HEAP                startup_stm32f407xx.o
    0x2001d9b8        -       0x00000400   Zero   RW            1    STACK               startup_stm32f407xx.o



  Load Region LR$$.ARM.__AT_0x10000000 (Base: 0x10000000, Size: 0x00000000, Max: 0x0000f000, ABSOLUTE)

    Execution Region ER$$.ARM.__AT_0x10000000 (Exec base: 0x10000000, Load base: 0x10000000, Size: 0x0000f000, Max: 0x0000f000, ABSOLUTE, UNINIT)

    Exec Addr    Load Addr    Size         Type   Attr      Idx    E Section Name        Object

    0x10000000        -       0x0000f000   Zero   RW         5092    .ARM.__AT_0x10000000  malloc.o



  Load Region LR$$.ARM.__AT_0x1000F000 (Base: 0x1000f000, Size: 0x00000000, Max: 0x00000f00, ABSOLUTE)

    Execution Region ER$$.ARM.__AT_0x1000F000 (Exec base: 0x1000f000, Load base: 0x1000f000, Size: 0x00000f00, Max: 0x00000f00, ABSOLUTE, UNINIT)

    Exec Addr    Load Addr    Size         Type   Attr      Idx    E Section Name        Object

    0x1000f000        -       0x00000f00   Zero   RW         5093    .ARM.__AT_0x1000F000  malloc.o


==============================================================================

Image component sizes


      Code (inc. data)   RO Data    RW Data    ZI Data      Debug   Object Name

      2584        928          0          0          0      62067   api_lib.o
      7046       2692          3          0          0      42935   api_msg.o
        38          0          0          0          0       1250   def.o
       172          8          0          4          0      17513   delay.o
        32          6         68          0          0       7419   err.o
      3864       1058         65          1        240      13087   etharp.o
      1000         62          0         16         72       6376   ethernet.o
       472        142         12          0          0       2982   ethernet_1.o
       968        174          0          4          0      11430   ethernetif.o
         0          0          0          0          0      12348   event_groups.o
       848        334          0         12          0     574002   freertos_demo.o
       848        218          0         32      32768       4651   heap_4.o
      1052        326          0          0          0       5282   icmp.o
         0          0          0          0          0       6633   if_api.o
      2648        942         65          8          0      16449   igmp.o
       200          0          0          0          0       3060   inet_chksum.o
       156         84         65          0          0       6463   init.o
         0          0          0          0         24       3330   ip.o
      1460        184          0          8          0       8540   ip4.o
       818        110          8          0         16      14875   ip4_addr.o
      3502       1110          0          6          0      13346   ip4_frag.o
       192          8          0          0          0       1175   key.o
     13298        156          0          0         94      26186   lcd.o
       148         10          0          0          0       1079   led.o
       148          0          0          0          0       3866   list.o
      1708        340          0          0         88      23865   lwip_comm.o
       646        152          0        104       1024      46847   lwip_demo.o
        80          6          0          0          0     739047   main.o
       484         54         24         28      97920       7221   malloc.o
      2644       1062          0         16      16403       9993   mem.o
       612        310        444         56      35354      11876   memp.o
       212         54          0          0          0      11835   netbuf.o
      1788        600          0          9          0      18495   netif.o
      4010       1722          0          0          0      18396   pbuf.o
      1338        472          0         12          0      11977   port.o
      3356        662          0          0         64      23678   queue.o
      5590       1096          0          4        112      46045   sockets.o
        76         28        392          0       1024       1044   startup_stm32f407xx.o
       214         38          0          9          0      11218   stm32f4xx_hal.o
       344         22          0          0          0      35705   stm32f4xx_hal_cortex.o
       210          0          0          0          0       2195   stm32f4xx_hal_dma.o
      2882         50          0          0          0      17950   stm32f4xx_hal_eth.o
       548         46          0          0          0       3073   stm32f4xx_hal_gpio.o
      1820         84          0          0          0       6172   stm32f4xx_hal_rcc.o
        88          0          0          0          0       1368   stm32f4xx_hal_sram.o
       488         76          0          0          0       3648   stm32f4xx_hal_tim.o
      1796         16          0          0          0      10900   stm32f4xx_hal_uart.o
        20          0          0          0          0       3229   stm32f4xx_it.o
       232         10          0          0          0       3043   stm32f4xx_ll_fsmc.o
       204         12          0          0          0       1499   sys.o
      3034       1708          0          4          0      13741   sys_arch.o
        20          6         24          4          0       1575   system_stm32f4xx.o
      4522       1112          0         64        740      39451   tasks.o
      8036       3220        189         32          0      44307   tcp.o
      7832       1942          0         40         20      22247   tcp_in.o
     10306       3978         85          0          0      35606   tcp_out.o
      1084        542          0         16          0      10817   tcpip.o
      1024        468         36         12          0       8207   timeouts.o
      1082        214          0         20         40      12420   timers.o
      2950        994          0          8          0      15774   udp.o
       464         58          0          7        268       6788   usart.o
      2898       1308         40         28          0       6634   usmart.o
         0          0        224        292          0       1752   usmart_config.o
       328         50          0          0         72       3994   usmart_port.o
      1400         20          0          0          0      10265   usmart_str.o

    ----------------------------------------------------------------------
    117948      31084       1794        868     186380    2170241   Object Totals
         0          0         32          0          0          0   (incl. Generated)
        84          0         18         12         37          0   (incl. Padding)

    ----------------------------------------------------------------------

      Code (inc. data)   RO Data    RW Data    ZI Data      Debug   Library Member Name

        90          0          0          0          0          0   __dczerorl2.o
         8          0          0          0          0         68   __main.o
       392          4         17          0          0         92   __printf_flags_ss_wp.o
        14          0          0          0          0         68   __printf_wp.o
         0          0          0          0          0          0   __rtentry.o
        12          0          0          0          0          0   __rtentry2.o
         6          0          0          0          0          0   __rtentry4.o
        52          8          0          0          0          0   __scatter.o
        28          0          0          0          0          0   __scatter_zi.o
        28          0          0          0          0         68   _chval.o
         6          0          0          0          0          0   _printf_c.o
        44          0          0          0          0        108   _printf_char.o
        48          6          0          0          0         96   _printf_char_common.o
        36          4          0          0          0         80   _printf_char_file.o
         6          0          0          0          0          0   _printf_d.o
       120         16          0          0          0         92   _printf_dec.o
        88          4         40          0          0         88   _printf_hex_int.o
       178          0          0          0          0         88   _printf_intcommon.o
        78          0          0          0          0        108   _printf_pad.o
         0          0          0          0          0          0   _printf_percent.o
         4          0          0          0          0          0   _printf_percent_end.o
         6          0          0          0          0          0   _printf_s.o
        82          0          0          0          0         80   _printf_str.o
         6          0          0          0          0          0   _printf_u.o
         6          0          0          0          0          0   _printf_x.o
        10          0          0          0          0         68   _sputc.o
       158          0          0          0          0         92   _strtoul.o
        16          0          0          0          0         68   aeabi_memset.o
        26          0          0          0          0         80   atoi.o
        10          0          0          0          0         68   defsig_exit.o
        50          0          0          0          0         88   defsig_general.o
        80         58          0          0          0         76   defsig_rtmem_inner.o
        14          0          0          0          0         80   defsig_rtmem_outer.o
        18          0          0          0          0         80   exit.o
         8          0          0          0          0         68   ferror.o
        94          0          0          0          0         80   h1_alloc.o
        52          0          0          0          0         68   h1_extend.o
        78          0          0          0          0         80   h1_free.o
        14          0          0          0          0         84   h1_init.o
         6          0          0          0          0        152   heapauxi.o
         4          0          0          0          0        136   hguard.o
       138          0          0          0          0        168   init_alloc.o
        44         10        272          0          0         76   lc_ctype_c.o
         2          0          0          0          0          0   libinit.o
        36          0          0          0          0          0   libinit2.o
         2          0          0          0          0          0   libshutdown.o
         2          0          0          0          0          0   libshutdown2.o
         8          4          0          0         96         68   libspace.o
       238          0          0          0          0        100   lludivv7m.o
         0          0          0          0          0          0   maybetermalloc1.o
        88          0          0          0          0         76   memcmp.o
        24          4          0          0          0         84   noretval__2printf.o
        40          6          0          0          0         84   noretval__2sprintf.o
       112         18          0          0        228        160   rand.o
        16          4          0          0          0         76   rt_ctype_table.o
         8          4          0          0          0         68   rt_errno_addr_intlibspace.o
         8          4          0          0          0         68   rt_heap_descriptor_intlibspace.o
         8          4          0          0          0         68   rt_locale_intlibspace.o
        68          0          0          0          0         68   rt_memclr.o
        78          0          0          0          0         80   rt_memclr_w.o
       138          0          0          0          0         68   rt_memcpy_v6.o
       100          0          0          0          0         80   rt_memcpy_w.o
         2          0          0          0          0          0   rtexit.o
        10          0          0          0          0          0   rtexit2.o
       128          0          0          0          0         68   strcmpv7m.o
       112          0          0          0          0         88   strtol.o
        74          0          0          0          0         80   sys_stackheap_outer.o
         2          0          0          0          0         68   use_no_semi.o
         2          0          0          0          0         68   use_no_semi_2.o
        90          4          0          0          0        140   dfixu.o
        38          0          0          0          0        116   dflt_clz.o
       340         12          0          0          0        152   dmul.o
       156          4          0          0          0        140   dnaninf.o
        12          0          0          0          0        116   dretinf.o
        10          0          0          0          0        116   fpinit.o
         0          0          0          0          0          0   usenofp.o

    ----------------------------------------------------------------------
      4122        178        332          0        328       4948   Library Totals
        12          0          3          0          4          0   (incl. Padding)

    ----------------------------------------------------------------------

      Code (inc. data)   RO Data    RW Data    ZI Data      Debug   Library Name

      3464        158        329          0        324       4168   c_w.l
       646         20          0          0          0        780   fz_wm.l

    ----------------------------------------------------------------------
      4122        178        332          0        328       4948   Library Totals

    ----------------------------------------------------------------------

==============================================================================


      Code (inc. data)   RO Data    RW Data    ZI Data      Debug   

    122070      31262       2126        868     186708    2118245   Grand Totals
    122070      31262       2126        164     186708    2118245   ELF Image Totals (compressed)
    122070      31262       2126        164          0          0   ROM Totals

==============================================================================

    Total RO  Size (Code + RO Data)               124196 ( 121.29kB)
    Total RW  Size (RW Data + ZI Data)            187576 ( 183.18kB)
    Total ROM Size (Code + RO Data + RW Data)     124360 ( 121.45kB)

==============================================================================

