<html>
<body>
<pre>
<h1>礦ision Build Log</h1>
<h2>Tool Versions:</h2>
IDE-Version: μVision V5.35.0.0
Copyright (C) 2021 ARM Ltd and ARM Germany GmbH. All rights reserved.
License Information: li JTDX-YF-004, jtdx, LIC=JDA0P-MEM3R-XCMJ0-BA4XX-TJ5C0-IS6N0
 
Tool Versions:
Toolchain:       MDK-ARM Professional  Version: 5.35.0.2
Toolchain Path:  d:\Keil_v5\ARM\ARMCC\Bin
C Compiler:      Armcc.exe V5.06 update 7 (build 960)
Assembler:       Armasm.exe V5.06 update 7 (build 960)
Linker/Locator:  ArmLink.exe V5.06 update 7 (build 960)
Library Manager: ArmAr.exe V5.06 update 7 (build 960)
Hex Converter:   FromElf.exe V5.06 update 7 (build 960)
CPU DLL:         SARMCM3.DLL V5.35.0.2
Dialog DLL:      DCM.DLL V1.17.3.0
Target DLL:      STLink\ST-LINKIII-KEIL_SWO.dll V3.0.9.0
Dialog DLL:      TCM.DLL V1.53.0.0
 
<h2>Project:</h2>
F:\DEF\F\BaiduYunDownload\4，程序源码\5，lwIP例程\lwIP例程10-2 lwIP_SOCKET_UDP组播实验bootloader_udp\Projects\MDK-ARM\atk_f407.uvprojx
Project File Date:  12/05/2023

<h2>Output:</h2>
*** Using Compiler 'V5.06 update 7 (build 960)', folder: 'd:\Keil_v5\ARM\ARMCC\Bin'
Build target 'lwIP'
Note: source file '..\..\Middlewares\LWIP\src\core\sys.c' - object file renamed from '..\..\Output\sys.o' to '..\..\Output\sys_1.o'.
Note: source file '..\..\Middlewares\LWIP\src\netif\ethernet.c' - object file renamed from '..\..\Output\ethernet.o' to '..\..\Output\ethernet_1.o'.
compiling freertos_demo.c...
compiling lwip_demo.c...
..\..\Middlewares\lwip\lwip_app\lwip_demo.c(119): warning:  #177-D: variable "userApp"  was declared but never referenced
  		UserApplication userApp;
..\..\Middlewares\lwip\lwip_app\lwip_demo.c: 1 warning, 0 errors
linking...
Program Size: Code=122070 RO-data=2126 RW-data=868 ZI-data=186708  
FromELF: creating hex file...
After Build - User command #1: d:\Keil_v5\\ARM\ARMCC\Bin\fromelf --bin --output=Bin\atk_f407.bin ..\..\Output\atk_f407.axf
"..\..\Output\atk_f407.axf" - 0 Error(s), 1 Warning(s).

<h2>Software Packages used:</h2>

Package Vendor: Keil
                http://www.keil.com/pack/Keil.STM32F4xx_DFP.2.15.0.pack
                Keil.STM32F4xx_DFP.2.15.0
                STMicroelectronics STM32F4 Series Device Support, Drivers and Examples

<h2>Collection of Component include folders:</h2>
  d:\Users\JTDX-YF-004\AppData\Local\Arm\Packs\Keil\STM32F4xx_DFP\2.15.0\Drivers\CMSIS\Device\ST\STM32F4xx\Include

<h2>Collection of Component Files used:</h2>
Build Time Elapsed:  00:00:02
</pre>
</body>
</html>
