Component: ARM Compiler 5.06 update 7 (build 960) Tool: armlink [4d3601]

==============================================================================

Section Cross References

    startup_stm32f407xx.o(STACK) refers (Special) to heapauxi.o(.text) for __use_two_region_memory
    startup_stm32f407xx.o(HEAP) refers (Special) to heapauxi.o(.text) for __use_two_region_memory
    startup_stm32f407xx.o(RESET) refers (Special) to heapauxi.o(.text) for __use_two_region_memory
    startup_stm32f407xx.o(RESET) refers to startup_stm32f407xx.o(STACK) for __initial_sp
    startup_stm32f407xx.o(RESET) refers to startup_stm32f407xx.o(.text) for Reset_Handler
    startup_stm32f407xx.o(RESET) refers to stm32f4xx_it.o(i.NMI_Handler) for NMI_Handler
    startup_stm32f407xx.o(RESET) refers to stm32f4xx_it.o(i.HardFault_Handler) for HardFault_Handler
    startup_stm32f407xx.o(RESET) refers to stm32f4xx_it.o(i.MemManage_Handler) for MemManage_Handler
    startup_stm32f407xx.o(RESET) refers to stm32f4xx_it.o(i.BusFault_Handler) for BusFault_Handler
    startup_stm32f407xx.o(RESET) refers to stm32f4xx_it.o(i.UsageFault_Handler) for UsageFault_Handler
    startup_stm32f407xx.o(RESET) refers to port.o(.emb_text) for SVC_Handler
    startup_stm32f407xx.o(RESET) refers to stm32f4xx_it.o(i.DebugMon_Handler) for DebugMon_Handler
    startup_stm32f407xx.o(RESET) refers to delay.o(i.SysTick_Handler) for SysTick_Handler
    startup_stm32f407xx.o(RESET) refers to usmart_port.o(i.TIM4_IRQHandler) for TIM4_IRQHandler
    startup_stm32f407xx.o(RESET) refers to usart.o(i.USART3_IRQHandler) for USART3_IRQHandler
    startup_stm32f407xx.o(RESET) refers to ethernet.o(i.ETH_IRQHandler) for ETH_IRQHandler
    startup_stm32f407xx.o(.text) refers (Special) to heapauxi.o(.text) for __use_two_region_memory
    startup_stm32f407xx.o(.text) refers to system_stm32f4xx.o(i.SystemInit) for SystemInit
    startup_stm32f407xx.o(.text) refers to __main.o(!!!main) for __main
    startup_stm32f407xx.o(.text) refers to startup_stm32f407xx.o(HEAP) for Heap_Mem
    startup_stm32f407xx.o(.text) refers to startup_stm32f407xx.o(STACK) for Stack_Mem
    main.o(i.IAP_Init) refers to noretval__2printf.o(.text) for __2printf
    main.o(i.IAP_Init) refers to delay.o(i.delay_ms) for delay_ms
    main.o(i.main) refers to stm32f4xx_hal.o(i.HAL_Init) for HAL_Init
    main.o(i.main) refers to sys.o(i.sys_stm32_clock_init) for sys_stm32_clock_init
    main.o(i.main) refers to delay.o(i.delay_init) for delay_init
    main.o(i.main) refers to usart.o(i.usart_init) for usart_init
    main.o(i.main) refers to led.o(i.led_init) for led_init
    main.o(i.main) refers to malloc.o(i.my_mem_init) for my_mem_init
    main.o(i.main) refers to noretval__2printf.o(.text) for __2printf
    main.o(i.main) refers to main.o(i.IAP_Init) for IAP_Init
    main.o(i.main) refers to freertos_demo.o(i.freertos_demo) for freertos_demo
    main.o(i.main) refers to usmart_config.o(.data) for usmart_dev
    system_stm32f4xx.o(i.SystemCoreClockUpdate) refers to system_stm32f4xx.o(.data) for SystemCoreClock
    system_stm32f4xx.o(i.SystemCoreClockUpdate) refers to system_stm32f4xx.o(.constdata) for AHBPrescTable
    freertos_demo.o(i.freertos_demo) refers to tasks.o(i.xTaskCreate) for xTaskCreate
    freertos_demo.o(i.freertos_demo) refers to tasks.o(i.vTaskStartScheduler) for vTaskStartScheduler
    freertos_demo.o(i.freertos_demo) refers to freertos_demo.o(.data) for StartTask_Handler
    freertos_demo.o(i.freertos_demo) refers to freertos_demo.o(i.start_task) for start_task
    freertos_demo.o(i.led_task) refers to stm32f4xx_hal_gpio.o(i.HAL_GPIO_TogglePin) for HAL_GPIO_TogglePin
    freertos_demo.o(i.led_task) refers to tasks.o(i.vTaskDelay) for vTaskDelay
    freertos_demo.o(i.lwip_demo_task) refers to lwip_demo.o(i.lwip_demo) for lwip_demo
    freertos_demo.o(i.lwip_demo_task) refers to tasks.o(i.vTaskDelay) for vTaskDelay
    freertos_demo.o(i.lwip_test_ui) refers to _printf_percent.o(.ARM.Collect$$_printf_percent$$00000000) for _printf_percent
    freertos_demo.o(i.lwip_test_ui) refers to _printf_d.o(.ARM.Collect$$_printf_percent$$00000009) for _printf_d
    freertos_demo.o(i.lwip_test_ui) refers to _printf_dec.o(.text) for _printf_int_dec
    freertos_demo.o(i.lwip_test_ui) refers to lcd.o(i.lcd_show_string) for lcd_show_string
    freertos_demo.o(i.lwip_test_ui) refers to noretval__2sprintf.o(.text) for __2sprintf
    freertos_demo.o(i.lwip_test_ui) refers to ethernet.o(i.ethernet_chip_get_speed) for ethernet_chip_get_speed
    freertos_demo.o(i.lwip_test_ui) refers to lcd.o(.bss) for lcddev
    freertos_demo.o(i.lwip_test_ui) refers to lwip_comm.o(.bss) for g_lwipdev
    freertos_demo.o(i.start_task) refers to freertos_demo.o(i.lwip_test_ui) for lwip_test_ui
    freertos_demo.o(i.start_task) refers to noretval__2printf.o(.text) for __2printf
    freertos_demo.o(i.start_task) refers to delay.o(i.delay_ms) for delay_ms
[...]
    udp_pcbs                                 0x20000254   Data           4  udp.o(.data)
    g_rx_semaphore                           0x20000274   Data           4  ethernetif.o(.data)
    errno                                    0x20000278   Data           4  sys_arch.o(.data)
    rec_num                                  0x200002a2   Data           2  lwip_demo.o(.data)
    pxCurrentTCB                             0x200002a4   Data           4  tasks.o(.data)
    uxTopUsedPriority                        0x200002dc   Data           4  tasks.o(.data)
    g_usart_rx_buf                           0x20000324   Data         200  usart.o(.bss)
    g_uart1_handle                           0x200003ec   Data          68  usart.o(.bss)
    pFlash                                   0x20000430   Data          32  stm32f4xx_hal_flash.o(.bss)
    g_sram_handle                            0x20000450   Data          80  lcd.o(.bss)
    lcddev                                   0x200004a0   Data          14  lcd.o(.bss)
    g_eth_handler                            0x200004b0   Data          72  ethernet.o(.bss)
    g_timx_usmart_handle                     0x200004f8   Data          72  usmart_port.o(.bss)
    ip_data                                  0x20008530   Data          24  ip.o(.bss)
    ram_heap                                 0x20008548   Data       16403  mem.o(.bss)
    memp_memory_UDP_PCB_base                 0x2000c55b   Data         163  memp.o(.bss)
    memp_memory_TCP_PCB_base                 0x2000c5fe   Data         611  memp.o(.bss)
    memp_memory_TCP_PCB_LISTEN_base          0x2000c861   Data          59  memp.o(.bss)
    memp_memory_TCP_SEG_base                 0x2000c89c   Data        2403  memp.o(.bss)
    memp_memory_REASSDATA_base               0x2000d1ff   Data         163  memp.o(.bss)
    memp_memory_FRAG_PBUF_base               0x2000d2a2   Data         363  memp.o(.bss)
    memp_memory_NETBUF_base                  0x2000d40d   Data          35  memp.o(.bss)
    memp_memory_NETCONN_base                 0x2000d430   Data         179  memp.o(.bss)
    memp_memory_TCPIP_MSG_API_base           0x2000d4e3   Data         131  memp.o(.bss)
    memp_memory_TCPIP_MSG_INPKT_base         0x2000d566   Data         131  memp.o(.bss)
    memp_memory_IGMP_GROUP_base              0x2000d5e9   Data         131  memp.o(.bss)
    memp_memory_SYS_TIMEOUT_base             0x2000d66c   Data          99  memp.o(.bss)
    memp_memory_PBUF_base                    0x2000d6cf   Data         243  memp.o(.bss)
    memp_memory_PBUF_POOL_base               0x2000d7c2   Data       30643  memp.o(.bss)
    g_lwipdev                                0x2001507c   Data          28  lwip_comm.o(.bss)
    g_lwip_netif                             0x20015098   Data          60  lwip_comm.o(.bss)
    xQueueRegistry                           0x200154d4   Data          64  queue.o(.bss)
    _random_number_data                      0x2001d820   Data         228  rand.o(.bss)
    __libspace_start                         0x2001d904   Data          96  libspace.o(.bss)
    __temporary_stack_top$libspace           0x2001d964   Data           0  libspace.o(.bss)



==============================================================================

Memory Map of the image

  Image Entry point : 0x08000189

  Load Region LR_IROM1 (Base: 0x08000000, Size: 0x0001b618, Max: 0x00100000, ABSOLUTE, COMPRESSED[0x0001b3a0])

    Execution Region ER_IROM1 (Exec base: 0x08000000, Load base: 0x08000000, Size: 0x0001b2f4, Max: 0x00100000, ABSOLUTE)

    Exec Addr    Load Addr    Size         Type   Attr      Idx    E Section Name        Object

    0x08000000   0x08000000   0x00000188   Data   RO            3    RESET               startup_stm32f407xx.o
    0x08000188   0x08000188   0x00000008   Code   RO        10108  * !!!main             c_w.l(__main.o)
    0x08000190   0x08000190   0x00000034   Code   RO        10381    !!!scatter          c_w.l(__scatter.o)
    0x080001c4   0x080001c4   0x0000005a   Code   RO        10379    !!dczerorl2         c_w.l(__dczerorl2.o)
    0x0800021e   0x0800021e   0x00000002   PAD
    0x08000220   0x08000220   0x0000001c   Code   RO        10383    !!handler_zi        c_w.l(__scatter_zi.o)
    0x0800023c   0x0800023c   0x00000000   Code   RO        10078    .ARM.Collect$$_printf_percent$$00000000  c_w.l(_printf_percent.o)
    0x0800023c   0x0800023c   0x00000006   Code   RO        10076    .ARM.Collect$$_printf_percent$$00000009  c_w.l(_printf_d.o)
    0x08000242   0x08000242   0x00000006   Code   RO        10077    .ARM.Collect$$_printf_percent$$0000000A  c_w.l(_printf_u.o)
    0x08000248   0x08000248   0x00000006   Code   RO        10075    .ARM.Collect$$_printf_percent$$0000000C  c_w.l(_printf_x.o)
    0x0800024e   0x0800024e   0x00000006   Code   RO        10073    .ARM.Collect$$_printf_percent$$00000013  c_w.l(_printf_c.o)
    0x08000254   0x08000254   0x00000006   Code   RO        10074    .ARM.Collect$$_printf_percent$$00000014  c_w.l(_printf_s.o)
    0x0800025a   0x0800025a   0x00000004   Code   RO        10182    .ARM.Collect$$_printf_percent$$00000017  c_w.l(_printf_percent_end.o)
    0x0800025e   0x0800025e   0x00000002   Code   RO        10320    .ARM.Collect$$libinit$$00000000  c_w.l(libinit.o)
    0x08000260   0x08000260   0x00000004   Code   RO        10194    .ARM.Collect$$libinit$$00000001  c_w.l(libinit2.o)
    0x08000264   0x08000264   0x00000000   Code   RO        10197    .ARM.Collect$$libinit$$00000004  c_w.l(libinit2.o)
    0x08000264   0x08000264   0x00000008   Code   RO        10198    .ARM.Collect$$libinit$$00000005  c_w.l(libinit2.o)
    0x0800026c   0x0800026c   0x00000000   Code   RO        10200    .ARM.Collect$$libinit$$0000000A  c_w.l(libinit2.o)
    0x0800026c   0x0800026c   0x00000000   Code   RO        10202    .ARM.Collect$$libinit$$0000000C  c_w.l(libinit2.o)
    0x0800026c   0x0800026c   0x00000004   Code   RO        10203    .ARM.Collect$$libinit$$0000000D  c_w.l(libinit2.o)
    0x08000270   0x08000270   0x00000000   Code   RO        10204    .ARM.Collect$$libinit$$0000000E  c_w.l(libinit2.o)
    0x08000270   0x08000270   0x00000006   Code   RO        10205    .ARM.Collect$$libinit$$0000000F  c_w.l(libinit2.o)
    0x08000276   0x08000276   0x00000000   Code   RO        10207    .ARM.Collect$$libinit$$00000011  c_w.l(libinit2.o)
    0x08000276   0x08000276   0x0000000c   Code   RO        10208    .ARM.Collect$$libinit$$00000012  c_w.l(libinit2.o)
    0x08000282   0x08000282   0x00000000   Code   RO        10209    .ARM.Collect$$libinit$$00000013  c_w.l(libinit2.o)
    0x08000282   0x08000282   0x00000000   Code   RO        10211    .ARM.Collect$$libinit$$00000015  c_w.l(libinit2.o)
    0x08000282   0x08000282   0x00000000   Code   RO        10213    .ARM.Collect$$libinit$$00000017  c_w.l(libinit2.o)
    0x08000282   0x08000282   0x00000000   Code   RO        10215    .ARM.Collect$$libinit$$00000019  c_w.l(libinit2.o)
    0x08000282   0x08000282   0x00000000   Code   RO        10217    .ARM.Collect$$libinit$$0000001B  c_w.l(libinit2.o)
    0x08000282   0x08000282   0x00000000   Code   RO        10219    .ARM.Collect$$libinit$$0000001D  c_w.l(libinit2.o)
    0x08000282   0x08000282   0x00000000   Code   RO        10221    .ARM.Collect$$libinit$$0000001F  c_w.l(libinit2.o)
    0x08000282   0x08000282   0x00000000   Code   RO        10223    .ARM.Collect$$libinit$$00000021  c_w.l(libinit2.o)
    0x08000282   0x08000282   0x00000000   Code   RO        10225    .ARM.Collect$$libinit$$00000023  c_w.l(libinit2.o)
    0x08000282   0x08000282   0x00000000   Code   RO        10227    .ARM.Collect$$libinit$$00000025  c_w.l(libinit2.o)
    0x08000282   0x08000282   0x00000000   Code   RO        10231    .ARM.Collect$$libinit$$0000002C  c_w.l(libinit2.o)
    0x08000282   0x08000282   0x00000000   Code   RO        10233    .ARM.Collect$$libinit$$0000002E  c_w.l(libinit2.o)
    0x08000282   0x08000282   0x00000000   Code   RO        10235    .ARM.Collect$$libinit$$00000030  c_w.l(libinit2.o)
    0x08000282   0x08000282   0x00000000   Code   RO        10237    .ARM.Collect$$libinit$$00000032  c_w.l(libinit2.o)
    0x08000282   0x08000282   0x00000002   Code   RO        10238    .ARM.Collect$$libinit$$00000033  c_w.l(libinit2.o)
    0x08000284   0x08000284   0x00000002   Code   RO        10376    .ARM.Collect$$libshutdown$$00000000  c_w.l(libshutdown.o)
    0x08000286   0x08000286   0x00000000   Code   RO        10334    .ARM.Collect$$libshutdown$$00000002  c_w.l(libshutdown2.o)
    0x08000286   0x08000286   0x00000000   Code   RO        10336    .ARM.Collect$$libshutdown$$00000004  c_w.l(libshutdown2.o)
    0x08000286   0x08000286   0x00000000   Code   RO        10338    .ARM.Collect$$libshutdown$$00000006  c_w.l(libshutdown2.o)
    0x08000286   0x08000286   0x00000000   Code   RO        10341    .ARM.Collect$$libshutdown$$00000009  c_w.l(libshutdown2.o)
    0x08000286   0x08000286   0x00000000   Code   RO        10344    .ARM.Collect$$libshutdown$$0000000C  c_w.l(libshutdown2.o)
    0x08000286   0x08000286   0x00000000   Code   RO        10346    .ARM.Collect$$libshutdown$$0000000E  c_w.l(libshutdown2.o)
    0x08000286   0x08000286   0x00000000   Code   RO        10349    .ARM.Collect$$libshutdown$$00000011  c_w.l(libshutdown2.o)
    0x08000286   0x08000286   0x00000002   Code   RO        10350    .ARM.Collect$$libshutdown$$00000012  c_w.l(libshutdown2.o)
    0x08000288   0x08000288   0x00000000   Code   RO        10126    .ARM.Collect$$rtentry$$00000000  c_w.l(__rtentry.o)
    0x08000288   0x08000288   0x00000000   Code   RO        10248    .ARM.Collect$$rtentry$$00000002  c_w.l(__rtentry2.o)
    0x08000288   0x08000288   0x00000006   Code   RO        10260    .ARM.Collect$$rtentry$$00000004  c_w.l(__rtentry4.o)
    0x0800028e   0x0800028e   0x00000000   Code   RO        10250    .ARM.Collect$$rtentry$$00000009  c_w.l(__rtentry2.o)
    0x0800028e   0x0800028e   0x00000004   Code   RO        10251    .ARM.Collect$$rtentry$$0000000A  c_w.l(__rtentry2.o)
    0x08000292   0x08000292   0x00000000   Code   RO        10253    .ARM.Collect$$rtentry$$0000000C  c_w.l(__rtentry2.o)
    0x08000292   0x08000292   0x00000008   Code   RO        10254    .ARM.Collect$$rtentry$$0000000D  c_w.l(__rtentry2.o)
    0x0800029a   0x0800029a   0x00000002   Code   RO        10321    .ARM.Collect$$rtexit$$00000000  c_w.l(rtexit.o)
    0x0800029c   0x0800029c   0x00000000   Code   RO        10352    .ARM.Collect$$rtexit$$00000002  c_w.l(rtexit2.o)
    0x0800029c   0x0800029c   0x00000004   Code   RO        10353    .ARM.Collect$$rtexit$$00000003  c_w.l(rtexit2.o)
    0x080002a0   0x080002a0   0x00000006   Code   RO        10354    .ARM.Collect$$rtexit$$00000004  c_w.l(rtexit2.o)
    0x080002a6   0x080002a6   0x00000002   PAD
    0x080002a8   0x080002a8   0x000000be   Code   RO         9866    .emb_text           port.o
    0x08000366   0x08000366   0x00000002   PAD
    0x08000368   0x08000368   0x00000034   Code   RO        10081    .emb_text           c_w.l(rand.o)
    0x0800039c   0x0800039c   0x00000000   Code   RO        10266    .emb_text           c_w.l(maybetermalloc1.o)
    0x0800039c   0x0800039c   0x0000004c   Code   RO            4    .text               startup_stm32f407xx.o
    0x080003e8   0x080003e8   0x00000002   Code   RO         9954    .text               c_w.l(use_no_semi_2.o)
    0x080003ea   0x080003ea   0x00000002   PAD
    0x080003ec   0x080003ec   0x00000010   Code   RO         9956    .text               c_w.l(rt_ctype_table.o)
    0x080003fc   0x080003fc   0x0000005e   Code   RO         9960    .text               c_w.l(h1_alloc.o)
    0x0800045a   0x0800045a   0x000000ee   Code   RO        10014    .text               c_w.l(lludivv7m.o)
    0x08000548   0x08000548   0x00000018   Code   RO        10020    .text               c_w.l(noretval__2printf.o)
    0x08000560   0x08000560   0x00000028   Code   RO        10022    .text               c_w.l(noretval__2sprintf.o)
    0x08000588   0x08000588   0x0000004e   Code   RO        10026    .text               c_w.l(_printf_pad.o)
    0x080005d6   0x080005d6   0x00000052   Code   RO        10028    .text               c_w.l(_printf_str.o)
    0x08000628   0x08000628   0x00000078   Code   RO        10030    .text               c_w.l(_printf_dec.o)
    0x080006a0   0x080006a0   0x00000058   Code   RO        10035    .text               c_w.l(_printf_hex_int.o)
    0x080006f8   0x080006f8   0x00000188   Code   RO        10070    .text               c_w.l(__printf_flags_ss_wp.o)
    0x08000880   0x08000880   0x0000001a   Code   RO        10079    .text               c_w.l(atoi.o)
    0x0800089a   0x0800089a   0x00000002   PAD
    0x0800089c   0x0800089c   0x0000003c   Code   RO        10082    .text               c_w.l(rand.o)
    0x080008d8   0x080008d8   0x00000058   Code   RO        10086    .text               c_w.l(memcmp.o)
    0x08000930   0x08000930   0x0000008a   Code   RO        10094    .text               c_w.l(rt_memcpy_v6.o)
    0x080009ba   0x080009ba   0x00000010   Code   RO        10100    .text               c_w.l(aeabi_memset.o)
    0x080009ca   0x080009ca   0x00000044   Code   RO        10102    .text               c_w.l(rt_memclr.o)
    0x08000a0e   0x08000a0e   0x0000004e   Code   RO        10104    .text               c_w.l(rt_memclr_w.o)
    0x08000a5c   0x08000a5c   0x00000006   Code   RO        10106    .text               c_w.l(heapauxi.o)
    0x08000a62   0x08000a62   0x00000002   Code   RO        10122    .text               c_w.l(use_no_semi.o)
    0x08000a64   0x08000a64   0x00000008   Code   RO        10134    .text               c_w.l(rt_heap_descriptor_intlibspace.o)
    0x08000a6c   0x08000a6c   0x00000008   Code   RO        10139    .text               c_w.l(rt_locale_intlibspace.o)
    0x08000a74   0x08000a74   0x00000008   Code   RO        10144    .text               c_w.l(rt_errno_addr_intlibspace.o)
    0x08000a7c   0x08000a7c   0x00000004   Code   RO        10146    .text               c_w.l(hguard.o)
    0x08000a80   0x08000a80   0x0000008a   Code   RO        10148    .text               c_w.l(init_alloc.o)
    0x08000b0a   0x08000b0a   0x0000000e   Code   RO        10154    .text               c_w.l(h1_init.o)
    0x08000b18   0x08000b18   0x0000004e   Code   RO        10156    .text               c_w.l(h1_free.o)
    0x08000b66   0x08000b66   0x000000b2   Code   RO        10172    .text               c_w.l(_printf_intcommon.o)
    0x08000c18   0x08000c18   0x00000030   Code   RO        10174    .text               c_w.l(_printf_char_common.o)
    0x08000c48   0x08000c48   0x0000000a   Code   RO        10176    .text               c_w.l(_sputc.o)
    0x08000c52   0x08000c52   0x0000002c   Code   RO        10178    .text               c_w.l(_printf_char.o)
    0x08000c7e   0x08000c7e   0x00000002   PAD
    0x08000c80   0x08000c80   0x00000024   Code   RO        10180    .text               c_w.l(_printf_char_file.o)
    0x08000ca4   0x08000ca4   0x00000070   Code   RO        10183    .text               c_w.l(strtol.o)
    0x08000d14   0x08000d14   0x00000064   Code   RO        10188    .text               c_w.l(rt_memcpy_w.o)
    0x08000d78   0x08000d78   0x00000008   Code   RO        10244    .text               c_w.l(libspace.o)
    0x08000d80   0x08000d80   0x00000034   Code   RO        10268    .text               c_w.l(h1_extend.o)
    0x08000db4   0x08000db4   0x0000009e   Code   RO        10274    .text               c_w.l(_strtoul.o)
    0x08000e52   0x08000e52   0x00000008   Code   RO        10276    .text               c_w.l(ferror.o)
    0x08000e5a   0x08000e5a   0x0000000e   Code   RO        10280    .text               c_w.l(defsig_rtmem_outer.o)
    0x08000e68   0x08000e68   0x00000080   Code   RO        10284    .text               c_w.l(strcmpv7m.o)
    0x08000ee8   0x08000ee8   0x0000004a   Code   RO        10293    .text               c_w.l(sys_stackheap_outer.o)
    0x08000f32   0x08000f32   0x0000001c   Code   RO        10299    .text               c_w.l(_chval.o)
    0x08000f4e   0x08000f4e   0x00000012   Code   RO        10301    .text               c_w.l(exit.o)
    0x08000f60   0x08000f60   0x0000000a   Code   RO        10303    .text               c_w.l(defsig_exit.o)
    0x08000f6a   0x08000f6a   0x00000002   PAD
    0x08000f6c   0x08000f6c   0x00000050   Code   RO        10309    .text               c_w.l(defsig_rtmem_inner.o)
    0x08000fbc   0x08000fbc   0x00000032   Code   RO        10329    .text               c_w.l(defsig_general.o)
    0x08000fee   0x08000fee   0x00000004   Code   RO          289    i.BusFault_Handler  stm32f4xx_it.o
    0x08000ff2   0x08000ff2   0x00000002   Code   RO          290    i.DebugMon_Handler  stm32f4xx_it.o
    0x08000ff4   0x08000ff4   0x00000016   Code   RO         4019    i.ETH_DMAReceptionDisable  stm32f4xx_hal_eth.o
    0x0800100a   0x0800100a   0x00000016   Code   RO         4020    i.ETH_DMAReceptionEnable  stm32f4xx_hal_eth.o
    0x08001020   0x08001020   0x00000016   Code   RO         4021    i.ETH_DMATransmissionDisable  stm32f4xx_hal_eth.o
    0x08001036   0x08001036   0x00000016   Code   RO         4022    i.ETH_DMATransmissionEnable  stm32f4xx_hal_eth.o
    0x0800104c   0x0800104c   0x00000028   Code   RO         4023    i.ETH_Delay         stm32f4xx_hal_eth.o
    0x08001074   0x08001074   0x00000038   Code   RO         4024    i.ETH_FlushTransmitFIFO  stm32f4xx_hal_eth.o
    0x080010ac   0x080010ac   0x00000030   Code   RO         4533    i.ETH_IRQHandler    ethernet.o
    0x080010dc   0x080010dc   0x00000034   Code   RO         4025    i.ETH_MACAddressConfig  stm32f4xx_hal_eth.o
    0x08001110   0x08001110   0x0000024c   Code   RO         4026    i.ETH_MACDMAConfig  stm32f4xx_hal_eth.o
    0x0800135c   0x0800135c   0x00000028   Code   RO         4027    i.ETH_MACReceptionDisable  stm32f4xx_hal_eth.o
    0x08001384   0x08001384   0x00000028   Code   RO         4028    i.ETH_MACReceptionEnable  stm32f4xx_hal_eth.o
    0x080013ac   0x080013ac   0x00000028   Code   RO         4029    i.ETH_MACTransmissionDisable  stm32f4xx_hal_eth.o
    0x080013d4   0x080013d4   0x00000028   Code   RO         4030    i.ETH_MACTransmissionEnable  stm32f4xx_hal_eth.o
    0x080013fc   0x080013fc   0x0000000c   Code   RO         8443    i.FLASH_ClearFlag   lwip_demo.o
    0x08001408   0x08001408   0x0000005c   Code   RO         3796    i.FLASH_Erase_Sector  stm32f4xx_hal_flash_ex.o
    0x08001464   0x08001464   0x00000054   Code   RO         8444    i.FLASH_ProgramHalfWord  lwip_demo.o
    0x080014b8   0x080014b8   0x00000098   Code   RO         3905    i.FLASH_SetErrorCode  stm32f4xx_hal_flash.o
    0x08001550   0x08001550   0x00000064   Code   RO         3906    i.FLASH_WaitForLastOperation  stm32f4xx_hal_flash.o
    0x080015b4   0x080015b4   0x000000e4   Code   RO         8445    i.GetSector         lwip_demo.o
    0x08001698   0x08001698   0x000000aa   Code   RO         1159    i.HAL_DMA_Abort     stm32f4xx_hal_dma.o
    0x08001742   0x08001742   0x00000028   Code   RO         1160    i.HAL_DMA_Abort_IT  stm32f4xx_hal_dma.o
    0x0800176a   0x0800176a   0x00000002   PAD
    0x0800176c   0x0800176c   0x00000028   Code   RO          837    i.HAL_Delay         stm32f4xx_hal.o
    0x08001794   0x08001794   0x0000008c   Code   RO         4033    i.HAL_ETH_DMARxDescListInit  stm32f4xx_hal_eth.o
    0x08001820   0x08001820   0x00000084   Code   RO         4034    i.HAL_ETH_DMATxDescListInit  stm32f4xx_hal_eth.o
    0x080018a4   0x080018a4   0x000000b2   Code   RO         4037    i.HAL_ETH_GetReceivedFrame  stm32f4xx_hal_eth.o
    0x08001956   0x08001956   0x00000002   PAD
    0x08001958   0x08001958   0x000002a4   Code   RO         4041    i.HAL_ETH_Init      stm32f4xx_hal_eth.o
    0x08001bfc   0x08001bfc   0x000002a0   Code   RO         4534    i.HAL_ETH_MspInit   ethernet.o
    0x08001e9c   0x08001e9c   0x00000092   Code   RO         4044    i.HAL_ETH_ReadPHYRegister  stm32f4xx_hal_eth.o
    0x08001f2e   0x08001f2e   0x00000052   Code   RO         4046    i.HAL_ETH_Start     stm32f4xx_hal_eth.o
    0x08001f80   0x08001f80   0x00000052   Code   RO         4047    i.HAL_ETH_Stop      stm32f4xx_hal_eth.o
    0x08001fd2   0x08001fd2   0x0000013e   Code   RO         4048    i.HAL_ETH_TransmitFrame  stm32f4xx_hal_eth.o
    0x08002110   0x08002110   0x00000090   Code   RO         4050    i.HAL_ETH_WritePHYRegister  stm32f4xx_hal_eth.o
    0x080021a0   0x080021a0   0x00000014   Code   RO         3910    i.HAL_FLASH_Lock    stm32f4xx_hal_flash.o
    0x080021b4   0x080021b4   0x00000034   Code   RO         3917    i.HAL_FLASH_Unlock  stm32f4xx_hal_flash.o
    0x080021e8   0x080021e8   0x00000204   Code   RO         1265    i.HAL_GPIO_Init     stm32f4xx_hal_gpio.o
    0x080023ec   0x080023ec   0x00000014   Code   RO         1268    i.HAL_GPIO_TogglePin  stm32f4xx_hal_gpio.o
    0x08002400   0x08002400   0x0000000c   Code   RO         1269    i.HAL_GPIO_WritePin  stm32f4xx_hal_gpio.o
    0x0800240c   0x0800240c   0x0000000c   Code   RO          842    i.HAL_GetREVID      stm32f4xx_hal.o
    0x08002418   0x08002418   0x0000000c   Code   RO          843    i.HAL_GetTick       stm32f4xx_hal.o
    0x08002424   0x08002424   0x00000018   Code   RO          849    i.HAL_IncTick       stm32f4xx_hal.o
    0x0800243c   0x0800243c   0x00000030   Code   RO          850    i.HAL_Init          stm32f4xx_hal.o
    0x0800246c   0x0800246c   0x0000004c   Code   RO          851    i.HAL_InitTick      stm32f4xx_hal.o
    0x080024b8   0x080024b8   0x00000002   Code   RO          853    i.HAL_MspInit       stm32f4xx_hal.o
    0x080024ba   0x080024ba   0x00000020   Code   RO         1021    i.HAL_NVIC_EnableIRQ  stm32f4xx_hal_cortex.o
    0x080024da   0x080024da   0x0000007c   Code   RO         1027    i.HAL_NVIC_SetPriority  stm32f4xx_hal_cortex.o
    0x08002556   0x08002556   0x00000002   PAD
    0x08002558   0x08002558   0x00000028   Code   RO         1028    i.HAL_NVIC_SetPriorityGrouping  stm32f4xx_hal_cortex.o
    0x08002580   0x08002580   0x00000184   Code   RO         1329    i.HAL_RCC_ClockConfig  stm32f4xx_hal_rcc.o
    0x08002704   0x08002704   0x0000000c   Code   RO         1334    i.HAL_RCC_GetHCLKFreq  stm32f4xx_hal_rcc.o
    0x08002710   0x08002710   0x00000020   Code   RO         1336    i.HAL_RCC_GetPCLK1Freq  stm32f4xx_hal_rcc.o
    0x08002730   0x08002730   0x00000020   Code   RO         1337    i.HAL_RCC_GetPCLK2Freq  stm32f4xx_hal_rcc.o
    0x08002750   0x08002750   0x000000b0   Code   RO         1338    i.HAL_RCC_GetSysClockFreq  stm32f4xx_hal_rcc.o
    0x08002800   0x08002800   0x0000049c   Code   RO         1341    i.HAL_RCC_OscConfig  stm32f4xx_hal_rcc.o
    0x08002c9c   0x08002c9c   0x00000028   Code   RO         1030    i.HAL_SYSTICK_CLKSourceConfig  stm32f4xx_hal_cortex.o
    0x08002cc4   0x08002cc4   0x00000034   Code   RO         1032    i.HAL_SYSTICK_Config  stm32f4xx_hal_cortex.o
    0x08002cf8   0x08002cf8   0x00000066   Code   RO         2847    i.HAL_TIM_Base_Init  stm32f4xx_hal_tim.o
    0x08002d5e   0x08002d5e   0x00000002   Code   RO         2849    i.HAL_TIM_Base_MspInit  stm32f4xx_hal_tim.o
    0x08002d60   0x08002d60   0x000000a8   Code   RO         2852    i.HAL_TIM_Base_Start_IT  stm32f4xx_hal_tim.o
    0x08002e08   0x08002e08   0x00000002   Code   RO         1935    i.HAL_UARTEx_RxEventCallback  stm32f4xx_hal_uart.o
    0x08002e0a   0x08002e0a   0x00000002   Code   RO         1949    i.HAL_UART_ErrorCallback  stm32f4xx_hal_uart.o
    0x08002e0c   0x08002e0c   0x00000250   Code   RO         1952    i.HAL_UART_IRQHandler  stm32f4xx_hal_uart.o
    0x0800305c   0x0800305c   0x00000072   Code   RO         1953    i.HAL_UART_Init     stm32f4xx_hal_uart.o
    0x080030ce   0x080030ce   0x00000002   PAD
    0x080030d0   0x080030d0   0x000000cc   Code   RO          753    i.HAL_UART_MspInit  usart.o
    0x0800319c   0x0800319c   0x00000042   Code   RO         1958    i.HAL_UART_Receive_IT  stm32f4xx_hal_uart.o
    0x080031de   0x080031de   0x00000002   PAD
    0x080031e0   0x080031e0   0x0000009c   Code   RO          754    i.HAL_UART_RxCpltCallback  usart.o
    0x0800327c   0x0800327c   0x00000002   Code   RO         1964    i.HAL_UART_TxCpltCallback  stm32f4xx_hal_uart.o
    0x0800327e   0x0800327e   0x00000004   Code   RO          291    i.HardFault_Handler  stm32f4xx_it.o
    0x08003282   0x08003282   0x0000003e   Code   RO         8447    i.IAP_FlashWritSome  lwip_demo.o
    0x080032c0   0x080032c0   0x00000098   Code   RO           13    i.IAP_Init          main.o
    0x08003358   0x08003358   0x00000004   Code   RO          292    i.MemManage_Handler  stm32f4xx_it.o
    0x0800335c   0x0800335c   0x00000002   Code   RO          293    i.NMI_Handler       stm32f4xx_it.o
    0x0800335e   0x0800335e   0x00000014   Code   RO          636    i.SysTick_Handler   delay.o
    0x08003372   0x08003372   0x00000002   PAD
    0x08003374   0x08003374   0x00000014   Code   RO          499    i.SystemInit        system_stm32f4xx.o
    0x08003388   0x08003388   0x00000044   Code   RO         4683    i.TIM4_IRQHandler   usmart_port.o
    0x080033cc   0x080033cc   0x000000d8   Code   RO         2940    i.TIM_Base_SetConfig  stm32f4xx_hal_tim.o
    0x080034a4   0x080034a4   0x00000014   Code   RO         1966    i.UART_DMAAbortOnError  stm32f4xx_hal_uart.o
    0x080034b8   0x080034b8   0x00000036   Code   RO         1976    i.UART_EndRxTransfer  stm32f4xx_hal_uart.o
    0x080034ee   0x080034ee   0x00000020   Code   RO         1977    i.UART_EndTransmit_IT  stm32f4xx_hal_uart.o
    0x0800350e   0x0800350e   0x000000be   Code   RO         1979    i.UART_Receive_IT   stm32f4xx_hal_uart.o
    0x080035cc   0x080035cc   0x0000022c   Code   RO         1980    i.UART_SetConfig    stm32f4xx_hal_uart.o
    0x080037f8   0x080037f8   0x00000046   Code   RO         1982    i.UART_Start_Receive_IT  stm32f4xx_hal_uart.o
    0x0800383e   0x0800383e   0x00000060   Code   RO         1983    i.UART_Transmit_IT  stm32f4xx_hal_uart.o
    0x0800389e   0x0800389e   0x00000002   PAD
    0x080038a0   0x080038a0   0x00000010   Code   RO          755    i.USART3_IRQHandler  usart.o
    0x080038b0   0x080038b0   0x00000004   Code   RO          294    i.UsageFault_Handler  stm32f4xx_it.o
    0x080038b4   0x080038b4   0x00000010   Code   RO         1034    i.__NVIC_GetPriorityGrouping  stm32f4xx_hal_cortex.o
    0x080038c4   0x080038c4   0x00000028   Code   RO         1035    i.__NVIC_SetPriority  stm32f4xx_hal_cortex.o
    0x080038ec   0x080038ec   0x00000040   Code   RO         8448    i.__NVIC_SystemReset  lwip_demo.o
    0x0800392c   0x0800392c   0x0000000e   Code   RO        10063    i._is_digit         c_w.l(__printf_wp.o)
    0x0800393a   0x0800393a   0x00000004   Code   RO          757    i._sys_exit         usart.o
    0x0800393e   0x0800393e   0x00000004   Code   RO          758    i._ttywrch          usart.o
    0x08003942   0x08003942   0x00000002   PAD
    0x08003944   0x08003944   0x0000011c   Code   RO         5619    i.alloc_socket      sockets.o
    0x08003a60   0x08003a60   0x00000038   Code   RO          637    i.delay_init        delay.o
    0x08003a98   0x08003a98   0x00000018   Code   RO          638    i.delay_ms          delay.o
    0x08003ab0   0x08003ab0   0x00000048   Code   RO          639    i.delay_us          delay.o
    0x08003af8   0x08003af8   0x000000b4   Code   RO         6387    i.do_memp_free_pool  memp.o
    0x08003bac   0x08003bac   0x000000c4   Code   RO         6388    i.do_memp_malloc_pool  memp.o
    0x08003c70   0x08003c70   0x00000200   Code   RO         5244    i.err_tcp           api_msg.o
    0x08003e70   0x08003e70   0x00000020   Code   RO         5458    i.err_to_errno      err.o
    0x08003e90   0x08003e90   0x00000038   Code   RO         7634    i.etharp_cleanup_netif  etharp.o
    0x08003ec8   0x08003ec8   0x00000310   Code   RO         7636    i.etharp_find_entry  etharp.o
    0x080041d8   0x080041d8   0x00000078   Code   RO         7637    i.etharp_free_entry  etharp.o
    0x08004250   0x08004250   0x000000ec   Code   RO         7639    i.etharp_input      etharp.o
    0x0800433c   0x0800433c   0x00000218   Code   RO         7640    i.etharp_output     etharp.o
    0x08004554   0x08004554   0x00000160   Code   RO         7641    i.etharp_output_to_arp_index  etharp.o
    0x080046b4   0x080046b4   0x000002e0   Code   RO         7642    i.etharp_query      etharp.o
    0x08004994   0x08004994   0x00000188   Code   RO         7643    i.etharp_raw        etharp.o
    0x08004b1c   0x08004b1c   0x0000001c   Code   RO         7644    i.etharp_request    etharp.o
    0x08004b38   0x08004b38   0x0000002c   Code   RO         7645    i.etharp_request_dst  etharp.o
    0x08004b64   0x08004b64   0x000000e4   Code   RO         7646    i.etharp_tmr        etharp.o
    0x08004c48   0x08004c48   0x00000160   Code   RO         7647    i.etharp_update_arp_entry  etharp.o
    0x08004da8   0x08004da8   0x00000010   Code   RO         4535    i.ethernet_chip_get_speed  ethernet.o
    0x08004db8   0x08004db8   0x00000024   Code   RO         4536    i.ethernet_get_eth_rx_size  ethernet.o
    0x08004ddc   0x08004ddc   0x00000078   Code   RO         4537    i.ethernet_init     ethernet.o
    0x08004e54   0x08004e54   0x000000d8   Code   RO         8065    i.ethernet_input    ethernet_1.o
    0x08004f2c   0x08004f2c   0x00000054   Code   RO         4539    i.ethernet_mem_malloc  ethernet.o
    0x08004f80   0x08004f80   0x00000100   Code   RO         8066    i.ethernet_output   ethernet_1.o
    0x08005080   0x08005080   0x00000018   Code   RO         4540    i.ethernet_read_phy  ethernet.o
    0x08005098   0x08005098   0x000000c4   Code   RO         8092    i.ethernetif_init   ethernetif.o
    0x0800515c   0x0800515c   0x00000064   Code   RO         8093    i.ethernetif_input  ethernetif.o
    0x080051c0   0x080051c0   0x0000016c   Code   RO         5620    i.event_callback    sockets.o
    0x0800532c   0x0800532c   0x0000001c   Code   RO          759    i.fputc             usart.o
    0x08005348   0x08005348   0x00000030   Code   RO          538    i.freertos_demo     freertos_demo.o
    0x08005378   0x08005378   0x00000030   Code   RO         5624    i.get_socket        sockets.o
    0x080053a8   0x080053a8   0x00000012   Code   RO         7731    i.icmp_dest_unreach  icmp.o
    0x080053ba   0x080053ba   0x00000002   PAD
    0x080053bc   0x080053bc   0x000002bc   Code   RO         7732    i.icmp_input        icmp.o
    0x08005678   0x08005678   0x0000013c   Code   RO         7733    i.icmp_send_response  icmp.o
    0x080057b4   0x080057b4   0x00000012   Code   RO         7734    i.icmp_time_exceeded  icmp.o
    0x080057c6   0x080057c6   0x0000002a   Code   RO         7763    i.igmp_delaying_member  igmp.o
    0x080057f0   0x080057f0   0x00000024   Code   RO         7764    i.igmp_init         igmp.o
    0x08005814   0x08005814   0x0000011c   Code   RO         7765    i.igmp_input        igmp.o
    0x08005930   0x08005930   0x0000003c   Code   RO         7766    i.igmp_ip_output_if  igmp.o
    0x0800596c   0x0800596c   0x000000f4   Code   RO         7767    i.igmp_joingroup    igmp.o
    0x08005a60   0x08005a60   0x0000017c   Code   RO         7768    i.igmp_joingroup_netif  igmp.o
    0x08005bdc   0x08005bdc   0x000000f8   Code   RO         7769    i.igmp_leavegroup   igmp.o
    0x08005cd4   0x08005cd4   0x0000018c   Code   RO         7770    i.igmp_leavegroup_netif  igmp.o
    0x08005e60   0x08005e60   0x00000020   Code   RO         7771    i.igmp_lookfor_group  igmp.o
    0x08005e80   0x08005e80   0x00000140   Code   RO         7772    i.igmp_lookup_group  igmp.o
    0x08005fc0   0x08005fc0   0x00000028   Code   RO         7773    i.igmp_remove_group  igmp.o
    0x08005fe8   0x08005fe8   0x00000020   Code   RO         7774    i.igmp_report_groups  igmp.o
    0x08006008   0x08006008   0x00000138   Code   RO         7775    i.igmp_send         igmp.o
    0x08006140   0x08006140   0x00000048   Code   RO         7776    i.igmp_start        igmp.o
    0x08006188   0x08006188   0x00000026   Code   RO         7777    i.igmp_start_timer  igmp.o
    0x080061ae   0x080061ae   0x00000002   PAD
    0x080061b0   0x080061b0   0x00000038   Code   RO         7779    i.igmp_timeout      igmp.o
    0x080061e8   0x080061e8   0x00000038   Code   RO         7780    i.igmp_tmr          igmp.o
    0x08006220   0x08006220   0x00000014   Code   RO         6172    i.inet_chksum       inet_chksum.o
    0x08006234   0x08006234   0x00000056   Code   RO         6173    i.inet_chksum_pbuf  inet_chksum.o
    0x0800628a   0x0800628a   0x0000004e   Code   RO         7940    i.ip4_addr_isbroadcast_u32  ip4_addr.o
    0x080062d8   0x080062d8   0x000002b8   Code   RO         7996    i.ip4_frag          ip4_frag.o
    0x08006590   0x08006590   0x00000218   Code   RO         7879    i.ip4_input         ip4.o
    0x080067a8   0x080067a8   0x0000003c   Code   RO         7880    i.ip4_input_accept  ip4.o
    0x080067e4   0x080067e4   0x00000034   Code   RO         7882    i.ip4_output_if     ip4.o
    0x08006818   0x08006818   0x00000044   Code   RO         7883    i.ip4_output_if_opt  ip4.o
    0x0800685c   0x0800685c   0x00000200   Code   RO         7884    i.ip4_output_if_opt_src  ip4.o
    0x08006a5c   0x08006a5c   0x00000034   Code   RO         7885    i.ip4_output_if_src  ip4.o
    0x08006a90   0x08006a90   0x00000308   Code   RO         7997    i.ip4_reass         ip4_frag.o
    0x08006d98   0x08006d98   0x000000b4   Code   RO         7886    i.ip4_route         ip4.o
    0x08006e4c   0x08006e4c   0x00000210   Code   RO         7942    i.ip4addr_aton      ip4_addr.o
    0x0800705c   0x0800705c   0x0000000a   Code   RO         7998    i.ip_frag_alloc_pbuf_custom_ref  ip4_frag.o
    0x08007066   0x08007066   0x00000002   PAD
    0x08007068   0x08007068   0x0000008c   Code   RO         7999    i.ip_frag_free_pbuf_custom_ref  ip4_frag.o
    0x080070f4   0x080070f4   0x000002f4   Code   RO         8000    i.ip_reass_chain_frag_into_datagram_and_validate  ip4_frag.o
    0x080073e8   0x080073e8   0x000000b8   Code   RO         8001    i.ip_reass_dequeue_datagram  ip4_frag.o
    0x080074a0   0x080074a0   0x00000058   Code   RO         8002    i.ip_reass_enqueue_new_datagram  ip4_frag.o
    0x080074f8   0x080074f8   0x000001d4   Code   RO         8003    i.ip_reass_free_complete_datagram  ip4_frag.o
    0x080076cc   0x080076cc   0x00000088   Code   RO         8004    i.ip_reass_remove_oldest_datagram  ip4_frag.o
    0x08007754   0x08007754   0x0000003c   Code   RO         8005    i.ip_reass_tmr      ip4_frag.o
    0x08007790   0x08007790   0x00000018   Code   RO         7945    i.ipaddr_addr       ip4_addr.o
    0x080077a8   0x080077a8   0x000000bc   Code   RO         8006    i.ipfrag_free_pbuf_custom  ip4_frag.o
    0x08007864   0x08007864   0x00000038   Code   RO         4271    i.lcd_show_string   lcd.o
    0x0800789c   0x0800789c   0x00000094   Code   RO         4217    i.led_init          led.o
    0x08007930   0x08007930   0x0000001c   Code   RO          539    i.led_task          freertos_demo.o
    0x0800794c   0x0800794c   0x000000bc   Code   RO         8094    i.low_level_init    ethernetif.o
    0x08007a08   0x08007a08   0x000000fc   Code   RO         8095    i.low_level_input   ethernetif.o
    0x08007b04   0x08007b04   0x000000e8   Code   RO         8096    i.low_level_output  ethernetif.o
    0x08007bec   0x08007bec   0x000000e0   Code   RO         5626    i.lwip_bind         sockets.o
    0x08007ccc   0x08007ccc   0x0000005c   Code   RO         8165    i.lwip_comm_default_ip_set  lwip_comm.o
    0x08007d28   0x08007d28   0x00000540   Code   RO         8166    i.lwip_comm_init    lwip_comm.o
    0x08008268   0x08008268   0x00000050   Code   RO         7425    i.lwip_cyclic_timer  timeouts.o
    0x080082b8   0x080082b8   0x00000304   Code   RO         8449    i.lwip_demo         lwip_demo.o
    0x080085bc   0x080085bc   0x00000010   Code   RO          540    i.lwip_demo_task    freertos_demo.o
    0x080085cc   0x080085cc   0x0000001a   Code   RO         6124    i.lwip_htonl        def.o
    0x080085e6   0x080085e6   0x0000000c   Code   RO         6125    i.lwip_htons        def.o
    0x080085f2   0x080085f2   0x00000002   PAD
    0x080085f4   0x080085f4   0x0000009c   Code   RO         6233    i.lwip_init         init.o
    0x08008690   0x08008690   0x0000006c   Code   RO         8167    i.lwip_link_status_updated  lwip_comm.o
    0x080086fc   0x080086fc   0x00000074   Code   RO         8168    i.lwip_link_thread  lwip_comm.o
    0x08008770   0x08008770   0x0000004c   Code   RO         5245    i.lwip_netconn_do_bind  api_msg.o
    0x080087bc   0x080087bc   0x00000154   Code   RO         5247    i.lwip_netconn_do_close  api_msg.o
    0x08008910   0x08008910   0x00000354   Code   RO         5248    i.lwip_netconn_do_close_internal  api_msg.o
    0x08008c64   0x08008c64   0x00000214   Code   RO         5251    i.lwip_netconn_do_delconn  api_msg.o
    0x08008e78   0x08008e78   0x0000012c   Code   RO         5253    i.lwip_netconn_do_getaddr  api_msg.o
    0x08008fa4   0x08008fa4   0x00000018   Code   RO         5257    i.lwip_netconn_do_newconn  api_msg.o
    0x08008fbc   0x08008fbc   0x00000048   Code   RO         5258    i.lwip_netconn_do_recv  api_msg.o
    0x08009004   0x08009004   0x00000064   Code   RO         5259    i.lwip_netconn_do_send  api_msg.o
    0x08009068   0x08009068   0x00000174   Code   RO         5260    i.lwip_netconn_do_write  api_msg.o
    0x080091dc   0x080091dc   0x00000418   Code   RO         5261    i.lwip_netconn_do_writemore  api_msg.o
    0x080095f4   0x080095f4   0x000000ac   Code   RO         5262    i.lwip_netconn_err_to_msg  api_msg.o
    0x080096a0   0x080096a0   0x000000b8   Code   RO         5263    i.lwip_netconn_is_err_msg  api_msg.o
    0x08009758   0x08009758   0x00000030   Code   RO         8169    i.lwip_pkt_handle   lwip_comm.o
    0x08009788   0x08009788   0x00000048   Code   RO         5641    i.lwip_poll_should_wake  sockets.o
    0x080097d0   0x080097d0   0x00000288   Code   RO         5646    i.lwip_recv_tcp     sockets.o
    0x08009a58   0x08009a58   0x00000050   Code   RO         5647    i.lwip_recv_tcp_from  sockets.o
    0x08009aa8   0x08009aa8   0x00000110   Code   RO         5648    i.lwip_recvfrom     sockets.o
    0x08009bb8   0x08009bb8   0x000001cc   Code   RO         5649    i.lwip_recvfrom_udp_raw  sockets.o
    0x08009d84   0x08009d84   0x000000a8   Code   RO         5653    i.lwip_send         sockets.o
    0x08009e2c   0x08009e2c   0x00000230   Code   RO         8450    i.lwip_send_thread  lwip_demo.o
    0x0800a05c   0x0800a05c   0x00000148   Code   RO         5655    i.lwip_sendto       sockets.o
    0x0800a1a4   0x0800a1a4   0x00000080   Code   RO         5656    i.lwip_setsockopt   sockets.o
    0x0800a224   0x0800a224   0x00000508   Code   RO         5657    i.lwip_setsockopt_impl  sockets.o
    0x0800a72c   0x0800a72c   0x00000138   Code   RO         5659    i.lwip_sock_make_addr  sockets.o
    0x0800a864   0x0800a864   0x000000c0   Code   RO         5660    i.lwip_socket       sockets.o
    0x0800a924   0x0800a924   0x00000060   Code   RO         5663    i.lwip_socket_register_membership  sockets.o
    0x0800a984   0x0800a984   0x00000080   Code   RO         5666    i.lwip_socket_unregister_membership  sockets.o
    0x0800aa04   0x0800aa04   0x000000a0   Code   RO         5667    i.lwip_sockopt_to_ipopt  sockets.o
    0x0800aaa4   0x0800aaa4   0x0000005e   Code   RO         6180    i.lwip_standard_chksum  inet_chksum.o
    0x0800ab02   0x0800ab02   0x00000002   PAD
    0x0800ab04   0x0800ab04   0x000001bc   Code   RO          541    i.lwip_test_ui      freertos_demo.o
    0x0800acc0   0x0800acc0   0x00000068   Code   RO           14    i.main              main.o
    0x0800ad28   0x0800ad28   0x0000021c   Code   RO         6315    i.mem_free          mem.o
    0x0800af44   0x0800af44   0x000000ec   Code   RO         6316    i.mem_init          mem.o
    0x0800b030   0x0800b030   0x00000058   Code   RO         6317    i.mem_link_valid    mem.o
    0x0800b088   0x0800b088   0x000002b8   Code   RO         6318    i.mem_malloc        mem.o
    0x0800b340   0x0800b340   0x00000010   Code   RO         6319    i.mem_to_ptr        mem.o
    0x0800b350   0x0800b350   0x0000024c   Code   RO         6320    i.mem_trim          mem.o
    0x0800b59c   0x0800b59c   0x00000050   Code   RO         6389    i.memp_free         memp.o
    0x0800b5ec   0x0800b5ec   0x00000020   Code   RO         6391    i.memp_init         memp.o
    0x0800b60c   0x0800b60c   0x0000002c   Code   RO         6392    i.memp_init_pool    memp.o
    0x0800b638   0x0800b638   0x00000050   Code   RO         6393    i.memp_malloc       memp.o
    0x0800b688   0x0800b688   0x0000006c   Code   RO         4844    i.my_mem_free       malloc.o
    0x0800b6f4   0x0800b6f4   0x00000030   Code   RO         4845    i.my_mem_init       malloc.o
    0x0800b724   0x0800b724   0x000000a8   Code   RO         4846    i.my_mem_malloc     malloc.o
    0x0800b7cc   0x0800b7cc   0x00000040   Code   RO         4847    i.my_mem_perused    malloc.o
    0x0800b80c   0x0800b80c   0x00000014   Code   RO         4848    i.my_mem_set        malloc.o
    0x0800b820   0x0800b820   0x00000024   Code   RO         4849    i.myfree            malloc.o
    0x0800b844   0x0800b844   0x00000028   Code   RO         4850    i.mymalloc          malloc.o
    0x0800b86c   0x0800b86c   0x00000020   Code   RO         5537    i.netbuf_delete     netbuf.o
    0x0800b88c   0x0800b88c   0x00000048   Code   RO         5539    i.netbuf_free       netbuf.o
    0x0800b8d4   0x0800b8d4   0x0000006c   Code   RO         5542    i.netbuf_ref        netbuf.o
    0x0800b940   0x0800b940   0x00000118   Code   RO         5264    i.netconn_alloc     api_msg.o
    0x0800ba58   0x0800ba58   0x00000026   Code   RO         4923    i.netconn_apimsg    api_lib.o
    0x0800ba7e   0x0800ba7e   0x00000002   PAD
    0x0800ba80   0x0800ba80   0x00000060   Code   RO         4924    i.netconn_bind      api_lib.o
    0x0800bae0   0x0800bae0   0x0000005c   Code   RO         4927    i.netconn_close_shutdown  api_lib.o
    0x0800bb3c   0x0800bb3c   0x0000001e   Code   RO         4929    i.netconn_delete    api_lib.o
    0x0800bb5a   0x0800bb5a   0x000000a2   Code   RO         5265    i.netconn_drain     api_msg.o
    0x0800bbfc   0x0800bbfc   0x00000022   Code   RO         4931    i.netconn_err       api_lib.o
    0x0800bc1e   0x0800bc1e   0x00000002   PAD
    0x0800bc20   0x0800bc20   0x0000017c   Code   RO         5266    i.netconn_free      api_msg.o
    0x0800bd9c   0x0800bd9c   0x000000d0   Code   RO         4932    i.netconn_getaddr   api_lib.o
    0x0800be6c   0x0800be6c   0x000001a0   Code   RO         4936    i.netconn_new_with_proto_and_callback  api_lib.o
    0x0800c00c   0x0800c00c   0x00000030   Code   RO         4937    i.netconn_prepare_delete  api_lib.o
    0x0800c03c   0x0800c03c   0x000001d0   Code   RO         4939    i.netconn_recv_data  api_lib.o
    0x0800c20c   0x0800c20c   0x000000c6   Code   RO         4940    i.netconn_recv_data_tcp  api_lib.o
    0x0800c2d2   0x0800c2d2   0x00000002   PAD
    0x0800c2d4   0x0800c2d4   0x00000058   Code   RO         4942    i.netconn_recv_tcp_pbuf_flags  api_lib.o
    0x0800c32c   0x0800c32c   0x00000060   Code   RO         4944    i.netconn_recv_udp_raw_netbuf_flags  api_lib.o
    0x0800c38c   0x0800c38c   0x00000058   Code   RO         4945    i.netconn_send      api_lib.o
    0x0800c3e4   0x0800c3e4   0x00000060   Code   RO         4948    i.netconn_tcp_recvd  api_lib.o
    0x0800c444   0x0800c444   0x00000060   Code   RO         4949    i.netconn_tcp_recvd_msg  api_lib.o
    0x0800c4a4   0x0800c4a4   0x00000028   Code   RO         4950    i.netconn_write_partly  api_lib.o
    0x0800c4cc   0x0800c4cc   0x000001c8   Code   RO         4951    i.netconn_write_vectors_partly  api_lib.o
    0x0800c694   0x0800c694   0x00000244   Code   RO         6485    i.netif_add         netif.o
    0x0800c8d8   0x0800c8d8   0x00000018   Code   RO         6487    i.netif_do_ip_addr_changed  netif.o
    0x0800c8f0   0x0800c8f0   0x0000002a   Code   RO         6488    i.netif_do_set_gw   netif.o
    0x0800c91a   0x0800c91a   0x00000002   PAD
    0x0800c91c   0x0800c91c   0x000000d8   Code   RO         6489    i.netif_do_set_ipaddr  netif.o
    0x0800c9f4   0x0800c9f4   0x0000002a   Code   RO         6490    i.netif_do_set_netmask  netif.o
    0x0800ca1e   0x0800ca1e   0x00000002   PAD
    0x0800ca20   0x0800ca20   0x0000005c   Code   RO         6491    i.netif_find        netif.o
    0x0800ca7c   0x0800ca7c   0x00000028   Code   RO         6492    i.netif_get_by_index  netif.o
    0x0800caa4   0x0800caa4   0x00000002   Code   RO         6494    i.netif_init        netif.o
    0x0800caa6   0x0800caa6   0x00000002   PAD
    0x0800caa8   0x0800caa8   0x000000dc   Code   RO         6496    i.netif_issue_reports  netif.o
    0x0800cb84   0x0800cb84   0x00000008   Code   RO         6498    i.netif_null_output_ip4  netif.o
    0x0800cb8c   0x0800cb8c   0x00000060   Code   RO         6500    i.netif_set_addr    netif.o
    0x0800cbec   0x0800cbec   0x00000010   Code   RO         6501    i.netif_set_default  netif.o
    0x0800cbfc   0x0800cbfc   0x00000064   Code   RO         6502    i.netif_set_down    netif.o
    0x0800cc60   0x0800cc60   0x00000006   Code   RO         6505    i.netif_set_link_callback  netif.o
    0x0800cc66   0x0800cc66   0x00000002   PAD
    0x0800cc68   0x0800cc68   0x00000068   Code   RO         6506    i.netif_set_link_down  netif.o
    0x0800ccd0   0x0800ccd0   0x00000070   Code   RO         6507    i.netif_set_link_up  netif.o
    0x0800cd40   0x0800cd40   0x00000058   Code   RO         6509    i.netif_set_up      netif.o
    0x0800cd98   0x0800cd98   0x00000012   Code   RO         6662    i.pbuf_add_header   pbuf.o
    0x0800cdaa   0x0800cdaa   0x00000002   PAD
    0x0800cdac   0x0800cdac   0x000000e8   Code   RO         6664    i.pbuf_add_header_impl  pbuf.o
    0x0800ce94   0x0800ce94   0x0000029c   Code   RO         6665    i.pbuf_alloc        pbuf.o
    0x0800d130   0x0800d130   0x000000b8   Code   RO         6666    i.pbuf_alloc_reference  pbuf.o
    0x0800d1e8   0x0800d1e8   0x0000005a   Code   RO         6667    i.pbuf_alloced_custom  pbuf.o
    0x0800d242   0x0800d242   0x00000002   PAD
    0x0800d244   0x0800d244   0x0000013c   Code   RO         6668    i.pbuf_cat          pbuf.o
    0x0800d380   0x0800d380   0x0000001a   Code   RO         6669    i.pbuf_chain        pbuf.o
    0x0800d39a   0x0800d39a   0x00000012   Code   RO         6670    i.pbuf_clen         pbuf.o
    0x0800d3ac   0x0800d3ac   0x000000a8   Code   RO         6671    i.pbuf_clone        pbuf.o
    0x0800d454   0x0800d454   0x0000004c   Code   RO         6673    i.pbuf_copy         pbuf.o
    0x0800d4a0   0x0800d4a0   0x000000d8   Code   RO         6674    i.pbuf_copy_partial  pbuf.o
    0x0800d578   0x0800d578   0x000002ac   Code   RO         6675    i.pbuf_copy_partial_pbuf  pbuf.o
    0x0800d824   0x0800d824   0x000001ac   Code   RO         6677    i.pbuf_free         pbuf.o
    0x0800d9d0   0x0800d9d0   0x00000040   Code   RO         6678    i.pbuf_free_header  pbuf.o
    0x0800da10   0x0800da10   0x00000012   Code   RO         6682    i.pbuf_header_force  pbuf.o
    0x0800da22   0x0800da22   0x00000022   Code   RO         6683    i.pbuf_header_impl  pbuf.o
    0x0800da44   0x0800da44   0x0000001e   Code   RO         6684    i.pbuf_init_alloced_pbuf  pbuf.o
    0x0800da62   0x0800da62   0x00000002   PAD
    0x0800da64   0x0800da64   0x0000015c   Code   RO         6688    i.pbuf_realloc      pbuf.o
    0x0800dbc0   0x0800dbc0   0x000000a0   Code   RO         6689    i.pbuf_ref          pbuf.o
    0x0800dc60   0x0800dc60   0x000000e8   Code   RO         6690    i.pbuf_remove_header  pbuf.o
    0x0800dd48   0x0800dd48   0x00000108   Code   RO         5267    i.pcb_new           api_msg.o
    0x0800de50   0x0800de50   0x000001d0   Code   RO         6321    i.plug_holes        mem.o
    0x0800e020   0x0800e020   0x00000100   Code   RO         5268    i.poll_tcp          api_msg.o
    0x0800e120   0x0800e120   0x000000cc   Code   RO         9200    i.prvAddCurrentTaskToDelayedList  tasks.o
    0x0800e1ec   0x0800e1ec   0x000000ec   Code   RO         9201    i.prvAddNewTaskToReadyList  tasks.o
    0x0800e2d8   0x0800e2d8   0x00000064   Code   RO         9625    i.prvCheckForValidListAndQueue  timers.o
    0x0800e33c   0x0800e33c   0x00000048   Code   RO         9202    i.prvCheckTasksWaitingTermination  tasks.o
    0x0800e384   0x0800e384   0x0000002a   Code   RO         8763    i.prvCopyDataFromQueue  queue.o
    0x0800e3ae   0x0800e3ae   0x0000007e   Code   RO         8764    i.prvCopyDataToQueue  queue.o
    0x0800e42c   0x0800e42c   0x00000012   Code   RO         9203    i.prvDeleteTCB      tasks.o
    0x0800e43e   0x0800e43e   0x00000014   Code   RO         8765    i.prvGetDisinheritPriorityAfterTimeout  queue.o
    0x0800e452   0x0800e452   0x00000002   PAD
    0x0800e454   0x0800e454   0x00000028   Code   RO         9626    i.prvGetNextExpireTime  timers.o
    0x0800e47c   0x0800e47c   0x0000007c   Code   RO         9799    i.prvHeapInit       heap_4.o
    0x0800e4f8   0x0800e4f8   0x00000028   Code   RO         9204    i.prvIdleTask       tasks.o
    0x0800e520   0x0800e520   0x0000001e   Code   RO         8766    i.prvInitialiseMutex  queue.o
    0x0800e53e   0x0800e53e   0x0000002e   Code   RO         8767    i.prvInitialiseNewQueue  queue.o
    0x0800e56c   0x0800e56c   0x00000104   Code   RO         9205    i.prvInitialiseNewTask  tasks.o
    0x0800e670   0x0800e670   0x00000068   Code   RO         9206    i.prvInitialiseTaskLists  tasks.o
    0x0800e6d8   0x0800e6d8   0x00000068   Code   RO         9800    i.prvInsertBlockIntoFreeList  heap_4.o
    0x0800e740   0x0800e740   0x00000058   Code   RO         9628    i.prvInsertTimerInActiveList  timers.o
    0x0800e798   0x0800e798   0x0000001a   Code   RO         8768    i.prvIsQueueEmpty   queue.o
    0x0800e7b2   0x0800e7b2   0x0000001e   Code   RO         8769    i.prvIsQueueFull    queue.o
    0x0800e7d0   0x0800e7d0   0x000000c4   Code   RO         8770    i.prvNotifyQueueSetContainer  queue.o
    0x0800e894   0x0800e894   0x00000044   Code   RO         9629    i.prvProcessExpiredTimer  timers.o
    0x0800e8d8   0x0800e8d8   0x0000016c   Code   RO         9630    i.prvProcessReceivedCommands  timers.o
    0x0800ea44   0x0800ea44   0x00000074   Code   RO         9631    i.prvProcessTimerOrBlockTask  timers.o
    0x0800eab8   0x0800eab8   0x00000028   Code   RO         9632    i.prvReloadTimer    timers.o
    0x0800eae0   0x0800eae0   0x00000030   Code   RO         9208    i.prvResetNextTaskUnblockTime  tasks.o
    0x0800eb10   0x0800eb10   0x0000002c   Code   RO         9633    i.prvSampleTimeNow  timers.o
    0x0800eb3c   0x0800eb3c   0x00000044   Code   RO         9634    i.prvSwitchTimerLists  timers.o
    0x0800eb80   0x0800eb80   0x00000080   Code   RO         9867    i.prvTaskExitError  port.o
    0x0800ec00   0x0800ec00   0x0000001a   Code   RO         9635    i.prvTimerTask      timers.o
    0x0800ec1a   0x0800ec1a   0x00000090   Code   RO         8771    i.prvUnlockQueue    queue.o
    0x0800ecaa   0x0800ecaa   0x00000002   PAD
    0x0800ecac   0x0800ecac   0x00000010   Code   RO         6322    i.ptr_to_mem        mem.o
    0x0800ecbc   0x0800ecbc   0x00000194   Code   RO         9801    i.pvPortMalloc      heap_4.o
    0x0800ee50   0x0800ee50   0x00000020   Code   RO         9213    i.pvTaskIncrementMutexHeldCount  tasks.o
    0x0800ee70   0x0800ee70   0x0000002c   Code   RO         9868    i.pxPortInitialiseStack  port.o
    0x0800ee9c   0x0800ee9c   0x00000006   Code   RO         4616    i.read_addr         usmart.o
    0x0800eea2   0x0800eea2   0x00000002   PAD
    0x0800eea4   0x0800eea4   0x000001ac   Code   RO         5269    i.recv_tcp          api_msg.o
    0x0800f050   0x0800f050   0x00000188   Code   RO         5270    i.recv_udp          api_msg.o
    0x0800f1d8   0x0800f1d8   0x00000108   Code   RO         5671    i.select_check_waiters  sockets.o
    0x0800f2e0   0x0800f2e0   0x000000e8   Code   RO         5271    i.sent_tcp          api_msg.o
    0x0800f3c8   0x0800f3c8   0x00000044   Code   RO         5272    i.setup_tcp         api_msg.o
    0x0800f40c   0x0800f40c   0x00000138   Code   RO          542    i.start_task        freertos_demo.o
    0x0800f544   0x0800f544   0x0000012c   Code   RO         8286    i.sys_arch_mbox_fetch  sys_arch.o
    0x0800f670   0x0800f670   0x000000f8   Code   RO         8287    i.sys_arch_mbox_tryfetch  sys_arch.o
    0x0800f768   0x0800f768   0x0000000a   Code   RO         8289    i.sys_arch_protect  sys_arch.o
    0x0800f772   0x0800f772   0x00000002   PAD
    0x0800f774   0x0800f774   0x00000120   Code   RO         8290    i.sys_arch_sem_wait  sys_arch.o
    0x0800f894   0x0800f894   0x0000000a   Code   RO         8291    i.sys_arch_unprotect  sys_arch.o
    0x0800f89e   0x0800f89e   0x00000002   PAD
    0x0800f8a0   0x0800f8a0   0x00000054   Code   RO         7426    i.sys_check_timeouts  timeouts.o
    0x0800f8f4   0x0800f8f4   0x00000002   Code   RO         8292    i.sys_init          sys_arch.o
    0x0800f8f6   0x0800f8f6   0x00000002   PAD
    0x0800f8f8   0x0800f8f8   0x000000b4   Code   RO         8294    i.sys_mbox_free     sys_arch.o
    0x0800f9ac   0x0800f9ac   0x000000c0   Code   RO         8295    i.sys_mbox_new      sys_arch.o
    0x0800fa6c   0x0800fa6c   0x000000f4   Code   RO         8297    i.sys_mbox_trypost  sys_arch.o
    0x0800fb60   0x0800fb60   0x000000e8   Code   RO         8300    i.sys_mutex_lock    sys_arch.o
    0x0800fc48   0x0800fc48   0x00000090   Code   RO         8301    i.sys_mutex_new     sys_arch.o
    0x0800fcd8   0x0800fcd8   0x000000e4   Code   RO         8302    i.sys_mutex_unlock  sys_arch.o
    0x0800fdbc   0x0800fdbc   0x00000008   Code   RO         8303    i.sys_now           sys_arch.o
    0x0800fdc4   0x0800fdc4   0x000000b4   Code   RO         8304    i.sys_sem_free      sys_arch.o
    0x0800fe78   0x0800fe78   0x00000124   Code   RO         8305    i.sys_sem_new       sys_arch.o
    0x0800ff9c   0x0800ff9c   0x000000f8   Code   RO         8306    i.sys_sem_signal    sys_arch.o
    0x08010094   0x08010094   0x000000cc   Code   RO          686    i.sys_stm32_clock_init  sys.o
    0x08010160   0x08010160   0x000000e4   Code   RO         8307    i.sys_thread_new    sys_arch.o
    0x08010244   0x08010244   0x000000c8   Code   RO         7428    i.sys_timeout       timeouts.o
    0x0801030c   0x0801030c   0x00000138   Code   RO         7429    i.sys_timeout_abs   timeouts.o
    0x08010444   0x08010444   0x00000028   Code   RO         7430    i.sys_timeouts_init  timeouts.o
    0x0801046c   0x0801046c   0x000000c4   Code   RO         7431    i.sys_timeouts_sleeptime  timeouts.o
    0x08010530   0x08010530   0x000001bc   Code   RO         6892    i.tcp_abandon       tcp.o
    0x080106ec   0x080106ec   0x0000000e   Code   RO         6893    i.tcp_abort         tcp.o
    0x080106fa   0x080106fa   0x00000010   Code   RO         6894    i.tcp_accept        tcp.o
    0x0801070a   0x0801070a   0x00000002   PAD
    0x0801070c   0x0801070c   0x000000d0   Code   RO         6896    i.tcp_alloc         tcp.o
    0x080107dc   0x080107dc   0x00000006   Code   RO         6897    i.tcp_arg           tcp.o
    0x080107e2   0x080107e2   0x00000002   PAD
    0x080107e4   0x080107e4   0x00000108   Code   RO         6898    i.tcp_bind          tcp.o
    0x080108ec   0x080108ec   0x00000012   Code   RO         6899    i.tcp_bind_netif    tcp.o
    0x080108fe   0x080108fe   0x00000002   PAD
    0x08010900   0x08010900   0x00000054   Code   RO         6900    i.tcp_close         tcp.o
    0x08010954   0x08010954   0x00000204   Code   RO         6901    i.tcp_close_shutdown  tcp.o
    0x08010b58   0x08010b58   0x000000e0   Code   RO         6902    i.tcp_close_shutdown_fin  tcp.o
    0x08010c38   0x08010c38   0x000001d8   Code   RO         7277    i.tcp_create_segment  tcp_out.o
    0x08010e10   0x08010e10   0x000000cc   Code   RO         6905    i.tcp_eff_send_mss_netif  tcp.o
    0x08010edc   0x08010edc   0x000002c8   Code   RO         7278    i.tcp_enqueue_flags  tcp_out.o
    0x080111a4   0x080111a4   0x000000a4   Code   RO         6906    i.tcp_err           tcp.o
    0x08011248   0x08011248   0x000000a4   Code   RO         6907    i.tcp_fasttmr       tcp.o
    0x080112ec   0x080112ec   0x0000008c   Code   RO         6908    i.tcp_free          tcp.o
    0x08011378   0x08011378   0x00000164   Code   RO         7205    i.tcp_free_acked_segments  tcp_in.o
    0x080114dc   0x080114dc   0x00000094   Code   RO         6909    i.tcp_free_listen   tcp.o
    0x08011570   0x08011570   0x00000048   Code   RO         7206    i.tcp_get_next_optbyte  tcp_in.o
    0x080115b8   0x080115b8   0x00000038   Code   RO         6910    i.tcp_handle_closepend  tcp.o
    0x080115f0   0x080115f0   0x00000018   Code   RO         6911    i.tcp_init          tcp.o
    0x08011608   0x08011608   0x00000830   Code   RO         7207    i.tcp_input         tcp_in.o
    0x08011e38   0x08011e38   0x000000e0   Code   RO         7208    i.tcp_input_delayed_close  tcp_in.o
    0x08011f18   0x08011f18   0x000000ec   Code   RO         7279    i.tcp_keepalive     tcp_out.o
    0x08012004   0x08012004   0x0000006c   Code   RO         6912    i.tcp_kill_prio     tcp.o
    0x08012070   0x08012070   0x000000cc   Code   RO         6913    i.tcp_kill_state    tcp.o
    0x0801213c   0x0801213c   0x00000040   Code   RO         6914    i.tcp_kill_timewait  tcp.o
    0x0801217c   0x0801217c   0x000000cc   Code   RO         6915    i.tcp_listen_closed  tcp.o
    0x08012248   0x08012248   0x000001f8   Code   RO         7209    i.tcp_listen_input  tcp_in.o
    0x08012440   0x08012440   0x0000004c   Code   RO         6918    i.tcp_netif_ip_addr_changed  tcp.o
    0x0801248c   0x0801248c   0x000000cc   Code   RO         6919    i.tcp_netif_ip_addr_changed_pcblist  tcp.o
    0x08012558   0x08012558   0x00000010   Code   RO         6921    i.tcp_new_ip_type   tcp.o
    0x08012568   0x08012568   0x00000068   Code   RO         6922    i.tcp_new_port      tcp.o
    0x080125d0   0x080125d0   0x000000a4   Code   RO         6923    i.tcp_next_iss      tcp.o
    0x08012674   0x08012674   0x0000036c   Code   RO         7280    i.tcp_output        tcp_out.o
    0x080129e0   0x080129e0   0x000000d4   Code   RO         7281    i.tcp_output_alloc_header  tcp_out.o
    0x08012ab4   0x08012ab4   0x0000011c   Code   RO         7282    i.tcp_output_alloc_header_common  tcp_out.o
    0x08012bd0   0x08012bd0   0x000000f4   Code   RO         7283    i.tcp_output_control_segment  tcp_out.o
    0x08012cc4   0x08012cc4   0x0000011c   Code   RO         7284    i.tcp_output_fill_options  tcp_out.o
    0x08012de0   0x08012de0   0x00000250   Code   RO         7285    i.tcp_output_segment  tcp_out.o
    0x08013030   0x08013030   0x000000ac   Code   RO         7286    i.tcp_output_segment_busy  tcp_out.o
    0x080130dc   0x080130dc   0x00000140   Code   RO         7210    i.tcp_parseopt      tcp_in.o
    0x0801321c   0x0801321c   0x00000170   Code   RO         7287    i.tcp_pbuf_prealloc  tcp_out.o
    0x0801338c   0x0801338c   0x00000088   Code   RO         6924    i.tcp_pcb_purge     tcp.o
    0x08013414   0x08013414   0x0000019c   Code   RO         6925    i.tcp_pcb_remove    tcp.o
    0x080135b0   0x080135b0   0x000000c8   Code   RO         6926    i.tcp_poll          tcp.o
    0x08013678   0x08013678   0x00000768   Code   RO         7211    i.tcp_process       tcp_in.o
    0x08013de0   0x08013de0   0x000000dc   Code   RO         6927    i.tcp_process_refused_data  tcp.o
    0x08013ebc   0x08013ebc   0x000007ec   Code   RO         7212    i.tcp_receive       tcp_in.o
    0x080146a8   0x080146a8   0x000000a4   Code   RO         6928    i.tcp_recv          tcp.o
    0x0801474c   0x0801474c   0x00000060   Code   RO         6929    i.tcp_recv_null     tcp.o
    0x080147ac   0x080147ac   0x00000114   Code   RO         6930    i.tcp_recved        tcp.o
    0x080148c0   0x080148c0   0x000000ac   Code   RO         6931    i.tcp_remove_listener  tcp.o
    0x0801496c   0x0801496c   0x00000100   Code   RO         7288    i.tcp_rexmit        tcp_out.o
    0x08014a6c   0x08014a6c   0x0000010c   Code   RO         7289    i.tcp_rexmit_fast   tcp_out.o
    0x08014b78   0x08014b78   0x000000a0   Code   RO         7290    i.tcp_rexmit_rto    tcp_out.o
    0x08014c18   0x08014c18   0x000000b0   Code   RO         7291    i.tcp_rexmit_rto_commit  tcp_out.o
    0x08014cc8   0x08014cc8   0x00000120   Code   RO         7292    i.tcp_rexmit_rto_prepare  tcp_out.o
    0x08014de8   0x08014de8   0x0000001e   Code   RO         7293    i.tcp_route         tcp_out.o
    0x08014e06   0x08014e06   0x00000002   PAD
    0x08014e08   0x08014e08   0x00000128   Code   RO         7294    i.tcp_rst           tcp_out.o
    0x08014f30   0x08014f30   0x0000001a   Code   RO         6932    i.tcp_seg_free      tcp.o
    0x08014f4a   0x08014f4a   0x00000018   Code   RO         6933    i.tcp_segs_free     tcp.o
    0x08014f62   0x08014f62   0x00000002   PAD
    0x08014f64   0x08014f64   0x00000140   Code   RO         7295    i.tcp_send_empty_ack  tcp_out.o
    0x080150a4   0x080150a4   0x000000d8   Code   RO         7296    i.tcp_send_fin      tcp_out.o
    0x0801517c   0x0801517c   0x000000a4   Code   RO         6934    i.tcp_sent          tcp.o
    0x08015220   0x08015220   0x00000098   Code   RO         6936    i.tcp_shutdown      tcp.o
    0x080152b8   0x080152b8   0x00000738   Code   RO         6937    i.tcp_slowtmr       tcp.o
    0x080159f0   0x080159f0   0x000002e0   Code   RO         7297    i.tcp_split_unsent_seg  tcp_out.o
    0x08015cd0   0x08015cd0   0x00000038   Code   RO         7433    i.tcp_timer_needed  timeouts.o
    0x08015d08   0x08015d08   0x0000013c   Code   RO         7213    i.tcp_timewait_input  tcp_in.o
    0x08015e44   0x08015e44   0x00000024   Code   RO         6939    i.tcp_tmr           tcp.o
    0x08015e68   0x08015e68   0x00000014   Code   RO         7214    i.tcp_trigger_input_pcb_close  tcp_in.o
    0x08015e7c   0x08015e7c   0x00000110   Code   RO         6941    i.tcp_update_rcv_ann_wnd  tcp.o
    0x08015f8c   0x08015f8c   0x000008ec   Code   RO         7298    i.tcp_write         tcp_out.o
    0x08016878   0x08016878   0x000001b8   Code   RO         7299    i.tcp_write_checks  tcp_out.o
    0x08016a30   0x08016a30   0x00000180   Code   RO         7300    i.tcp_zero_window_probe  tcp_out.o
    0x08016bb0   0x08016bb0   0x00000124   Code   RO         5972    i.tcpip_init        tcpip.o
    0x08016cd4   0x08016cd4   0x000000c0   Code   RO         5973    i.tcpip_inpkt       tcpip.o
    0x08016d94   0x08016d94   0x00000030   Code   RO         5974    i.tcpip_input       tcpip.o
    0x08016dc4   0x08016dc4   0x00000020   Code   RO         5975    i.tcpip_send_msg_wait_sem  tcpip.o
    0x08016de4   0x08016de4   0x00000038   Code   RO         7434    i.tcpip_tcp_timer   timeouts.o
    0x08016e1c   0x08016e1c   0x000000cc   Code   RO         5976    i.tcpip_thread      tcpip.o
    0x08016ee8   0x08016ee8   0x000000dc   Code   RO         5977    i.tcpip_thread_handle_msg  tcpip.o
    0x08016fc4   0x08016fc4   0x00000060   Code   RO         5978    i.tcpip_timeouts_mbox_fetch  tcpip.o
    0x08017024   0x08017024   0x0000001a   Code   RO         5672    i.tryget_socket     sockets.o
    0x0801703e   0x0801703e   0x00000010   Code   RO         5673    i.tryget_socket_unconn  sockets.o
    0x0801704e   0x0801704e   0x00000002   PAD
    0x08017050   0x08017050   0x00000020   Code   RO         5675    i.tryget_socket_unconn_nouse  sockets.o
    0x08017070   0x08017070   0x000000e8   Code   RO         7504    i.udp_bind          udp.o
    0x08017158   0x08017158   0x00000012   Code   RO         7505    i.udp_bind_netif    udp.o
    0x0801716a   0x0801716a   0x00000002   PAD
    0x0801716c   0x0801716c   0x00000018   Code   RO         7508    i.udp_init          udp.o
    0x08017184   0x08017184   0x00000278   Code   RO         7509    i.udp_input         udp.o
    0x080173fc   0x080173fc   0x00000130   Code   RO         7510    i.udp_input_local_match  udp.o
    0x0801752c   0x0801752c   0x00000030   Code   RO         7511    i.udp_netif_ip_addr_changed  udp.o
    0x0801755c   0x0801755c   0x0000001e   Code   RO         7512    i.udp_new           udp.o
    0x0801757a   0x0801757a   0x0000000e   Code   RO         7513    i.udp_new_ip_type   udp.o
    0x08017588   0x08017588   0x00000058   Code   RO         7514    i.udp_new_port      udp.o
    0x080175e0   0x080175e0   0x0000003c   Code   RO         7515    i.udp_recv          udp.o
    0x0801761c   0x0801761c   0x00000070   Code   RO         7516    i.udp_remove        udp.o
    0x0801768c   0x0801768c   0x00000070   Code   RO         7517    i.udp_send          udp.o
    0x080176fc   0x080176fc   0x00000118   Code   RO         7518    i.udp_sendto        udp.o
    0x08017814   0x08017814   0x0000011c   Code   RO         7519    i.udp_sendto_if     udp.o
    0x08017930   0x08017930   0x000002c8   Code   RO         7520    i.udp_sendto_if_src  udp.o
    0x08017bf8   0x08017bf8   0x00000038   Code   RO          760    i.usart_init        usart.o
    0x08017c30   0x08017c30   0x000000b0   Code   RO         4617    i.usmart_cmd_rec    usmart.o
    0x08017ce0   0x08017ce0   0x000002d4   Code   RO         4618    i.usmart_exe        usmart.o
    0x08017fb4   0x08017fb4   0x000000d4   Code   RO         4759    i.usmart_get_aparm  usmart_str.o
    0x08018088   0x08018088   0x00000036   Code   RO         4760    i.usmart_get_cmdname  usmart_str.o
    0x080180be   0x080180be   0x00000002   PAD
    0x080180c0   0x080180c0   0x000001c0   Code   RO         4761    i.usmart_get_fname  usmart_str.o
    0x08018280   0x08018280   0x0000010c   Code   RO         4762    i.usmart_get_fparam  usmart_str.o
    0x0801838c   0x0801838c   0x00000028   Code   RO         4684    i.usmart_get_input_string  usmart_port.o
    0x080183b4   0x080183b4   0x00000020   Code   RO         4763    i.usmart_get_parmpos  usmart_str.o
    0x080183d4   0x080183d4   0x00000028   Code   RO         4619    i.usmart_init       usmart.o
    0x080183fc   0x080183fc   0x00000016   Code   RO         4764    i.usmart_pow        usmart_str.o
    0x08018412   0x08018412   0x00000002   PAD
    0x08018414   0x08018414   0x000000a8   Code   RO         4620    i.usmart_scan       usmart.o
    0x080184bc   0x080184bc   0x00000016   Code   RO         4765    i.usmart_search_nextc  usmart_str.o
    0x080184d2   0x080184d2   0x00000106   Code   RO         4766    i.usmart_str2num    usmart_str.o
    0x080185d8   0x080185d8   0x00000022   Code   RO         4767    i.usmart_strcmp     usmart_str.o
    0x080185fa   0x080185fa   0x00000016   Code   RO         4768    i.usmart_strcopy    usmart_str.o
    0x08018610   0x08018610   0x00000018   Code   RO         4769    i.usmart_strlen     usmart_str.o
    0x08018628   0x08018628   0x000006f4   Code   RO         4621    i.usmart_sys_cmd_exe  usmart.o
    0x08018d1c   0x08018d1c   0x00000044   Code   RO         4685    i.usmart_timx_get_time  usmart_port.o
    0x08018d60   0x08018d60   0x00000064   Code   RO         4686    i.usmart_timx_init  usmart_port.o
    0x08018dc4   0x08018dc4   0x00000034   Code   RO         4687    i.usmart_timx_reset_time  usmart_port.o
    0x08018df8   0x08018df8   0x00000028   Code   RO         8714    i.uxListRemove      list.o
    0x08018e20   0x08018e20   0x0000001a   Code   RO         8715    i.vListInitialise   list.o
    0x08018e3a   0x08018e3a   0x00000006   Code   RO         8716    i.vListInitialiseItem  list.o
    0x08018e40   0x08018e40   0x00000034   Code   RO         8717    i.vListInsert       list.o
    0x08018e74   0x08018e74   0x00000018   Code   RO         8718    i.vListInsertEnd    list.o
    0x08018e8c   0x08018e8c   0x00000098   Code   RO         9870    i.vPortEnterCritical  port.o
    0x08018f24   0x08018f24   0x00000080   Code   RO         9871    i.vPortExitCritical  port.o
    0x08018fa4   0x08018fa4   0x000000d8   Code   RO         9802    i.vPortFree         heap_4.o
    0x0801907c   0x0801907c   0x00000028   Code   RO         9872    i.vPortSetupTimerInterrupt  port.o
    0x080190a4   0x080190a4   0x000000b0   Code   RO         9873    i.vPortValidateInterruptPriority  port.o
    0x08019154   0x08019154   0x0000008c   Code   RO         8777    i.vQueueAddToRegistry  queue.o
    0x080191e0   0x080191e0   0x00000058   Code   RO         8778    i.vQueueDelete      queue.o
    0x08019238   0x08019238   0x00000074   Code   RO         8780    i.vQueueUnregisterQueue  queue.o
    0x080192ac   0x080192ac   0x0000004a   Code   RO         8781    i.vQueueWaitForMessageRestricted  queue.o
    0x080192f6   0x080192f6   0x00000002   PAD
    0x080192f8   0x080192f8   0x00000084   Code   RO         9223    i.vTaskDelay        tasks.o
    0x0801937c   0x0801937c   0x00000124   Code   RO         9224    i.vTaskDelete       tasks.o
    0x080194a0   0x080194a0   0x00000018   Code   RO         9228    i.vTaskInternalSetTimeOutState  tasks.o
    0x080194b8   0x080194b8   0x0000000c   Code   RO         9230    i.vTaskMissedYield  tasks.o
    0x080194c4   0x080194c4   0x00000064   Code   RO         9231    i.vTaskPlaceOnEventList  tasks.o
    0x08019528   0x08019528   0x0000008c   Code   RO         9232    i.vTaskPlaceOnEventListRestricted  tasks.o
    0x080195b4   0x080195b4   0x00000138   Code   RO         9234    i.vTaskPriorityDisinheritAfterTimeout  tasks.o
    0x080196ec   0x080196ec   0x000000c4   Code   RO         9240    i.vTaskStartScheduler  tasks.o
    0x080197b0   0x080197b0   0x00000010   Code   RO         9242    i.vTaskSuspendAll   tasks.o
    0x080197c0   0x080197c0   0x000000b8   Code   RO         9243    i.vTaskSwitchContext  tasks.o
    0x08019878   0x08019878   0x00000004   Code   RO         4622    i.write_addr        usmart.o
    0x0801987c   0x0801987c   0x000001ac   Code   RO         9874    i.xPortStartScheduler  port.o
    0x08019a28   0x08019a28   0x00000034   Code   RO         9875    i.xPortSysTickHandler  port.o
    0x08019a5c   0x08019a5c   0x00000022   Code   RO         8784    i.xQueueCreateMutex  queue.o
    0x08019a7e   0x08019a7e   0x00000002   PAD
    0x08019a80   0x08019a80   0x00000090   Code   RO         8786    i.xQueueGenericCreate  queue.o
    0x08019b10   0x08019b10   0x000000fc   Code   RO         8787    i.xQueueGenericReset  queue.o
    0x08019c0c   0x08019c0c   0x000001e4   Code   RO         8788    i.xQueueGenericSend  queue.o
    0x08019df0   0x08019df0   0x00000124   Code   RO         8790    i.xQueueGiveFromISR  queue.o
    0x08019f14   0x08019f14   0x00000074   Code   RO         8791    i.xQueueGiveMutexRecursive  queue.o
    0x08019f88   0x08019f88   0x00000180   Code   RO         8796    i.xQueueReceive     queue.o
    0x0801a108   0x0801a108   0x000001c4   Code   RO         8801    i.xQueueSemaphoreTake  queue.o
    0x0801a2cc   0x0801a2cc   0x00000078   Code   RO         8802    i.xQueueTakeMutexRecursive  queue.o
    0x0801a344   0x0801a344   0x000000cc   Code   RO         9246    i.xTaskCheckForTimeOut  tasks.o
    0x0801a410   0x0801a410   0x00000060   Code   RO         9247    i.xTaskCreate       tasks.o
    0x0801a470   0x0801a470   0x0000000c   Code   RO         9253    i.xTaskGetCurrentTaskHandle  tasks.o
    0x0801a47c   0x0801a47c   0x00000020   Code   RO         9256    i.xTaskGetSchedulerState  tasks.o
    0x0801a49c   0x0801a49c   0x0000000c   Code   RO         9257    i.xTaskGetTickCount  tasks.o
    0x0801a4a8   0x0801a4a8   0x000001e8   Code   RO         9259    i.xTaskIncrementTick  tasks.o
    0x0801a690   0x0801a690   0x00000110   Code   RO         9260    i.xTaskPriorityDisinherit  tasks.o
    0x0801a7a0   0x0801a7a0   0x000000ec   Code   RO         9261    i.xTaskPriorityInherit  tasks.o
    0x0801a88c   0x0801a88c   0x0000014c   Code   RO         9262    i.xTaskRemoveFromEventList  tasks.o
    0x0801a9d8   0x0801a9d8   0x000001a0   Code   RO         9263    i.xTaskResumeAll    tasks.o
    0x0801ab78   0x0801ab78   0x00000080   Code   RO         9643    i.xTimerCreateTimerTask  timers.o
    0x0801abf8   0x0801abf8   0x0000002c   Code   RO        10186    locale$$code        c_w.l(lc_ctype_c.o)
    0x0801ac24   0x0801ac24   0x0000000a   Code   RO        10291    x$fpl$fpinit        fz_wm.l(fpinit.o)
    0x0801ac2e   0x0801ac2e   0x00000018   Data   RO          500    .constdata          system_stm32f4xx.o
    0x0801ac46   0x0801ac46   0x00000002   PAD
    0x0801ac48   0x0801ac48   0x00000018   Data   RO         4855    .constdata          malloc.o
    0x0801ac60   0x0801ac60   0x00000003   Data   RO         5273    .constdata          api_msg.o
    0x0801ac63   0x0801ac63   0x00000001   PAD
    0x0801ac64   0x0801ac64   0x00000044   Data   RO         5460    .constdata          err.o
    0x0801aca8   0x0801aca8   0x00000118   Data   RO         6396    .constdata          memp.o
    0x0801adc0   0x0801adc0   0x00000050   Data   RO         6942    .constdata          tcp.o
    0x0801ae10   0x0801ae10   0x00000024   Data   RO         7435    .constdata          timeouts.o
    0x0801ae34   0x0801ae34   0x00000008   Data   RO         7947    .constdata          ip4_addr.o
    0x0801ae3c   0x0801ae3c   0x0000000c   Data   RO         8067    .constdata          ethernet_1.o
    0x0801ae48   0x0801ae48   0x00000028   Data   RO        10036    .constdata          c_w.l(_printf_hex_int.o)
    0x0801ae70   0x0801ae70   0x00000011   Data   RO        10071    .constdata          c_w.l(__printf_flags_ss_wp.o)
    0x0801ae81   0x0801ae81   0x00000003   PAD
    0x0801ae84   0x0801ae84   0x00000028   Data   RO         4623    .conststring        usmart.o
    0x0801aeac   0x0801aeac   0x000000e0   Data   RO         4734    .conststring        usmart_config.o
    0x0801af8c   0x0801af8c   0x00000041   Data   RO         6234    .conststring        init.o
    0x0801afcd   0x0801afcd   0x00000003   PAD
    0x0801afd0   0x0801afd0   0x000000a4   Data   RO         6397    .conststring        memp.o
    0x0801b074   0x0801b074   0x0000006d   Data   RO         6943    .conststring        tcp.o
    0x0801b0e1   0x0801b0e1   0x00000003   PAD
    0x0801b0e4   0x0801b0e4   0x00000055   Data   RO         7301    .conststring        tcp_out.o
    0x0801b139   0x0801b139   0x00000003   PAD
    0x0801b13c   0x0801b13c   0x00000041   Data   RO         7649    .conststring        etharp.o
    0x0801b17d   0x0801b17d   0x00000003   PAD
    0x0801b180   0x0801b180   0x00000041   Data   RO         7781    .conststring        igmp.o
    0x0801b1c1   0x0801b1c1   0x00000003   PAD
    0x0801b1c4   0x0801b1c4   0x00000020   Data   RO        10377    Region$$Table       anon$$obj.o
    0x0801b1e4   0x0801b1e4   0x00000110   Data   RO        10185    locale$$data        c_w.l(lc_ctype_c.o)


    Execution Region RW_IRAM1 (Exec base: 0x20000000, Load base: 0x0801b2f4, Size: 0x0001dd68, Max: 0x00020000, ABSOLUTE, COMPRESSED[0x000000ac])

    Exec Addr    Load Addr    Size         Type   Attr      Idx    E Section Name        Object

    0x20000000   COMPRESSED   0x00000004   Data   RW          501    .data               system_stm32f4xx.o
    0x20000004   COMPRESSED   0x0000000c   Data   RW          543    .data               freertos_demo.o
    0x20000010   COMPRESSED   0x00000004   Data   RW          640    .data               delay.o
    0x20000014   COMPRESSED   0x00000007   Data   RW          762    .data               usart.o
    0x2000001b   COMPRESSED   0x00000001   PAD
    0x2000001c   COMPRESSED   0x00000009   Data   RW          857    .data               stm32f4xx_hal.o
    0x20000025   COMPRESSED   0x00000003   PAD
    0x20000028   COMPRESSED   0x00000010   Data   RW         4543    .data               ethernet.o
    0x20000038   COMPRESSED   0x0000001c   Data   RW         4624    .data               usmart.o
    0x20000054   COMPRESSED   0x00000124   Data   RW         4735    .data               usmart_config.o
    0x20000178   COMPRESSED   0x0000001c   Data   RW         4856    .data               malloc.o
    0x20000194   COMPRESSED   0x00000004   Data   RW         5677    .data               sockets.o
    0x20000198   COMPRESSED   0x00000010   Data   RW         5980    .data               tcpip.o
    0x200001a8   COMPRESSED   0x00000010   Data   RW         6324    .data               mem.o
    0x200001b8   COMPRESSED   0x00000038   Data   RW         6398    .data               memp.o
    0x200001f0   COMPRESSED   0x00000009   Data   RW         6510    .data               netif.o
    0x200001f9   COMPRESSED   0x00000003   PAD
    0x200001fc   COMPRESSED   0x00000020   Data   RW         6944    .data               tcp.o
    0x2000021c   COMPRESSED   0x00000028   Data   RW         7216    .data               tcp_in.o
    0x20000244   COMPRESSED   0x0000000c   Data   RW         7436    .data               timeouts.o
    0x20000250   COMPRESSED   0x00000008   Data   RW         7521    .data               udp.o
    0x20000258   COMPRESSED   0x00000001   Data   RW         7650    .data               etharp.o
    0x20000259   COMPRESSED   0x00000003   PAD
    0x2000025c   COMPRESSED   0x00000008   Data   RW         7782    .data               igmp.o
    0x20000264   COMPRESSED   0x00000008   Data   RW         7888    .data               ip4.o
    0x2000026c   COMPRESSED   0x00000006   Data   RW         8007    .data               ip4_frag.o
    0x20000272   COMPRESSED   0x00000002   PAD
    0x20000274   COMPRESSED   0x00000004   Data   RW         8097    .data               ethernetif.o
    0x20000278   COMPRESSED   0x00000004   Data   RW         8308    .data               sys_arch.o
    0x2000027c   COMPRESSED   0x00000028   Data   RW         8452    .data               lwip_demo.o
    0x200002a4   COMPRESSED   0x00000040   Data   RW         9266    .data               tasks.o
    0x200002e4   COMPRESSED   0x00000014   Data   RW         9652    .data               timers.o
    0x200002f8   COMPRESSED   0x00000020   Data   RW         9808    .data               heap_4.o
    0x20000318   COMPRESSED   0x0000000c   Data   RW         9876    .data               port.o
    0x20000324        -       0x0000010c   Zero   RW          761    .bss                usart.o
    0x20000430        -       0x00000020   Zero   RW         3918    .bss                stm32f4xx_hal_flash.o
    0x20000450        -       0x0000005e   Zero   RW         4278    .bss                lcd.o
    0x200004ae   COMPRESSED   0x00000002   PAD
    0x200004b0        -       0x00000048   Zero   RW         4542    .bss                ethernet.o
    0x200004f8        -       0x00000048   Zero   RW         4688    .bss                usmart_port.o
    0x20000540        -       0x00007f80   Zero   RW         4854    .bss                malloc.o
    0x200084c0        -       0x00000070   Zero   RW         5676    .bss                sockets.o
    0x20008530        -       0x00000018   Zero   RW         6302    .bss                ip.o
    0x20008548        -       0x00004013   Zero   RW         6323    .bss                mem.o
    0x2000c55b        -       0x00008a1a   Zero   RW         6395    .bss                memp.o
    0x20014f75   COMPRESSED   0x00000003   PAD
    0x20014f78        -       0x00000014   Zero   RW         7215    .bss                tcp_in.o
    0x20014f8c        -       0x000000f0   Zero   RW         7648    .bss                etharp.o
    0x2001507c        -       0x00000058   Zero   RW         8170    .bss                lwip_comm.o
    0x200150d4        -       0x00000400   Zero   RW         8451    .bss                lwip_demo.o
    0x200154d4        -       0x00000040   Zero   RW         8803    .bss                queue.o
    0x20015514        -       0x000002e4   Zero   RW         9265    .bss                tasks.o
    0x200157f8        -       0x00000028   Zero   RW         9651    .bss                timers.o
    0x20015820        -       0x00008000   Zero   RW         9807    .bss                heap_4.o
    0x2001d820        -       0x000000e4   Zero   RW        10083    .bss                c_w.l(rand.o)
    0x2001d904        -       0x00000060   Zero   RW        10245    .bss                c_w.l(libspace.o)
    0x2001d964   COMPRESSED   0x00000004   PAD
    0x2001d968        -       0x00000000   Zero   RW            2    HEAP                startup_stm32f407xx.o
    0x2001d968        -       0x00000400   Zero   RW            1    STACK               startup_stm32f407xx.o



  Load Region LR$$.ARM.__AT_0x10000000 (Base: 0x10000000, Size: 0x00000000, Max: 0x0000f000, ABSOLUTE)

    Execution Region ER$$.ARM.__AT_0x10000000 (Exec base: 0x10000000, Load base: 0x10000000, Size: 0x0000f000, Max: 0x0000f000, ABSOLUTE, UNINIT)

    Exec Addr    Load Addr    Size         Type   Attr      Idx    E Section Name        Object

    0x10000000        -       0x0000f000   Zero   RW         4852    .ARM.__AT_0x10000000  malloc.o



  Load Region LR$$.ARM.__AT_0x1000F000 (Base: 0x1000f000, Size: 0x00000000, Max: 0x00000f00, ABSOLUTE)

    Execution Region ER$$.ARM.__AT_0x1000F000 (Exec base: 0x1000f000, Load base: 0x1000f000, Size: 0x00000f00, Max: 0x00000f00, ABSOLUTE, UNINIT)

    Exec Addr    Load Addr    Size         Type   Attr      Idx    E Section Name        Object

    0x1000f000        -       0x00000f00   Zero   RW         4853    .ARM.__AT_0x1000F000  malloc.o


==============================================================================

Image component sizes


      Code (inc. data)   RO Data    RW Data    ZI Data      Debug   Object Name

      2584        928          0          0          0      62587   api_lib.o
      7046       2692          3          0          0      43391   api_msg.o
        38          0          0          0          0       1274   def.o
       172          8          0          4          0       2985   delay.o
        32          6         68          0          0       7515   err.o
      3864       1058         65          1        240      13279   etharp.o
      1000         62          0         16         72       6512   ethernet.o
       472        142         12          0          0       3038   ethernet_1.o
       968        174          0          4          0       9238   ethernetif.o
         0          0          0          0          0      12388   event_groups.o
       848        334          0         12          0      20746   freertos_demo.o
       848        218          0         32      32768       4735   heap_4.o
      1052        326          0          0          0       5366   icmp.o
         0          0          0          0          0       6665   if_api.o
      2648        942         65          8          0      16745   igmp.o
       200          0          0          0          0       3120   inet_chksum.o
       156         84         65          0          0       6527   init.o
         0          0          0          0         24       3358   ip.o
      1460        184          0          8          0       8668   ip4.o
       630        106          8          0          0      13099   ip4_addr.o
      3502       1110          0          6          0      13546   ip4_frag.o
        56         10          0          0         94       6028   lcd.o
       148         10          0          0          0       1111   led.o
       148          0          0          0          0       3954   list.o
      1708        340          0          0         88      24061   lwip_comm.o
      1782        514          0         40       1024      18537   lwip_demo.o
       256         88          0          0          0     749438   main.o
       484         54         24         28      97920       7357   malloc.o
      2644       1062          0         16      16403      10153   mem.o
       612        310        444         56      35354      12012   memp.o
       212         54          0          0          0      11931   netbuf.o
      1788        600          0          9          0      18779   netif.o
      4010       1722          0          0          0      18696   pbuf.o
      1338        472          0         12          0      12161   port.o
      3356        662          0          0         64      24026   queue.o
      5590       1096          0          4        112      46461   sockets.o
        76         28        392          0       1024       1056   startup_stm32f407xx.o
       214         38          0          9          0      11350   stm32f4xx_hal.o
       344         22          0          0          0      35817   stm32f4xx_hal_cortex.o
       210          0          0          0          0       2231   stm32f4xx_hal_dma.o
      2882         50          0          0          0      18278   stm32f4xx_hal_eth.o
       324         38          0          0         32       3206   stm32f4xx_hal_flash.o
        92          6          0          0          0        813   stm32f4xx_hal_flash_ex.o
       548         46          0          0          0       3129   stm32f4xx_hal_gpio.o
      1820         84          0          0          0       6264   stm32f4xx_hal_rcc.o
       488         76          0          0          0       3720   stm32f4xx_hal_tim.o
      1796         16          0          0          0      11076   stm32f4xx_hal_uart.o
        20          0          0          0          0       3313   stm32f4xx_it.o
       204         12          0          0          0       6739   sys.o
      3034       1708          0          4          0      14009   sys_arch.o
        20          6         24          4          0       1615   system_stm32f4xx.o
      4522       1112          0         64        740      39931   tasks.o
      8036       3220        189         32          0      44955   tcp.o
      7832       1942          0         40         20      22435   tcp_in.o
     10306       3978         85          0          0      35966   tcp_out.o
      1084        542          0         16          0      10993   tcpip.o
      1024        468         36         12          0       8363   timeouts.o
      1082        214          0         20         40      12608   timers.o
      2950        994          0          8          0      16030   udp.o
       468         58          0          7        268       6924   usart.o
      2898       1308         40         28          0       6766   usmart.o
         0          0        224        292          0       1792   usmart_config.o
       328         50          0          0         72       4086   usmart_port.o
      1400         20          0          0          0      10429   usmart_str.o

    ----------------------------------------------------------------------
    105736      31404       1794        804     186364    1573381   Object Totals
         0          0         32          0          0          0   (incl. Generated)
        82          0         18         12          5          0   (incl. Padding)

    ----------------------------------------------------------------------

      Code (inc. data)   RO Data    RW Data    ZI Data      Debug   Library Member Name

        90          0          0          0          0          0   __dczerorl2.o
         8          0          0          0          0         68   __main.o
       392          4         17          0          0         92   __printf_flags_ss_wp.o
        14          0          0          0          0         68   __printf_wp.o
         0          0          0          0          0          0   __rtentry.o
        12          0          0          0          0          0   __rtentry2.o
         6          0          0          0          0          0   __rtentry4.o
        52          8          0          0          0          0   __scatter.o
        28          0          0          0          0          0   __scatter_zi.o
        28          0          0          0          0         68   _chval.o
         6          0          0          0          0          0   _printf_c.o
        44          0          0          0          0        108   _printf_char.o
        48          6          0          0          0         96   _printf_char_common.o
        36          4          0          0          0         80   _printf_char_file.o
         6          0          0          0          0          0   _printf_d.o
       120         16          0          0          0         92   _printf_dec.o
        88          4         40          0          0         88   _printf_hex_int.o
       178          0          0          0          0         88   _printf_intcommon.o
        78          0          0          0          0        108   _printf_pad.o
         0          0          0          0          0          0   _printf_percent.o
         4          0          0          0          0          0   _printf_percent_end.o
         6          0          0          0          0          0   _printf_s.o
        82          0          0          0          0         80   _printf_str.o
         6          0          0          0          0          0   _printf_u.o
         6          0          0          0          0          0   _printf_x.o
        10          0          0          0          0         68   _sputc.o
       158          0          0          0          0         92   _strtoul.o
        16          0          0          0          0         68   aeabi_memset.o
        26          0          0          0          0         80   atoi.o
        10          0          0          0          0         68   defsig_exit.o
        50          0          0          0          0         88   defsig_general.o
        80         58          0          0          0         76   defsig_rtmem_inner.o
        14          0          0          0          0         80   defsig_rtmem_outer.o
        18          0          0          0          0         80   exit.o
         8          0          0          0          0         68   ferror.o
        94          0          0          0          0         80   h1_alloc.o
        52          0          0          0          0         68   h1_extend.o
        78          0          0          0          0         80   h1_free.o
        14          0          0          0          0         84   h1_init.o
         6          0          0          0          0        152   heapauxi.o
         4          0          0          0          0        136   hguard.o
       138          0          0          0          0        168   init_alloc.o
        44         10        272          0          0         76   lc_ctype_c.o
         2          0          0          0          0          0   libinit.o
        36          0          0          0          0          0   libinit2.o
         2          0          0          0          0          0   libshutdown.o
         2          0          0          0          0          0   libshutdown2.o
         8          4          0          0         96         68   libspace.o
       238          0          0          0          0        100   lludivv7m.o
         0          0          0          0          0          0   maybetermalloc1.o
        88          0          0          0          0         76   memcmp.o
        24          4          0          0          0         84   noretval__2printf.o
        40          6          0          0          0         84   noretval__2sprintf.o
       112         18          0          0        228        160   rand.o
        16          4          0          0          0         76   rt_ctype_table.o
         8          4          0          0          0         68   rt_errno_addr_intlibspace.o
         8          4          0          0          0         68   rt_heap_descriptor_intlibspace.o
         8          4          0          0          0         68   rt_locale_intlibspace.o
        68          0          0          0          0         68   rt_memclr.o
        78          0          0          0          0         80   rt_memclr_w.o
       138          0          0          0          0         68   rt_memcpy_v6.o
       100          0          0          0          0         80   rt_memcpy_w.o
         2          0          0          0          0          0   rtexit.o
        10          0          0          0          0          0   rtexit2.o
       128          0          0          0          0         68   strcmpv7m.o
       112          0          0          0          0         88   strtol.o
        74          0          0          0          0         80   sys_stackheap_outer.o
         2          0          0          0          0         68   use_no_semi.o
         2          0          0          0          0         68   use_no_semi_2.o
        10          0          0          0          0        116   fpinit.o

    ----------------------------------------------------------------------
      3486        158        332          0        328       4284   Library Totals
        12          0          3          0          4          0   (incl. Padding)

    ----------------------------------------------------------------------

      Code (inc. data)   RO Data    RW Data    ZI Data      Debug   Library Name

      3464        158        329          0        324       4168   c_w.l
        10          0          0          0          0        116   fz_wm.l

    ----------------------------------------------------------------------
      3486        158        332          0        328       4284   Library Totals

    ----------------------------------------------------------------------

==============================================================================


      Code (inc. data)   RO Data    RW Data    ZI Data      Debug   

    109222      31562       2126        804     186692    1522821   Grand Totals
    109222      31562       2126        172     186692    1522821   ELF Image Totals (compressed)
    109222      31562       2126        172          0          0   ROM Totals

==============================================================================

    Total RO  Size (Code + RO Data)               111348 ( 108.74kB)
    Total RW  Size (RW Data + ZI Data)            187496 ( 183.10kB)
    Total ROM Size (Code + RO Data + RW Data)     111520 ( 108.91kB)

==============================================================================

